bun test v1.4.2 (744846f84)

src/sidecar/capability-predicate.test.ts:
(pass) #611 servesCapability answers all three terms > yes when connected, advertised and not unavailable [0.18ms]
(pass) #611 servesCapability answers all three terms > no when disconnected, whatever it advertises [0.17ms]
(pass) #611 servesCapability answers all three terms > no for a capability it does not advertise [0.06ms]
(pass) #611 servesCapability answers all three terms > no when advertised but reported unavailable [0.53ms]
(pass) #611 servesCapability answers all three terms > FAIL-CLOSED on an absent capabilities array [0.10ms]
(pass) #611 servesCapability answers all three terms > a missing connected flag is not a connected sidecar [0.13ms]
(pass) #611 servesCapability answers all three terms > it answers exactly what the copies it replaced answered, and what the router answers [6.74ms]
(pass) #611 the leaf stays a leaf, and its caller stays assertable alone > capability-predicate.ts imports nothing at all [2.23ms]
(pass) #611 the leaf stays a leaf, and its caller stays assertable alone > capability-predicate.ts has no runtime requires or dynamic imports either [0.45ms]
(pass) #611 the leaf stays a leaf, and its caller stays assertable alone > pebble-narration.ts imports only this leaf [0.83ms]
(pass) #611 the leaf stays a leaf, and its caller stays assertable alone > pebble-narration.ts has no dynamic imports [0.38ms]
(pass) #611 no copy of the predicate is left in the files that moved > ../daemon/pebble-narration.ts has no hand-rolled capability test of any shape [0.66ms]
(pass) #611 no copy of the predicate is left in the files that moved > ../daemon/pebble-narration.ts routes the question through the shared predicate exactly once [0.54ms]
(pass) #611 no copy of the predicate is left in the files that moved > ../actions/browser/remote-element-point.ts has no hand-rolled capability test of any shape [0.16ms]
(pass) #611 no copy of the predicate is left in the files that moved > ../actions/browser/remote-element-point.ts routes the question through the shared predicate exactly once [0.15ms]
(pass) #611 the record of the remaining copies is complete and enforced > it names every site that still holds its own version [0.23ms]
(pass) #611 the record of the remaining copies is complete and enforced > it keeps flagging the one copy whose semantics differ [0.24ms]
(pass) #611 the record of the remaining copies is complete and enforced > it states the drift rule in the non-inverted direction [0.25ms]
(pass) #611 no seventh copy appears elsewhere in the tree > every file touching unavailable_capabilities is one we know about [87.53ms]

 19 pass
 0 fail
 637 expect() calls
Ran 19 tests across 1 file. [182.00ms]
