bun test v1.4.2 (744846f84)
[WebSocketServer] Started on unix:/tmp/jarvis-f15-http-jdRxcp/api.sock (no TCP port bound)
[WebSocketServer] Stopped

src/daemon/api-brief-goal-measurements.test.ts:
(pass) missing, wrong, disabled and unavailable providers gate every measurement route [31.19ms]
(pass) read, write, receipt recovery and legacy goal routes agree on recorded measurement and progress [22.91ms]
(pass) bad shapes, forged qualification, malformed bytes, oversized bodies and query injection cannot write [13.87ms]
(pass) authenticated HTTP requires a session for reads and writes, then recovers the same measurement receipt [35.97ms]
(pass) work result checks refuse a conflicting score clearly and can complete without changing measured progress [16.35ms]

src/goals/measurements.test.ts:
(pass) a legacy 0.6 score never becomes six partners, including a numeric title [332.32ms]
(pass) six of ten persists as an absolute user report, with matching score, history and evidence [307.32ms]
(pass) configured unknown remains unknown, while observed zero is a real measurement [363.93ms]
(pass) exact replay survives restart and newer measurements without rewriting history or score [318.65ms]
(pass) same request with a different payload, stale revisions and duplicate evidence cannot write [308.52ms]
(pass) earlier and equal measurement times cannot supersede a later report or erase its value [312.82ms]
(pass) a fresh negative correction lowers absolute progress once, without negative deltas being added [472.43ms]
(pass) absolute mapping 5 -> 15 at 6 preserves the count and clamps only score [401.28ms]
(pass) absolute mapping 100 -> 0 at 60 preserves the count and clamps only score [338.09ms]
(pass) absolute mapping 0 -> 10 at 12 preserves the count and clamps only score [291.51ms]
(pass) absolute mapping 0 -> 10 at -2 preserves the count and clamps only score [320.07ms]
(pass) child reports, shared evidence, corrections and deletion never add to a parent total [362.68ms]
(pass) measurement-backed goals reject legacy manual/tool/work-result scoring, not ordinary goal edits [403.72ms]
(pass) validation refuses malformed, inferred and future-dated claims atomically [330.52ms]
(pass) event persistence failure rolls back snapshot, score, history and idempotency receipt [308.75ms]
(pass) outer transaction rollback leaves no measurement, events or score [297.07ms]
(pass) old schema migration is additive and repeatable without inferring any goal counts [274.12ms]
(pass) replaced vault connections make old providers unavailable [306.26ms]
(pass) two independent writers cannot commit different measurements from the same revision [438.41ms]
[Goals] Event delivery deferred: f1080fdd-88f0-4557-ba8b-6ed81db9056f
(pass) event sink failure after commit preserves a recoverable receipt and later event delivery [375.57ms]
(pass) health refresh cannot reuse the previous canonical goal revision within one clock tick [407.99ms]

 26 pass
 0 fail
 185 expect() calls
Ran 26 tests across 2 files. [7.52s]
