bun test v1.4.2 (744846f84)

ui/src/brief/workflows/canvas/canvas.test.tsx:
(pass) mount boundary requires capability, exact selected identity and matching source [14.23ms]
(pass) version pin rejects another latest draft before the hook can edit it [6.79ms]
(pass) real graph edits serialize branch, loop, nested orphan settings and positions [4.01ms]
(pass) delete and undo restore one subtree and preserve its settings [3.55ms]
(pass) actual sample input/output paths remain separate from production configured input [3.33ms]
(pass) a published version creates a draft on save instead of patching a locked version [16.68ms]
(pass) discard restores authored settings without losing a different scope [3.34ms]
(pass) preview rejects execution and installation rather than falling through to network [0.77ms]
(pass) detached chains extend with global IDs and delete only the chosen step [4.33ms]
(pass) discard restores the saved workflow name, not the edited version object [2.78ms]
(pass) detached descendant names are reserved when creating piece [4.87ms]
(pass) detached descendant names are reserved when creating control-flow [3.23ms]
(pass) detached descendant names are reserved when creating error-handler [3.86ms]
(pass) a positioned detached child keeps its location on promotion, moves, saves and undoes [4.99ms]
(pass) moving an orphan root retires a stale saved descendant override [2.19ms]

ui/src/v2/rooms/workflows/useSampleDraftText.test.tsx:
(pass) input: compact saved JSON stays saved after changing nodes [4.18ms]
(pass) output: compact saved JSON stays saved after changing nodes [2.19ms]
(pass) a late save acknowledges only its submitted value after the editor remounts [4.00ms]
(pass) invalid and distinct input/output drafts survive inspector remounts [3.36ms]

 19 pass
 0 fail
 89 expect() calls
Ran 19 tests across 2 files. [381.00ms]
