# Verdict-only evidence; fixture payloads and diagnostic output omitted.
bun test v1.4.2 (744846f84)
(pass) authenticated WebSocket routing gates the feature, scopes approvals and preserves legacy mirroring (progress=false) [112.86ms]
(pass) authenticated WebSocket routing gates the feature, scopes approvals and preserves legacy mirroring (progress=true) [51.96ms]
(pass) classic scoped AgentService streams never read or mutate the shared primary history [22.24ms]
(pass) a cancelled classic turn cannot dispatch a late tool call [19.94ms]
(pass) router-first AgentService uses explicit history and compaction identity instead of channel history [33.11ms]
(pass) router task progress and cancellation stay with their conversation during concurrent delegation [24.09ms]
(pass) task-tier cancellation reaches the in-flight model request [19.00ms]
(pass) cancelling real specialist delegation aborts its model and frees the next conversation [39.27ms]
(pass) voice_start under a plan-excluded hosted realtime config > a WAV-mode utterance opens the standard accumulator without touching the gate [0.34ms]
(pass) voice_start under a plan-excluded hosted realtime config > a WAV utterance still transcribes AFTER a cached refusal (the pr6#1 outage) [1.75ms]
(pass) voice_start under a plan-excluded hosted realtime config > a PCM refusal opens NO standard session (headerless frames are not WAV) [0.30ms]
(pass) voice_start under a plan-excluded hosted realtime config > a mode-less (older client) voice_start fails OPEN to the standard pipeline [0.21ms]
(pass) voice_start under a plan-excluded hosted realtime config > frames arriving mid-gate are buffered and seed the fallback accumulator [1.59ms]
(pass) disconnect during the gate window > no realtime session is created for a socket that left mid-gate [1.56ms]
(pass) voice_start when the daemon cannot resolve realtime > a PCM client is told the session is closed instead of feeding the WAV pipeline [0.24ms]
(pass) voice_start when the daemon cannot resolve realtime > a mode-less client still falls open to the standard pipeline [0.13ms]
(pass) realtime output on the dashboard socket > is tagged so the dashboard can tell it from encoded TTS [1.75ms]
(pass) proactive TTS and live realtime sessions > cancellation during synthesis prevents audio delivery and remains a failed delivery [5.28ms]
(pass) proactive TTS and live realtime sessions > a socket whose model is answering gets no clip; the others get all of it [0.57ms]
(pass) proactive TTS and live realtime sessions > a socket whose user is talking into the session gets no clip [0.18ms]
(pass) proactive TTS and live realtime sessions > a session left open with no turn in progress still gets proactive voice [0.26ms]
(pass) mic frames on a socket with a realtime session > a WAV upload opened beside the session keeps its frames [0.18ms]
(pass) mic frames on a socket with a realtime session > realtime mic frames go to the session and mark the user as talking [0.23ms]
(pass) mic frames on a socket with a realtime session > frames still arriving after a PCM refusal are dropped without a warning each [0.23ms]
(pass) closing a realtime session > a quiet close ends the session without a closed status [0.23ms]
(pass) isVoiceStopCommand > accepts stop-only voice controls without matching ordinary requests [0.13ms]
(pass) cleanupPerSocketMaps > removes the disconnecting socket from voiceSessions and interviewSessions, and sweeps pendingVoiceConfirmations entries that reference it [0.13ms]
(pass) cleanupPerSocketMaps > disconnecting a socket that was never tracked is a complete no-op (no throw, no false-positive deletes) [0.06ms]
(pass) cleanupPerSocketMaps > a socket present in only one of the three maps still cleans up just that one (no all-or-nothing semantics) [0.04ms]
(pass) sweepExpiredVoiceConfirmations > removes only entries strictly older than the TTL [0.15ms]
(pass) sweepExpiredVoiceConfirmations > returns the originating ws alongside each expired id so the caller can notify the client [0.08ms]
(pass) sweepExpiredVoiceConfirmations > an empty map sweeps cleanly (no throw, empty result) [0.02ms]
(pass) sweepExpiredVoiceConfirmations > a TTL of 0 expires literally everything (degenerate but well-defined) [0.05ms]
(pass) sweepExpiredVoiceConfirmations > does not allocate a notify list when nothing is expired (cheap fast path) [0.04ms]
(pass) the real classic model loop reports actual tool failure and never proposed calls or raw provider text as activity [18.22ms]
(pass) scoped model dispatch preserves site context and conversation (attachments=false) [17.40ms]
(pass) scoped model dispatch preserves site context and conversation (attachments=true) [16.02ms]
(pass) attachments reach the real classic model path with isolated history and tool taint [90.87ms]
(pass) attachments reach the real router-first model path with isolated history and tool taint [77.10ms]
(pass) real transport and classic AgentService preserve packed provenance across two chats and replay [43.93ms]
(pass) real transport and router-first AgentService preserve packed provenance across two chats and replay [28.75ms]
(pass) packer emits only successfully appended IDs; omitted facts are selected but never supplied [503.98ms]
(pass) actual chat provider handoff records once across duplicate calls [427.91ms]
(pass) actual chatTier provider handoff records once across duplicate calls [515.13ms]
(pass) actual stream provider handoff records once across duplicate calls [421.69ms]
(pass) actual streamTier provider handoff records once across duplicate calls [505.39ms]
(pass) zero budget, removed blocks and user text cannot manufacture supply [398.24ms]
(pass) known role delimiter transformation preserves manifest supply without parsing IDs [481.40ms]
(pass) interleaved chats cannot borrow another turn's packed manifest [499.87ms]
(pass) delete between packing and dispatch refuses stale context, preserves truthful history [589.39ms]
(pass) correct between packing and dispatch refuses stale context, preserves truthful history [451.18ms]
(pass) expire between packing and dispatch refuses stale context, preserves truthful history [583.69ms]
(pass) supplied history survives correction, deletion and restart with old revisions and no copied content [491.19ms]
(pass) retry after provider failure deduplicates supply, and success never creates outcome verification [443.52ms]
(pass) disabled and unscoped retrieval create no invented usage [445.74ms]
(pass) cancelled turns and foreign workspaces cannot append provenance [438.87ms]
(pass) age and row retention bound storage, advance coverage, and oversized summaries are unavailable [389.39ms]
(pass) stream uses real ledger coverage; selected-only is unavailable and supplied filters by exact conversation [476.91ms]
(pass) a closed/replaced vault cannot be used through a retained ledger [479.41ms]
(pass) no automatic writer may promote supply to outcome-verified evidence [442.22ms]
(pass) Vault — User Profile > save + load persists normalized answers [22.14ms]
(pass) Vault — User Profile > clear removes saved profile [15.88ms]
(pass) Vault — User Profile > save syncs profile answers into the vault knowledge base [18.02ms]
(pass) Vault — User Profile > save derives alias facts from free-form profile answers [26.48ms]
(pass) Vault — User Profile > prompt formatter includes answered fields only [15.70ms]
(pass) Vault — User Profile > prompt formatter indents multiline answers to keep them contained [14.79ms]
(pass) Vault Extractor > buildExtractionPrompt > should build prompt with user and assistant messages [15.74ms]
(pass) Vault Extractor > parseExtractionResponse > should parse valid JSON response [15.59ms]
(pass) Vault Extractor > parseExtractionResponse > should handle markdown code blocks [19.66ms]
(pass) Vault Extractor > parseExtractionResponse > should return empty result on invalid JSON [16.93ms]
(pass) Vault Extractor > parseExtractionResponse > should handle missing fields [17.46ms]
(pass) Vault Extractor > extractAndStore > should return empty result when no provider given [16.62ms]
(pass) Vault Extractor > extractAndStore > should extract and store entities [17.48ms]
(pass) Vault Extractor > extractAndStore > should extract and store facts [24.08ms]
(pass) Vault Extractor > extractAndStore > should extract and store relationships [17.58ms]
(pass) Vault Extractor > extractAndStore > should extract and store commitments [17.61ms]
(pass) Vault Extractor > extractAndStore > should reuse existing entities [17.48ms]
(pass) Vault Extractor > extractAndStore > should handle invalid entity types [13.68ms]
(pass) Vault Extractor > extractAndStore user profile dedup > maps extracted entity sharing the profile name to the profile entity [16.31ms]
(pass) Vault Extractor > extractAndStore user profile dedup > maps entities flagged is_current_user/is_user (boolean or string) to the profile entity [18.40ms]
(pass) Vault Extractor > extractAndStore user profile dedup > prefers the profile entity even when a newer same-name duplicate exists [17.38ms]
(pass) Vault Extractor > extractAndStore user profile dedup > drops user-representing entities when no profile exists instead of creating ghosts [16.26ms]
(pass) Vault Extractor > extractAndStore user profile dedup > still creates unrelated entities normally alongside a profile [18.54ms]
(pass) Vault Extractor > extractAndStore user profile dedup > never resolves a conversation entity to a goal completion record [19.93ms]
(pass) governed workflow asks record run/workflow/revision/purpose, and effect replay appends nothing [35.11ms]
(pass) explicit system override skips retrieval and cannot claim memory was supplied [22.17ms]
(pass) pending Authority approval cannot record selected or supplied context [24.47ms]
 87 pass
 0 fail
 400 expect() calls
Ran 87 tests across 11 files. [8.86s]
