(pass) Forget removes only the selected fact and evidence, keeps content-free history and invalidates a cursor [501.64ms]
(pass) same automatic source revision stays suppressed across restart; unrelated assertions and new source survive [711.78ms]
(pass) explicit later correction can create new information without erasing the old tombstone [670.57ms]
(pass) correction racing a confirmation conflicts in either ordering and never forgets the replacement [462.24ms]
(pass) idempotency is stable and a reused request cannot delete another fact [659.80ms]
(pass) a failed deletion rolls back suppression and receipt atomically [464.33ms]
(pass) tombstone capacity refuses the mutation without silently evicting suppression [617.31ms]
(pass) profile re-sync skips forgotten projection and withholds its original source field from model prompts [568.62ms]
(pass) derived profile aliases cannot return from an unrelated profile save [639.69ms]
(pass) real extractor replay cannot revive forgotten facts with different confidence or quote selection [768.71ms]
(pass) goal completion replays skip only the forgotten performance fact [498.65ms]
(pass) previous usage is explicitly forgotten without deleting immutable event evidence [429.04ms]
(pass) Forget fences prepared conversation context even with usage logging disabled [448.34ms]
(pass) Forget fences prepared workflow context even with usage logging disabled [504.86ms]
(pass) disabled, foreign-vault and malformed commands never mutate facts [451.82ms]
(pass) migrated unknown provenance stays suppressed, including profile prompts, after restart [529.29ms]
(pass) disabling new Forget actions cannot turn off existing suppression [373.60ms]
(pass) profile context prepared before Forget cannot escape through a later handoff [317.46ms]
(pass) legacy async stream retains its recall scope after preparation returns [340.45ms]
(pass) canonical later input can repeat identical words while old input replay remains forgotten [473.05ms]
(fail) a changed-back profile answer is new input, while later unrelated saves stay suppressed [416.28ms]
(fail) removing and re-entering a profile field restores its derived alias as a fresh revision [470.44ms]
(fail) canonical profile correction back to a forgotten answer restores the prompt too [590.84ms]
(fail) old profile provenance (unknown=false) stays suppressed until its field is explicitly edited [387.31ms]
(fail) old profile provenance (unknown=true) stays suppressed until its field is explicitly edited [402.00ms]
(fail) restored profile input cannot authorize a context prepared before the original Forget [375.94ms]
(fail) scoped extraction remains forgotten on unscoped replay after restart and repeated Forget [445.64ms]
(fail) re-ingestion enriches existing scoped evidence with its durable replay alias without duplicating it [405.87ms]
 20 pass
 8 fail
 98 expect() calls
Ran 28 tests across 1 file. [13.99s]
