(pass) prepare and cancel do not mutate; confirmed POST and repeated POST return the same content-free receipt [109.92ms]
(pass) unknown, stale, malformed, oversized and ambiguous requests cannot delete [31.07ms]
(pass) missing, mismatched, disabled and foreign-vault providers fail closed without depending on F18 activation [49.00ms]
(pass) Forget GET and POST require real HTTP panel authentication [78.70ms]
(pass) real classic legacy AgentService refuses forgotten prepared profile and rebuilds next turn [66.44ms]
(pass) real router-first legacy AgentService refuses forgotten prepared profile and rebuilds next turn [110.91ms]
(pass) new realtime instructions withhold a forgotten profile name while retaining separate configured identity [34.91ms]
(pass) Forget removes only the selected fact and evidence, keeps content-free history and invalidates a cursor [646.40ms]
(pass) same automatic source revision stays suppressed across restart; unrelated assertions and new source survive [631.96ms]
(pass) explicit later correction can create new information without erasing the old tombstone [781.43ms]
(pass) correction racing a confirmation conflicts in either ordering and never forgets the replacement [497.59ms]
(pass) idempotency is stable and a reused request cannot delete another fact [658.59ms]
(pass) a failed deletion rolls back suppression and receipt atomically [548.67ms]
(pass) tombstone capacity refuses the mutation without silently evicting suppression [864.43ms]
(pass) profile re-sync skips forgotten projection and withholds its original source field from model prompts [539.81ms]
(pass) derived profile aliases cannot return from an unrelated profile save [489.44ms]
(pass) real extractor replay cannot revive forgotten facts with different confidence or quote selection [572.32ms]
(pass) goal completion replays skip only the forgotten performance fact [601.71ms]
(pass) previous usage is explicitly forgotten without deleting immutable event evidence [692.15ms]
(pass) Forget fences prepared conversation context even with usage logging disabled [806.24ms]
(pass) Forget fences prepared workflow context even with usage logging disabled [527.14ms]
(pass) disabled, foreign-vault and malformed commands never mutate facts [483.72ms]
(pass) migrated unknown provenance stays suppressed, including profile prompts, after restart [840.95ms]
(pass) disabling new Forget actions cannot turn off existing suppression [629.34ms]
(pass) profile context prepared before Forget cannot escape through a later handoff [614.95ms]
(pass) legacy async stream retains its recall scope after preparation returns [564.44ms]
(pass) canonical later input can repeat identical words while old input replay remains forgotten [645.92ms]
(pass) a changed-back profile answer is new input, while later unrelated saves stay suppressed [592.09ms]
(pass) removing and re-entering a profile field restores its derived alias as a fresh revision [566.83ms]
(pass) canonical profile correction back to a forgotten answer restores the prompt too [580.78ms]
(pass) old profile provenance (unknown=false) stays suppressed until its field is explicitly edited [506.53ms]
(pass) old profile provenance (unknown=true) stays suppressed until its field is explicitly edited [542.77ms]
(pass) restored profile input cannot authorize a context prepared before the original Forget [587.80ms]
(pass) scoped extraction remains forgotten on unscoped replay after restart and repeated Forget [553.40ms]
(pass) re-ingestion enriches existing scoped evidence with its durable replay alias without duplicating it [557.02ms]
 35 pass
 0 fail
 194 expect() calls
Ran 35 tests across 3 files. [18.00s]
