(pass) authenticated contract prepares a complete list, removes, recovers request and restores paused [75.31ms]
(pass) malformed, oversized, cross-scope, stale and conflicting commands do not mutate [70.65ms]
(pass) missing, mismatched, unconfigured, disabled and foreign-vault providers fail closed [120.05ms]
(pass) all three routes enforce real panel authentication over a Unix socket [89.18ms]
(pass) remove, reload and reverse-order Undo retain exact identities, history and original slots paused [1269.03ms]
(pass) only later explicit enable changes restored activation, using canonical readiness [1100.39ms]
(pass) complete stable collection includes more than the legacy first page and refuses overflow [1764.68ms]
(pass) new workflows keep their new slot while Undo returns removed workflows to the same neighbors [1090.05ms]
(pass) expired receipt cannot restore, including after restart; no hard purge is performed [1100.13ms]
(pass) request retries are durable and an old receipt cannot undo a later removal [1123.81ms]
(pass) scope, version and revision checks prevent cross-owner or stale mutations [1267.22ms]
(pass) a storage failure rolls back status, receipt, generation and command atomically [1078.85ms]
(pass) legacy writers and another SQLite connection cannot re-enable, edit, purge or start a removed flow [1331.15ms]
(pass) in-flight work stays visible and finishes once; Undo neither cancels nor replays it [1318.96ms]
(pass) already queued work may finish after removal, without admitting new runs [1087.58ms]
(pass) reconciliation survives restart and flag rollback without changing a recovered command [1090.62ms]
(pass) old schema initializes stable slots once and reinitialization preserves a removal [1034.93ms]
(pass) capacity failure preserves the chosen workflow and never evicts previous receipts [1151.22ms]
(pass) replacing a stalled trigger runtime retries durable reconciliation with the new runtime [1007.27ms]
(pass) management readiness reports missing CODE permission before explicit Enable [1286.47ms]
(pass) CODE detection walks the whole graph > a CODE step at the end of the chain is found [47.86ms]
(pass) CODE detection walks the whole graph > a CODE step inside a LOOP body is found [46.61ms]
(pass) CODE detection walks the whole graph > a CODE step inside a ROUTER branch is found [50.49ms]
(pass) CODE detection walks the whole graph > a flow with no CODE step reports none [49.11ms]
(pass) CODE detection walks the whole graph > every CODE step is reported, not just the first [37.93ms]
(pass) CODE detection walks the whole graph > a malformed graph terminates instead of throwing or spinning [36.10ms]
(pass) publish is refused until CODE is enabled for the flow > publish refuses a CODE step in a plain chain [40.23ms]
(pass) publish is refused until CODE is enabled for the flow > publish refuses a CODE step in a LOOP body [37.18ms]
(pass) publish is refused until CODE is enabled for the flow > publish refuses a CODE step in a ROUTER branch [59.97ms]
(pass) publish is refused until CODE is enabled for the flow > the refusal names what was refused, the step, and how to enable it [59.82ms]
(pass) publish is refused until CODE is enabled for the flow > publish succeeds once CODE is enabled for that flow [44.69ms]
(pass) publish is refused until CODE is enabled for the flow > the grant is per flow, not global [49.26ms]
(pass) publish is refused until CODE is enabled for the flow > a flow with no CODE step publishes with no opt-in at all [45.58ms]
(pass) publish is refused until CODE is enabled for the flow > revoking the grant refuses the next publish of the same flow [40.44ms]
(pass) enabling a flow is gated too > an unpublished CODE draft cannot be enabled into a trigger registration [39.14ms]
(pass) enabling a flow is gated too > disabling is never refused [38.99ms]
(pass) enabling a flow is gated too > enable succeeds once the flow is opted in [39.88ms]
(pass) a direct run request is refused the same way > the HTTP run route refuses an unpublished CODE draft with 403 [40.90ms]
(pass) a direct run request is refused the same way > manage_workflow run refuses an unpublished CODE draft [42.27ms]
(pass) a direct run request is refused the same way > a nested run_workflow step cannot start an unpublished CODE draft [39.39ms]
(pass) a direct run request is refused the same way > the run route works again once the flow is opted in [48.46ms]
(pass) the manage_workflow path is refused exactly like the HTTP path > publish through the tool is refused with the same actionable message [46.71ms]
(pass) the manage_workflow path is refused exactly like the HTTP path > enable through the tool is refused [43.59ms]
(pass) the manage_workflow path is refused exactly like the HTTP path > the tool exposes no action that grants the permission [42.31ms]
(pass) the manage_workflow path is refused exactly like the HTTP path > tool publish succeeds after the user opts the flow in [62.69ms]
(pass) POST /api/workflows/:id/code-steps > grants, reports and revokes the permission [51.41ms]
(pass) POST /api/workflows/:id/code-steps > rejects a missing or non-boolean enabled and an unknown flow [64.18ms]
(pass) POST /api/workflows/:id/code-steps > the generic flow PATCH cannot grant the permission through metadata [54.28ms]
(pass) POST /api/workflows/:id/code-steps > the publish route answers 403 and leaves the flow alone [51.73ms]
(pass) POST /api/workflows/:id/code-steps > the flow PATCH answers 403 when asked to enable a CODE draft [42.61ms]
(pass) a CODE step cannot be written into the draft an ENABLED flow is running > updating the live draft to add a CODE step is refused [41.81ms]
(pass) a CODE step cannot be written into the draft an ENABLED flow is running > the same edit nested in a LOOP or a ROUTER branch is refused [52.00ms]
(pass) a CODE step cannot be written into the draft an ENABLED flow is running > creating a NEW draft with a CODE step on a live flow is refused [42.38ms]
(pass) a CODE step cannot be written into the draft an ENABLED flow is running > the refusal says the edit adds one, not that the flow contains one, and how to allow it [43.21ms]
(pass) a CODE step cannot be written into the draft an ENABLED flow is running > the HTTP version PATCH answers 403 for the same edit [42.78ms]
(pass) a CODE step cannot be written into the draft an ENABLED flow is running > editing a draft is untouched when the flow is DISABLED, or has a published version [48.74ms]
(pass) a CODE step cannot be written into the draft an ENABLED flow is running > the edit is allowed once the flow is opted in [55.63ms]
(pass) an ungranted CODE version is not registered as a trigger > ungrantedCodeSteps names the steps only when the flow lacks the grant [47.20ms]
(pass) an ungranted CODE version is not registered as a trigger > a CODE draft promoted to latest behind the enable gate is declined at registration [58.50ms]
(pass) an ungranted CODE version is not registered as a trigger > the same cron flow registers normally once it is opted in [53.37ms]
(pass) existing flows are grandfathered on upgrade > a published, enabled CODE flow keeps its permission and keeps running [1326.26ms]
(pass) existing flows are grandfathered on upgrade > an ENABLED flow running an unpublished CODE draft is grandfathered too [1295.65ms]
(pass) existing flows are grandfathered on upgrade > a published flow with no CODE step is not silently granted anything [1214.66ms]
(pass) existing flows are grandfathered on upgrade > a never-published, disabled CODE draft is NOT granted [1176.56ms]
(pass) existing flows are grandfathered on upgrade > a revoked grant is not handed back by a later boot [1398.87ms]
(pass) existing flows are grandfathered on upgrade > a fresh database grandfathers nothing and starts every flow at OFF [38.46ms]
(pass) existing flows are grandfathered on upgrade > an unparseable trigger neither fails the boot nor earns a grant [1102.58ms]
(pass) metadata still round-trips independently of the grant [46.61ms]
(pass) removal fences cron immediately before asynchronous teardown; old callback cannot survive Undo and re-enable [59.28ms]
(pass) event delivery is refused immediately after removal even while teardown is stalled [55.89ms]
(pass) a polling result accepted before removal cannot create a run after Undo and explicit re-enable [72.78ms]
(pass) removal during ON_ENABLE prevents a late subscription and reconciles the captured engine version [40.18ms]
(pass) TriggerManager: lifecycle > start scans ENABLED flows; refresh reconciles status changes [36.01ms]
(pass) TriggerManager: lifecycle > EMPTY trigger: nothing registered [39.49ms]
(pass) TriggerManager: lifecycle > refresh on a deleted flow tears down without throwing [41.81ms]
(pass) TriggerManager: jarvis-trigger on_event > publishing the configured event fires a flow run [47.25ms]
(pass) TriggerManager: jarvis-trigger on_event > filter narrows which events fire [47.81ms]
(pass) TriggerManager: jarvis-trigger on_event > malformed eventType is logged and skipped (no throw, no sub) [43.80ms]
(pass) TriggerManager: jarvis-trigger on_event > non-on_event triggerName is skipped [40.33ms]
(pass) TriggerManager: webhook > registers a webhook on enable; ingress fires a flow run [43.35ms]
(pass) TriggerManager: webhook > HMAC-protected webhook rejects unsigned requests [38.13ms]
(pass) TriggerManager: integration with canonical event taxonomy > flow subscribed to observer.clipboard_changed fires when published [46.31ms]
(pass) TriggerManager: integration with canonical event taxonomy > flow subscribed to awareness.context_changed fires when published [43.31ms]
(pass) TriggerManager: integration with canonical event taxonomy > flow with eventType filter fires only on matching commitment.overdue payload [51.27ms]
(pass) TriggerManager: schedule > registers cron when expression is present (any of the three keys) [51.56ms]
(pass) TriggerManager: schedule > missing cron expression is logged and skipped [63.81ms]
(pass) TriggerManager: schedule > invalid cron expression is logged but does not destabilize start() [57.67ms]
(pass) TriggerManager: unknown trigger kinds > PIECE_TRIGGER with unknown pieceName is skipped [47.82ms]
(pass) TriggerManager: unknown trigger kinds > unknown trigger.type is skipped [40.81ms]
(pass) TriggerManager: engine-managed triggers (Phase J) > ON_ENABLE persists schedule + registers cron; a cron tick polls the RUN hook and enqueues one run per event [79.29ms]
(pass) TriggerManager: engine-managed triggers (Phase J) > ON_ENABLE is idempotent: persisted schedule is reused, no re-call to engine [37.27ms]
(pass) TriggerManager: engine-managed triggers (Phase J) > ON_ENABLE returning webhook listeners (no schedule) surfaces a warning on tm.list() [37.93ms]
(pass) TriggerManager: engine-managed triggers (Phase J) > concurrent refresh on the same flow serializes -- engine ON_ENABLE called exactly once [62.66ms]
(pass) TriggerManager: engine-managed triggers (Phase J) > triggeredBy follows `trigger:<kind>` for both legacy and engine fires [81.27ms]
(pass) TriggerManager: engine-managed triggers (Phase J) > engine poll enqueues one run per event (payload = event, no executeTrigger); empty poll enqueues nothing [94.59ms]
(pass) TriggerManager: engine-managed triggers (Phase J) > engine ON_ENABLE failure is logged; flow stays manually runnable, no crash [40.30ms]
(pass) TriggerManager: engine-managed triggers (Phase J) > a transient ON_ENABLE failure is retried on the backoff and the flow ends up registered [161.08ms]
(pass) TriggerManager: engine-managed triggers (Phase J) > retries stop once the schedule is exhausted, and a disabled flow cancels its pending retry [267.45ms]
(pass) review: durable readiness refusals > a live cron refusal records a failed run and the next fire can recover [48.30ms]
(pass) review: durable readiness refusals > startup refuses visibly once and can register after the binding is repaired [45.10ms]
(pass) review: durable readiness refusals > polling refusal is recorded before consuming events and recovers on the next tick [107.93ms]
(pass) review: durable readiness refusals > review R2: readiness lost during polling retains every consumed payload after restart without retrying it [1397.49ms]
(pass) registration receipt refuses a failed engine cron with 0 working listeners [54.21ms]
(pass) registration receipt refuses a failed engine cron with 1 working listeners [52.97ms]
(pass) failed engine cron with 0 working listeners repairs locally without repeating remote hooks [57.92ms]
(pass) failed engine cron with 1 working listeners repairs locally without repeating remote hooks [43.71ms]
(pass) F10 review R2: pause cleans engine state after local registration failure [44.33ms]
(pass) F10 review R2: stop cleans engine state after local registration failure [53.98ms]
 108 pass
 0 fail
 417 expect() calls
Ran 108 tests across 5 files. [32.16s]
