(pass) authenticated contract prepares a complete list, removes, recovers request and restores paused [84.56ms]
(pass) malformed, oversized, cross-scope, stale and conflicting commands do not mutate [66.08ms]
(pass) missing, mismatched, unconfigured, disabled and foreign-vault providers fail closed [82.64ms]
(pass) all three routes enforce real panel authentication over a Unix socket [71.62ms]
(pass) remove, reload and reverse-order Undo retain exact identities, history and original slots paused [1186.96ms]
(pass) only later explicit enable changes restored activation, using canonical readiness [1083.20ms]
(pass) complete stable collection includes more than the legacy first page and refuses overflow [1605.49ms]
(pass) new workflows keep their new slot while Undo returns removed workflows to the same neighbors [1179.26ms]
(pass) expired receipt cannot restore, including after restart; no hard purge is performed [1282.21ms]
(pass) request retries are durable and an old receipt cannot undo a later removal [1247.69ms]
(pass) scope, version and revision checks prevent cross-owner or stale mutations [1269.09ms]
(pass) a storage failure rolls back status, receipt, generation and command atomically [1125.03ms]
(pass) legacy writers and another SQLite connection cannot re-enable, edit, purge or start a removed flow [1147.24ms]
(pass) in-flight work stays visible and finishes once; Undo neither cancels nor replays it [1214.72ms]
(pass) already queued work may finish after removal, without admitting new runs [1118.44ms]
(pass) reconciliation survives restart and flag rollback without changing a recovered command [1115.69ms]
(pass) old schema initializes stable slots once and reinitialization preserves a removal [1074.94ms]
(pass) capacity failure preserves the chosen workflow and never evicts previous receipts [1174.36ms]
(pass) replacing a stalled trigger runtime retries durable reconciliation with the new runtime [1005.59ms]
(pass) management readiness reports missing CODE permission before explicit Enable [1017.64ms]
(pass) removal fences cron immediately before asynchronous teardown; old callback cannot survive Undo and re-enable [63.92ms]
(pass) event delivery is refused immediately after removal even while teardown is stalled [59.22ms]
(pass) a polling result accepted before removal cannot create a run after Undo and explicit re-enable [54.20ms]
(pass) removal during ON_ENABLE prevents a late subscription and reconciles the captured engine version [38.15ms]
 24 pass
 0 fail
 166 expect() calls
Ran 24 tests across 3 files. [18.74s]
