(pass) remove, reload and reverse-order Undo retain exact identities, history and original slots paused [427.41ms]
(pass) only later explicit enable changes restored activation, using canonical readiness [357.17ms]
(pass) complete stable collection includes more than the legacy first page and refuses overflow [510.38ms]
(pass) new workflows keep their new slot while Undo returns removed workflows to the same neighbors [351.40ms]
(pass) expired receipt cannot restore, including after restart; no hard purge is performed [370.68ms]
(pass) request retries are durable and an old receipt cannot undo a later removal [410.78ms]
(pass) scope, version and revision checks prevent cross-owner or stale mutations [360.93ms]
(pass) a storage failure rolls back status, receipt, generation and command atomically [373.18ms]
(pass) legacy writers and another SQLite connection cannot re-enable, edit, purge or start a removed flow [354.41ms]
(pass) in-flight work stays visible and finishes once; Undo neither cancels nor replays it [366.97ms]
(pass) already queued work may finish after removal, without admitting new runs [435.70ms]
(pass) reconciliation survives restart and flag rollback without changing a recovered command [359.02ms]
(pass) old schema initializes stable slots once and reinitialization preserves a removal [371.60ms]
(pass) capacity failure preserves the chosen workflow and never evicts previous receipts [420.12ms]
(pass) replacing a stalled trigger runtime retries durable reconciliation with the new runtime [338.21ms]
(pass) management readiness reports missing CODE permission before explicit Enable [347.25ms]
(pass) R2: the last ordinary command can remove and still Undo once at capacity after restart [422.08ms]
(pass) R2: invalid Undo cannot use receipt-reserved capacity or mutate the removal [413.12ms]
(pass) R4: a real older draft run finishing while removed cannot change the receipt version [380.48ms]
(pass) R4: late bookkeeping after Undo keeps the selected draft; explicit authoring selects a new draft [379.76ms]
(pass) R1: management projections never expose trigger inputs, sample data or run outputs [338.82ms]
(pass) R4: an existing F20 database upgrades its active receipt to a durable draft pin [437.07ms]
(pass) R4: explicit Enable checks CODE permission against the pinned draft [334.56ms]
(pass) R4: an invalid pinned draft cannot borrow readiness from an older runnable version [406.73ms]
(pass) authenticated contract prepares a complete list, removes, recovers request and restores paused [24.55ms]
(pass) malformed, oversized, cross-scope, stale and conflicting commands do not mutate [23.42ms]
(pass) missing, mismatched, unconfigured, disabled and foreign-vault providers fail closed [37.10ms]
(pass) all three routes enforce real panel authentication over a Unix socket [32.54ms]
(pass) #573 premise 1: the reachable tool set is closed and known > the reachable set is exactly the reviewed table [0.07ms]
(pass) #573 premise 1: the reachable tool set is closed and known > nothing is both reachable and refused as opaque [0.09ms]
(pass) #573 premise 1: the reachable tool set is closed and known > the opaque refusals still include the navigate and shell family [0.06ms]
(pass) #573 premise 1: the reachable tool set is closed and known > each reachable tool is the untrusted source the table says, by real category [10.70ms]
(pass) #573 premise 1: the reachable tool set is closed and known > the untrusted-source subset is the eight tools the decision is about [0.10ms]
(pass) #573 premise 1: the reachable tool set is closed and known > no source file outside the workflow runtime spells a workflowEffect declaration [1.94ms]
(pass) #573 premise 1: the reachable tool set is closed and known > a bounded tool name cannot be re-registered with different semantics [0.22ms]
(pass) #573 premise 1: the reachable tool set is closed and known > nothing removes a tool from a registry in production [9.95ms]
(pass) #573 premise 2: the routes out of the workflow data plane are enumerated > only the reviewed files outside src/workflows hold a run or a version object [12.39ms]
(pass) #573: the adapter does not frame, and that is asserted not assumed > an untrusted-source tool's result reaches the step unframed and byte-exact [1.64ms]
(pass) #573: the adapter does not frame, and that is asserted not assumed > a browser result reaches the step unframed too, matched by category [0.21ms]
(pass) removal fences cron immediately before asynchronous teardown; old callback cannot survive Undo and re-enable [25.27ms]
(pass) event delivery is refused immediately after removal even while teardown is stalled [17.27ms]
(pass) a polling result accepted before removal cannot create a run after Undo and explicit re-enable [24.46ms]
(pass) removal during ON_ENABLE prevents a late subscription and reconciles the captured engine version [15.61ms]
(pass) R3: pending unsigned webhook cannot cross Remove/Undo/Enable [23.69ms]
(pass) R3: pending signed webhook cannot cross Remove/Undo/Enable [20.53ms]
(pass) R4: trigger dispatch uses the restored draft even after older run bookkeeping [18.10ms]
 46 pass
 0 fail
 235 expect() calls
Ran 46 tests across 4 files. [9.87s]
