bun test v1.4.2 (744846f84)

src/util/model-exec-env.test.ts:
(pass) the daemon-secret rule > every listed daemon secret is stripped, in any case [0.58ms]
(pass) the daemon-secret rule > the sources the header cites are the names on the list [0.61ms]
(pass) the daemon-secret rule > an unclassified JARVIS_ name is stripped: a future secret fails closed [0.13ms]
(pass) the daemon-secret rule > settings stay, and no daemon secret is on the settings list [0.58ms]
(pass) the daemon-secret rule > the engine wiring names are known, internal, and stripped [0.20ms]
(pass) the daemon-secret rule > the user's shell and desktop survive whole, their own credentials included [0.30ms]
(pass) the daemon-secret rule > stripping removes exactly the daemon secrets and nothing else [0.51ms]
(pass) modelExecEnv() > marks the child JARVIS_MODEL_EXEC=1, and no extra can take the mark off [0.55ms]
(pass) modelExecEnv() > flags the env key only when this process holds it or inherited the flag [95.20ms]
(pass) modelExecEnv() > an extra cannot put a daemon secret back, nor can a spread of process.env [0.24ms]
(pass) modelExecEnv() > an undefined extra removes the key; the result is always an object [0.12ms]
(pass) every JARVIS_ env name in src/, bin/ and scripts/ is classified > the scan sees the names it must (not blind) [0.14ms]
(pass) every JARVIS_ env name in src/, bin/ and scripts/ is classified > each is either a daemon secret or a listed setting [0.50ms]
(pass) every JARVIS_ env name in src/, bin/ and scripts/ is classified > the three buckets do not overlap [0.10ms]
(pass) the model-exec markers (#514) > the key check: 16 hex chars, stable, case-insensitive, and not the key [56.84ms]
(pass) the model-exec markers (#514) > the marker is exactly "1"; the flag is a check value or an older parent's "1" [0.38ms]
(pass) the model-exec markers (#514) > modelExecMarkers: the parent env key sets the check, an inherited flag passes on unchanged [0.15ms]
(pass) the model-exec markers (#514) > silent for a file-key install, marked or not [0.37ms]
(pass) the model-exec markers (#514) > warns while the parent's key is missing or a different one is set; silent once it is back [0.34ms]
(pass) the model-exec markers (#514) > the CLI warns only for a detached start or restart [0.24ms]

src/daemon/api-brief-memory.test.ts:
(pass) provider absence, wrong instance, disabled flags and absent F18 all fail closed on every route [70.00ms]
(pass) enabled collection, safe detail/history, no match, and missing detail have distinct responses [42.14ms]
(pass) stale pagination returns 409 without old fact content and exact filters must be repeated [31.75ms]
(pass) strict query and path validation reject duplicates, unknowns, blanks and oversized requests [33.03ms]
(pass) legacy fact routes still return canonical facts and preserve their independent behavior [29.29ms]
[WebSocketServer] Started on unix:/tmp/jarvis-f17-http-YU6N3V/api.sock (no TCP port bound)
[WebSocketServer] Stopped
(pass) real socket authenticates list/detail/history and returns no-store projections only after session bootstrap [104.92ms]

src/brief/memory-stream.test.ts:
(pass) empty returns exact counts, while missing instrumentation is unknown rather than unused [796.49ms]
(pass) tied timestamps paginate every fact once with frozen counts despite concurrent same-time/backdated inserts [865.67ms]
(pass) long sentences remain intact; literal case-insensitive search does not interpret SQL wildcards [898.72ms]
(pass) search, multi-evidence Source, actual Used in and half-open Updated range combine with exact counts [765.82ms]
(pass) selected is not supplied; outcomes preserve explicit evidence stage without claiming model reliance [911.44ms]
(pass) delete invalidates an existing snapshot without returning cached content [785.98ms]
(pass) correct invalidates an existing snapshot without returning cached content [757.66ms]
(pass) verify invalidates an existing snapshot without returning cached content [755.27ms]
(pass) rename invalidates an existing snapshot without returning cached content [805.73ms]
(pass) evidence invalidates an existing snapshot without returning cached content [767.97ms]
(pass) usage invalidates an existing snapshot without returning cached content [763.11ms]
(pass) canonical correction history has safe internal links, excludes superseded facts from stream and never links raw sources [765.02ms]
(pass) unconfirmed source/evidence labels cannot claim confirmed status; quotes and extra usage payload never leak [775.89ms]
(pass) expired, evicted and restarted cursors report stale and refresh works [804.50ms]
(pass) cursors are bound to query and page size and signed against offset tampering [837.40ms]
(pass) strict bounds reject unsupported fields and malformed query inputs [905.00ms]
(pass) closed or replaced database and failing usage provider return unavailable, not zero matches [835.79ms]
(pass) malformed and duplicate usage records fail closed [777.52ms]
(pass) hard collection cap is unavailable, never a silently truncated count [1391.44ms]
(pass) usage and provenance caps fail closed before returning misleading partial evidence [1891.23ms]
(pass) history cycles terminate and oversized lineage is unavailable without truncation [836.10ms]

 47 pass
 0 fail
 477 expect() calls
Ran 47 tests across 3 files. [19.61s]
