bun test v1.4.2 (744846f84)

ui/src/brief/motion/motion.test.tsx:
(pass) durations retain the approved contact, local and spatial entry/exit rules [24.69ms]
(pass) reversal samples the rendered position before cancellation, never the old endpoint [18.46ms]
(pass) twenty reversals have one current animation; stale completion cannot cancel its replacement [31.34ms]
(pass) reduced motion interrupts immediately to the same latest endpoint [4.77ms]
(pass) unsupported WAAPI still commits the final usable style [3.31ms]
(pass) an unchanged endpoint never replays an animation, including after reduced motion [2.73ms]
(pass) disposal restores owned inline properties and cancels work without touching unrelated styling [3.31ms]
(pass) mount is still; subsequent intents preserve focus and content while moving only the wrapper [32.46ms]
(pass) live OS preference changes finish a running transition without remounting or losing state [14.31ms]
(pass) local reduced examples match selection without bypassing the OS or animating [10.10ms]
(pass) StrictMode mount and unmount leave no animation or media listeners behind [14.36ms]

ui/src/brief/opportunities/controller.test.ts:
(pass) a definitive refusal can be retried only after a fresh read, unlike uncertainty [9.42ms]
(pass) selection survives reorder and refresh, uses IDs rather than indexes [3.24ms]
(pass) a new revision replaces list and brief together; missing selection chooses a real remaining row [4.28ms]
(pass) approval acknowledges the same item before settling the next and advances once [24.04ms]
(pass) dismissal has a distinct receipt and leaves no saved/dismissed destination [42.86ms]
(pass) R1: refresh during approve acknowledgement retains the slot and advances to the original successor [23.78ms]
(pass) R1: refresh during dismiss acknowledgement retains the slot and advances to the original successor [23.46ms]
(pass) R1: pending registration keeps its slot through reorder and recovers the original next identity [25.25ms]
(pass) R1: a vanished successor is skipped and a newer user selection wins [49.82ms]
(pass) duplicate intent is locked synchronously, including opposite actions [43.01ms]
(pass) pending registration is approval saved, not enabled; refresh retains it for recovery [52.72ms]
(pass) blocked registration and later paused workflow are never a successful enable [21.26ms]
(pass) pending registration and later paused workflow are never a successful enable [20.72ms]
(pass) lost response keeps the original identity locked; recovery is read-only [25.46ms]
(pass) null recovery leaves unknown locked and does not resend [2.62ms]
(pass) older and mismatched recovery receipts cannot replace an acknowledged result [21.57ms]
(pass) a decision response cannot steal a newer user selection [41.18ms]
(pass) out-of-order refresh and retired owners ignore late responses [2.62ms]
(pass) stale remains a distinct read state with no actions [1.77ms]
(pass) unavailable remains a distinct read state with no actions [1.35ms]
(pass) unsupported remains a distinct read state with no actions [1.45ms]
(pass) loading remains a distinct read state with no actions [1.30ms]
(pass) empty remains a distinct read state with no actions [1.37ms]
(pass) read failure preserves visible data as stale, and access revocation prevents dispatch [2.02ms]
(pass) read-only capability permits browsing but no decisions [1.64ms]
(pass) revoking access during refresh cannot strand the restored room in refreshing [3.43ms]
(pass) legacy draft-ready, blocked binding and canApprove=false never become ready [0.26ms]
(pass) receipt guard rejects mismatched proposalId [0.19ms]
(pass) receipt guard rejects mismatched revision [0.02ms]
(pass) receipt guard rejects mismatched decision [0.01ms]
(pass) receipt guard rejects mismatched workflow [0.02ms]
(pass) receipt guard rejects mismatched receiptId [0.01ms]

ui/src/brief/opportunities/OpportunitiesRoom.test.tsx:
(pass) wrong source, wrong scope and missing live capability fail closed without reads [54.17ms]
(pass) list and detail retain exact selected identity through shell changes and refresh [246.42ms]
(pass) a routed proposal selects its real identity once available [61.23ms]
(pass) finished output stays qualified and legacy chrome remains absent [65.61ms]
(pass) approval resolves locally, does not navigate, and advances focus to the next choice [1052.41ms]
(pass) late acknowledgement does not steal focus from the composer [1067.75ms]
(pass) registration pending keeps the proposal visible and distinguishes saved from enabled [75.85ms]
(pass) registration blocked keeps the proposal visible and distinguishes saved from enabled [71.78ms]
(pass) unknown acknowledgement shows recovery and cannot duplicate the approval [111.30ms]
(pass) preparing cannot visually or behaviorally promote a proposal to ready [34.70ms]
(pass) blocked cannot visually or behaviorally promote a proposal to ready [33.70ms]
(pass) stale cannot visually or behaviorally promote a proposal to ready [42.28ms]
(pass) missing preview has an explicit unavailable state, no invented output [35.56ms]
(pass) definitive refusal explains refresh without pretending the result is pending [84.86ms]
(pass) room unmount/remount preserves pending decisions and selection in the owner [89.02ms]
(pass) R2: selector and brief retain independent positions on return; another proposal starts at its heading [141.55ms]
(pass) activation capability changes immediately update rendered controls [93.50ms]

ui/src/brief/entry/route.test.ts:
(pass) the default and non-exact flag values keep the released dashboard [0.65ms]
(pass) all existing sidecar and dashboard destinations retain their route owner [0.31ms]
(pass) onboarding reset owns the page even when a Brief URL was bookmarked [0.07ms]
(pass) fixture mode requires both its explicit flag and isolated destination [0.20ms]
(pass) every registered destination resolves without requiring another room's module [0.75ms]
(pass) unknown or malformed Brief destinations use the existing safe fallback [0.19ms]
(pass) source identities roundtrip without inventing a record or retaining unknown query keys [0.27ms]
(pass) rollback removes only the Brief opt-in and preserves connection parameters [0.39ms]

ui/src/brief/entry/DashboardEntry.test.tsx:
(pass) flag off and legacy hash navigation retain one legacy mount and its connection owner [8.35ms]
(pass) every current room and sidecar panel still resolves through the released router [17.82ms]
(pass) isolated preview owns no live connection, fetch or onboarding side effects [27.64ms]
(pass) Today review and illustrative decision actions never call live providers [1967.09ms]
(pass) real Brief entry remains behind the existing onboarding gate [3.54ms]
(pass) shared-control specimen is isolated from live account and connection effects [68.10ms]
(pass) motion specimen stays isolated and unmounts without live side effects [61.23ms]
(pass) navigation review uses the production shell without live reads, sockets or account actions [80.56ms]
(pass) missing modules give a truthful fallback instead of fabricated empty business data [17.10ms]
(pass) Pebble review mounts one isolated conversation without live reads or writers [97.47ms]
(pass) room modules preserve shell state and selected source IDs through navigation [22.36ms]
(pass) navigation readiness loss and recovery preserve the mounted room and edited draft [92.76ms]
(pass) a fixture view cannot accidentally supply live room business data [12.95ms]

ui/src/brief/decisions/controller.test.ts:
(pass) selection follows identity through reorder and refresh [5.46ms]
(pass) approval is acknowledged before next selection, and never claims execution [25.98ms]
(pass) keep draft remains in the queue and requires reopening, not silent reapproval [46.92ms]
(pass) rejection has a truthful local receipt and resolves only the chosen item [24.56ms]
(pass) edit/save carries the complete typed document and uses the new approval revision [27.36ms]
(pass) stale refresh preserves unsaved content and prevents save or approval [24.79ms]
(pass) cancel edit writes nothing and restores original document [22.94ms]
(pass) invalid edits cannot be submitted [2.35ms]
(pass) stale never offers a mutation [2.22ms]
(pass) read-only never offers a mutation [1.75ms]
(pass) unavailable never offers a mutation [1.49ms]
(pass) empty never offers a mutation [1.48ms]
(pass) rendered revision must match even when a fresher controller view exists [3.28ms]
(pass) lost responses stay pinned through empty/reordered reads; recovery never resends [28.12ms]
(pass) unknown save keeps its draft frozen until receipt and fresh view reconcile [26.22ms]
(pass) definitive refusal needs explicit refresh, unlike an unknown transport result [5.04ms]
(pass) all receipt correlations are required; execution is not a document receipt [0.25ms]
(pass) mismatched receipt cannot advance or unlock a decision [24.53ms]
(pass) late reads cannot replace a newer refresh [1.41ms]
(pass) scope revocation and retirement prevent mutation and stale repaint [1.87ms]
(pass) concurrent press cannot create a second in-flight decision [32.11ms]
(pass) retained rejected blocker is not fabricated away [22.25ms]
(pass) calendar changes preserve readonly options and validate timezones [25.14ms]

ui/src/brief/decisions/DecisionsRoom.test.tsx:
(pass) clean heading, same Today identity, only unresolved text highlighted [45.47ms]
(pass) selection survives every theme/sidebar/chat combination and routes by approval ID [314.82ms]
(pass) direct Today review alias opens the matching document [44.19ms]
(pass) editing keeps the document/actions mounted and blocks selection/approval [104.10ms]
(pass) unsupported edits stay disabled with a visible reason [38.93ms]
(pass) uncertainty retains the selected document until read-only recovery [104.04ms]
(pass) calendar preview includes readonly options, not raw tool arguments [74.19ms]
(pass) missing live capability, fixture/live mismatch and wrong scope fail closed [55.22ms]
(pass) ten decisions are real buttons, not truncated previews [81.15ms]
(pass) empty is not confused with unavailable [62.81ms]
(pass) keep draft advancement updates the return route instead of reopening the deferred item [173.36ms]
(pass) room return restores document and selector reading positions from its retained owner [84.75ms]

ui/src/brief/workflows/manage-list/controller.test.ts:
(pass) load/commands are default off and retirement prevents new or late writes [3.15ms]
(pass) same identity, revision and operation are sent; acknowledgement changes only that row [6.22ms]
(pass) failed enable keeps paused value and the exact blocker [3.50ms]
(pass) cancel does not mutate anything or submit; confirmation required [2.49ms]
(pass) two removals and reverse-order Undo restore exact slots and version/run identity, paused [9.59ms]
(pass) refresh retains pending Undo and order despite provider timestamp sorting [6.62ms]
(pass) rejected delete and restore never change visibility [6.45ms]
(pass) expired receipt never restores locally or dispatches another command [3.40ms]
(pass) uncertain delete locks row; refresh cannot clear it; reconciliation does not replay [5.37ms]
(pass) uncertain restore retains receipt and resolves once into paused original identity [6.38ms]
(pass) concurrent row requests settle independently and repeated actions submit once [4.31ms]
(pass) access loss blocks new commands while keeping submitted acknowledgement [3.69ms]
(pass) stale, unavailable, unsupported and empty are distinct; stale actions fail closed [5.98ms]
(pass) read rejects mismatched owner and duplicate IDs without a partial list [1.12ms]
(pass) wrong request/owner/flow/action/version or enabled restoration cannot acknowledge [2.18ms]
(pass) invalid acknowledgement becomes uncertain and cannot unlock a second attempt [3.66ms]
(pass) newest read wins even when a provider ignores abort [0.65ms]
(pass) all removed and empty refresh still permit receipt-backed restoration [10.57ms]
(pass) list position/selection persist independently of row actions [4.82ms]
(pass) a loading projection can be refreshed later without a stuck busy state [3.31ms]
(pass) R1: a ready snapshot restores an externally DISABLED workflow to its reserved slot [6.50ms]
(pass) R1: a ready snapshot restores an externally ENABLED workflow to its reserved slot [6.01ms]
(pass) R1: a stale pre-deletion snapshot cannot resurrect a removed workflow or clear its receipt [7.18ms]
(pass) R2: fresh external activation supersedes the previous local status message [5.13ms]
(pass) R2: a fresh ready snapshot clears a resolved blocker and permits enabling with its new revision [6.89ms]
(pass) R2: unchanged fresh data clears transient command feedback, but a stale response does not [6.72ms]

ui/src/brief/workflows/manage-list/WorkflowManagementRoom.test.tsx:
(pass) missing, wrong-source, wrong-owner and capability-off binding fail closed [10.35ms]
(pass) switch and bin are separate targets; only the name opens the exact workflow [86.12ms]
(pass) inline confirm is keyboard reachable; Escape restores focus to the same bin [51.60ms]
(pass) acknowledged deletion hides and inerts only its row, Undo restores it paused [66.53ms]
(pass) failed enable exposes blocker and leaves Paused, not Draft [37.64ms]
(pass) uncertain mutation exposes Check result instead of another Delete; matching result resolves once [78.86ms]
(pass) all eight shell states and unmount/remount retain activation and removed identity [165.52ms]
(pass) read failures and missing live capability do not invent a zero-count empty list [12.23ms]
(pass) no removed date, subtitle, footer, global creation control or irreversible route appears [24.79ms]
(pass) a late row acknowledgement does not steal focus from conversation input [322.82ms]
(pass) R1: Refresh reveals an externally restored workflow and removes its obsolete Undo [109.07ms]
(pass) R2: Refresh cannot show an Enabled switch beside obsolete paused feedback [59.18ms]

ui/src/brief/workflows/create/controller.test.ts:
(pass) one rapid submission persists the exact prompt and key before POST [2.78ms]
(pass) lost POST recovers its receipt without generating a second draft [0.53ms]
(pass) unknown request replay keeps the original key and wording after edits and remount [0.86ms]
(pass) terminal failed retains prompt and permits an explicit new request [0.52ms]
(pass) terminal blocked retains prompt and permits an explicit new request [0.23ms]
(pass) terminal cancelled retains prompt and permits an explicit new request [0.21ms]
(pass) persist failure makes zero requests and keeps the prompt [0.37ms]
(pass) receipt save failure cannot acknowledge navigation [0.49ms]
(pass) saved result opens once and retains exact IDs and selected position [0.56ms]
(pass) retiring a scope fences late results and further effects [0.36ms]
(pass) scope storage keys cannot collide or expose another prompt [0.20ms]
(pass) malformed storage blocks new composition instead of discarding an unknown key [0.27ms]
(pass) foreign request or changed job receipts never navigate [1.04ms]
(pass) UTF-8 bound rejects oversized prompts; raw markup remains text [0.59ms]
(pass) capability-disabled and mismatched servers perform zero requests [1.30ms]
(pass) F07 HTTP adapter uses only composition routes and matches exact receipts [1.74ms]
(pass) canonical recents select latest per flow, carry stable IDs and distinguish every failure [1.17ms]
(pass) retired recovery never submits or stores a late missing lookup [1.01ms]
(pass) retired recovery never submits or stores a late found lookup [0.11ms]
(pass) retired recovery never submits or stores a late rejected lookup [0.07ms]
(pass) failed read restoration cannot overwrite the recovery record through editing or scrolling [1.38ms]
(pass) failed parse restoration cannot overwrite the recovery record through editing or scrolling [0.32ms]
(pass) failed validation restoration cannot overwrite the recovery record through editing or scrolling [0.29ms]
(pass) a later write failure can preserve a known request when storage becomes writable [1.20ms]

ui/src/brief/workflows/create/WorkflowCreationRoom.test.tsx:
(pass) suggestion only fills the shared composer and does not submit [35.24ms]
(pass) burst sends once, then opens the returned flow AND version exactly once [57.60ms]
(pass) failed data can never show a success summary, and the whole row carries exact selection [27.42ms]
(pass) list return boundary does not clear prompt or selected row [41.25ms]
(pass) disabled capability preserves the editable prompt but never submits [15.58ms]
(pass) fixture data and controller never appear in live rooms [2.02ms]
(pass) failed receipts retain wording and render blockers as plain text [49.21ms]
(pass) loading, empty and unavailable recents remain distinct [16.33ms]
(pass) no date, subtitle or global creation CTA returns [13.29ms]
(pass) loading history cannot erase a retained stream position before rows return [59.20ms]
(pass) ingredient scope mismatch cannot expose another account's catalog [22.75ms]
(pass) selected ingredients without F08 cannot submit; explicit removal restores plain creation [36.30ms]

ui/src/brief/workflows/create/f07-compatibility.test.ts:
(skip) actual F07 service/routes create one populated disabled draft after a lost POST

ui/src/brief/workflows/canvas/canvas.test.tsx:
(pass) mount boundary requires capability, exact selected identity and matching source [2.29ms]
(pass) version pin rejects another latest draft before the hook can edit it [8.78ms]
(pass) real graph edits serialize branch, loop, nested orphan settings and positions [5.47ms]
(pass) delete and undo restore one subtree and preserve its settings [4.64ms]
(pass) actual sample input/output paths remain separate from production configured input [6.38ms]
(pass) a published version creates a draft on save instead of patching a locked version [6.18ms]
(pass) discard restores authored settings without losing a different scope [5.27ms]
(pass) preview rejects execution and installation rather than falling through to network [1.20ms]
(pass) detached chains extend with global IDs and delete only the chosen step [7.18ms]
(pass) discard restores the saved workflow name, not the edited version object [4.96ms]
(pass) detached descendant names are reserved when creating piece [6.45ms]
(pass) detached descendant names are reserved when creating control-flow [4.41ms]
(pass) detached descendant names are reserved when creating error-handler [5.66ms]
(pass) a positioned detached child keeps its location on promotion, moves, saves and undoes [6.54ms]
(pass) moving an orphan root retires a stale saved descendant override [2.73ms]

ui/src/brief/workflows/context/controller.test.ts:
(pass) context matches owner, flow, version and configured/recorded identity [2.91ms]
(pass) invalid and duplicate group entries fail closed; unknown is not empty [1.33ms]
(pass) redaction strips label, content and source before caching without copying extra fields [0.47ms]
(pass) configured and recorded context remain independent, including historical versions [1.45ms]
(pass) parallel reads settle into their own query, never beneath the other basis [0.75ms]
(pass) repeated refresh coalesces a slow read instead of restarting it [0.55ms]
(pass) owner retirement aborts reads and rejects late provider results [0.57ms]
(pass) a failed refresh keeps qualified stale data; retry recovers [0.70ms]
(pass) missing, removed, stale, partial, unavailable, unsupported and empty retain their meaning [1.13ms]
(pass) mode and per-query scroll positions survive repeated returns [0.75ms]

ui/src/brief/workflows/context/WorkflowContextRoom.test.tsx:
(pass) gates reject unsupported/source/scope/flow/version mismatches before any read [3.06ms]
(pass) configured and used-by-run views show their own goal and exact version [38.57ms]
(pass) all eight shell states and remount preserve mode and recorded identity [54.69ms]
(pass) source actions carry exact IDs; missing/removed sources have no false target [29.30ms]
(pass) no selected run disables the recorded choice without inventing usage [17.60ms]
(pass) partial context does not replace unknown usage with configured facts [30.41ms]
(pass) unavailable, unsupported and empty have distinct UI [16.87ms]
(pass) long arbitrary text renders as text; explicit redaction hides all marked fields [13.97ms]
(pass) header destinations retain flow/version/run and no removed chrome returns [34.11ms]
(pass) Run shares the Runs owner and selects its receipt; uncertainty stays locked [798.92ms]
(pass) a wrong-scope command owner is disabled [9.59ms]
(pass) returning from another room refreshes configured context without losing the chosen basis [21.19ms]
(pass) changed source and permission links preserve their separate source identities [19.74ms]
(pass) late run acknowledgement cannot navigate a replaced command owner [398.51ms]

ui/src/brief/workflows/ingredient-picker/ingredients.test.ts:
(pass) canonical pins copy only the public union, reject extras, duplicates and stale hash formats [0.81ms]
(pass) unknown receipts cannot drop, reorder or repin selected ingredients [1.58ms]
(pass) pinned ingredients persist before POST, retry exact uncertain request and survive remount [1.27ms]
(pass) clear only a matching prompt AND selection; retain edits during a pending success [0.73ms]
(pass) legacy saved state without ingredients remains readable, malformed pins cannot replace stored state [0.25ms]
(pass) F08 gates admission but existing receipts remain recoverable when the picker is disabled [0.56ms]
(pass) real discovery pins grant selection; package metadata never does; credential fields never copied [2.19ms]
(pass) disabled discovery performs no network request [0.58ms]
(pass) duplicate pages and partial failures never masquerade as a complete catalog [0.94ms]
(pass) retired catalog reads abort without committing partial choices; 100-entry discovery page is valid [1.97ms]
(pass) discovery normalizes public whitespace labels without changing pinned identities [0.96ms]
(pass) service identities survive optional metadata loss and metadata renaming [0.62ms]

ui/src/brief/workflows/ingredient-picker/IngredientPicker.test.tsx:
(pass) select both types, preserve search/category on reopen, remove chip without losing prompt focus [57.64ms]
(pass) missing account and uninstalled entries explain availability without granting selection [22.28ms]
(pass) off capability closes the picker and does not permit reopening; selections remain [36.29ms]
(pass) rapid reversal keeps one portal and closes on outside interaction [83.80ms]
(pass) service filter survives renamed metadata and resets when its package disappears [62.88ms]

ui/src/brief/workflows/ingredient-picker/f08-compatibility.test.ts:
(skip) actual F08 discovery and pinned request recover one populated draft, no credentials or execution

ui/src/brief/workflows/recent-rows/read.test.ts:
(pass) current API reads canonical IDs/status, excludes never-run drafts, never forwards captured output [1.82ms]
(pass) unavailable run reads are not an empty collection [0.37ms]
(pass) partial reads preserve known rows and disclose incompleteness [0.43ms]
(pass) cross-flow or malformed runs cannot be displayed [0.37ms]
(pass) inventory is paginated and capped; workers never run more than four reads [76.97ms]
(pass) empty inventory has no run requests and stays distinct [0.44ms]

ui/src/brief/workflows/runs/controller.test.ts:
(pass) all seven states and historical versions retain immutable identities [5.01ms]
(pass) late A cannot replace B, even when the provider ignores cancellation [3.43ms]
(pass) changing selection removes the previous result immediately, including on read failure [2.60ms]
(pass) same-run refresh failure is stale, never a fresh success or another run [2.10ms]
(pass) reject run identity substitution in selected detail [0.92ms]
(pass) reject flow identity substitution in selected detail [0.76ms]
(pass) reject scope identity substitution in selected detail [0.75ms]
(pass) reject version identity substitution in selected detail [0.62ms]
(pass) partial receipts and waitpoints remain inspectable without replay actions [3.82ms]
(pass) manual run is single-flight, pinned and selects the returned ID [3.81ms]
(pass) an unconfirmed command stays locked through subsequent reads and subscriptions [1.44ms]
(pass) definitely not submitted releases the command but a mismatched receipt does not [0.44ms]
(pass) owner retirement rejects late detail and command results [0.41ms]
(pass) a head-page request started before Run cannot overwrite its new receipt [0.86ms]
(pass) history paging deduplicates IDs and preserves selection [2.50ms]
(pass) invalid projections cannot smuggle identities or unusable statuses [0.59ms]

ui/src/brief/workflows/runs/refresh.test.ts:
(pass) R1 refresh bridges new head pages after previously exhausted history [2.24ms]
(pass) R1 refresh keeps the continuation after bridging a partial loaded range [2.36ms]
(pass) R2 repeated refreshes do not supersede a slow history read [0.82ms]
(pass) R2 a selected slow detail survives polling and a genuine selection still cancels it [5.19ms]
(pass) R2 polling cannot cancel an in-flight older page [1.87ms]
(pass) R3 selected detail immediately reconciles the matching cached history summary [2.26ms]
(pass) R3 refresh also reconciles older unselected nonterminal rows [1.44ms]
(pass) R1 a failed gap read keeps stale history recoverable and retries from the head [2.64ms]
(pass) R1 a repeated cursor fails locally instead of looping or claiming complete history [1.01ms]
(pass) R1 a large changed range remains bounded with an explicit usable continuation [2.25ms]
(pass) R3 an in-flight old history snapshot cannot undo a newer detail summary [14.63ms]
(pass) R3 a stale detail does not overwrite a fresh history status [2.29ms]
(pass) accepted receipts survive projection lag, including a request for an older page [327.54ms]

ui/src/brief/workflows/runs/WorkflowRunsRoom.test.tsx:
(pass) gate refuses missing capability, wrong owner/version and source without reads [3.64ms]
(pass) one inline document follows selection through all shell combinations [104.29ms]
(pass) redacted fields do not leak and inspection treats arbitrary markup as text [24.75ms]
(pass) missing deep-linked run never falls back to latest [16.36ms]
(pass) manual request navigates to its receipt and room return retains it [434.36ms]
(pass) slow command does not navigate a room after it unmounts [415.67ms]
(pass) failure and empty history remain distinct [7.89ms]
(pass) queued history does not present creation time as a start time [27.20ms]

ui/src/brief/chat/attachment-fan/attachment-fan.test.tsx:
(pass) three choices stay mounted across twenty reversals and retain composer value [402.39ms]
(pass) keyboard reaches each choice; Escape closes only the fan and restores plus [40.76ms]
(pass) unavailable Screenshot stays focusable with a reason but cannot capture [50.24ms]
(pass) selection acknowledges once and returns focus to the origin [26.99ms]
(pass) cancelled picker has no attachment receipt [27.32ms]
(pass) pending entry is deduplicated and a failed request can be retried [62.18ms]
(pass) late picker result cannot report into another conversation [37.79ms]
(pass) source mismatch, missing identity and offline states never dispatch [40.02ms]
(pass) theme changes preserve menu, selected focus and choice elements [22.90ms]
(pass) outside focus closes the fan without stealing the new focus [25.53ms]
(pass) unmount removes portal and cancels an outstanding selection [30.68ms]
(pass) F-05 binding captures original chat through picker delay and delegates exact file [2.18ms]
(pass) F-05 capture requires explicit device confirmation [1.38ms]
(pass) F-05 does not upload after scope change, tab closure, disconnect or abort during picker [1.11ms]
(pass) F-05 unsupported Screenshot and cancelled file picker have no external effect [2.54ms]
(pass) F-05 superseded upload cannot report attached merely because its promise finished [0.81ms]
(pass) keyboard can enter a fan already opened with the pointer [30.18ms]
(pass) closing Pebble during selection clears pending feedback without a success receipt [29.67ms]
(pass) A to B to A clears only the cancelled request and keeps completed feedback [80.69ms]

ui/src/brief/chat/composer/ConversationComposer.test.tsx:
(pass) F-04 binding captures the selected conversation and exact cancellation reference [2.10ms]
(pass) a pending acceptance is cancellable by its original IDs and other chats cannot supply the turn [1.16ms]
(pass) wrong sources, absent scope and non-scoped modes expose no writing or send action [4.91ms]
(pass) suggestions prefill and focus, preserving existing writing and never sending [12.73ms]
(pass) blank writing is inactive, Enter sends once, and Shift+Enter stays a newline [13.30ms]
(pass) IME composition, native composing and keyCode 229 cannot send prematurely [52.88ms]
(pass) send preserves exact text and keeps the draft until the owner accepts it [9.52ms]
(pass) async send is deduplicated and a newer draft is never cleared by its completion [11.48ms]
(pass) failed sending preserves draft, reports locally and permits a deliberate retry [9.53ms]
(pass) active turns show Stop and cannot be resubmitted through Enter [11.64ms]
(pass) synchronous cancellation dispatch keeps feedback until the matching turn ends and permits retry [19.19ms]
(pass) owner cancellation failure permits retry, and disconnect does not claim the turn stopped [17.47ms]
(pass) a new turn cannot inherit a previous stop lock or its late dispatch failure [17.87ms]
(pass) a repeated owner failure with identical wording ends the new stop intent after error dismissal [24.36ms]
(pass) a pending stop has local feedback and a failed stop does not claim completion [15.67ms]
(pass) offline and metadata-pending states block sends while keeping the existing draft [26.24ms]
(pass) UTF-8 limit is validated without truncating multibyte writing [9.52ms]
(pass) switching conversations or workspace cannot inherit a pending lock or late error [27.32ms]
(pass) theme changes preserve the input element, focus, value and selection [10.05ms]
(pass) composer has the fixed attachment seam without inventing an upload action [11.76ms]

ui/src/brief/chat/message/ConversationMessages.test.tsx:
(pass) quiet user and unboxed answer share one scoped thread; activity starts collapsed [35.36ms]
(pass) twenty open/close cycles retain the same reply and local preference across tabs [187.50ms]
(pass) workspace change drops view preferences even if chat IDs are reused [11.62ms]
(pass) only current live activity moves; completed and replayed activities never move [10.77ms]
(pass) disconnect stops the current marker without losing partial content [6.97ms]
(pass) terminal failure keeps the partial answer and does not expose the raw error [5.20ms]
(pass) cancellation is not completion; unfinished activity does not claim success [6.43ms]
(pass) completion shows output immediately and condenses untouched working details [6.80ms]
(pass) missing progress produces a generic working state, not invented activity [3.79ms]
(pass) foreign conversations, requests, raw tool/system messages and unsafe labels stay out [7.19ms]
(pass) markdown supports tables/code and safe links without HTML or remote image effects [22.43ms]
(pass) URLs reject executable, relative, credentials and malformed destinations [0.69ms]
(pass) gates never substitute fixture history in live mode [1.53ms]
(pass) owner binding captures the exact conversation for scroll and history [1.03ms]
(pass) stable activity order and turn identity survive interleaved response arrival [3.76ms]
(pass) history retry uses one existing owner without hiding retained messages [8.81ms]
(pass) semantic scroll anchor survives growth above it and only bottom readers follow [5.60ms]
(pass) a condensed activity falls back to its own summary rather than another response [2.03ms]
(pass) delayed initial history preserves the saved reading position through empty loading and error states [21.74ms]

ui/src/brief/chat/tab-strip/ConversationTabStrip.test.tsx:
(pass) a tab closed before entry settles keeps the same inert element through its exit [30.59ms]
(pass) rapid add-close-reopen keeps identity and a stale exit cannot remove the returned tab [29.33ms]
(pass) reduced motion removes an interrupted entrant immediately without leaving a ghost [22.91ms]
(pass) F-04 structural port projects stable identities and delegates only metadata operations [1.29ms]
(pass) 112px minimum and ordinary widths match native starting geometry [0.62ms]
(pass) non-scoped and wrong-source states cannot issue tab actions or look like an empty collection [3.78ms]
(pass) selected identity, panel linkage and roving focus remain separate [18.64ms]
(pass) closing inactive chat dispatches its exact ID without selecting it or cancelling another chat [11.12ms]
(pass) focused active closure follows owner selection and final closure focuses plus without creating history [17.76ms]
(pass) background removal cannot steal composer focus [11.60ms]
(pass) ten add/close cycles leave surviving tab identities and selected chat intact [158.09ms]
(pass) duplicate titles, long names and remote reorder retain ID-specific close targets [15.32ms]
(pass) failed writes preserve tabs and focus, report locally and allow a retry [15.01ms]
(pass) pending writes block repeated clicks and owner pending counts are respected [10.48ms]
(pass) mode loss/unmount during a write cannot apply a stale local confirmation [9.51ms]
(pass) a replacement workspace does not inherit a pending lock or late error [11.44ms]

ui/src/brief/shell/pebble-layout/pebble.test.tsx:
(pass) workspace geometry preserves room space, uses the workspace corner and has a readable single-pane fallback [1.00ms]
(pass) today: twenty open/close/reopen cycles retain room, object, conversation, draft and scroll [485.63ms]
(pass) workflow: twenty open/close/reopen cycles retain room, object, conversation, draft and scroll [482.43ms]
(pass) all-workflows: twenty open/close/reopen cycles retain room, object, conversation, draft and scroll [491.94ms]
(pass) memory-detail: twenty open/close/reopen cycles retain room, object, conversation, draft and scroll [485.69ms]
(pass) profile: twenty open/close/reopen cycles retain room, object, conversation, draft and scroll [637.48ms]
(pass) Escape closes locally and returns to the opener; an inner control can consume Escape [56.67ms]
(pass) closing a room-origin conversation restores that origin without scrolling [64.42ms]
(pass) narrow fallback keeps hidden work mounted, inert and scroll-stable; expanding keeps conversation focus [65.55ms]
(pass) route changes preserve the single conversation and its draft while resetting room scroll [54.24ms]
(pass) capability loss/recovery hides chrome without remounting room or its supplied conversation [75.36ms]
(pass) no binding provides no opener; live mode never mounts a fixture conversation [28.12ms]

ui/src/brief/shell/navigation/navigation.test.tsx:
(pass) live navigation requires the F-25 capability and rejects fixture data [1.61ms]
(pass) unavailable and stale reads never invent healthy connection, plan or zero counts [0.61ms]
(pass) actual billing names are retained; outages and self-hosted are distinct [0.76ms]
(pass) bounded counts and real parent links do not conflate object IDs and titles [0.74ms]
(pass) disabled rollout renders existing children without a replacement shell [24.32ms]
(pass) ten collapse/expand cycles retain the actual body DOM, draft, room, selection and chat [211.82ms]
(pass) new destinations start at the top but shell changes and same-room selection retain scroll [66.32ms]
(pass) account menu opens by keyboard, wraps focus, supports typeahead and Escape return [36.42ms]
(pass) all account destinations are reachable expanded/rail in both themes [189.47ms]
(pass) outside click dismisses without stealing the new focus; Tab returns toward normal flow [71.19ms]
(pass) route and theme changes do not strand a menu or change the account plan [39.44ms]
(pass) fresh read models and equivalent route objects leave the account menu and focus intact [48.51ms]
(pass) reopening during account-menu exit reuses one surface and recovers keyboard focus [105.10ms]
(pass) rail focus names its icon and dismissal leaves focus on that same destination [24.56ms]
(pass) status targets the connected workspace and unknown state remains explicitly named [18.45ms]

ui/src/brief/today/decision-transition/decision-transition.test.tsx:
(pass) double press locks immediately even if the owner has not rendered its pending state [28.00ms]
(pass) confirmed receipt retains paper, summary and count until settlement, then raises only the next identity [554.70ms]
(pass) draft and rejection receipts are distinct and do not claim a sent message [887.51ms]
(pass) an appended goal never displaces the front while pending or settling [445.38ms]
(pass) next projection alone, wrong attempt, identity, revision or action cannot acknowledge this decision [24.66ms]
(pass) approval without a committed effect is not completion [476.98ms]
(pass) accepting unstarted work advances without claiming execution [437.39ms]
(pass) permission approval has its own receipt without claiming execution [422.79ms]
(pass) a non-execution receipt cannot downgrade Approve & send [17.72ms]
(pass) approval receipts must match the reviewed meaning and effect in every direction [1.58ms]
(pass) non-execution acknowledgments cannot hide a canonical failed or uncertain effect [1.20ms]
(pass) errors, conflicts and unknown outcomes keep the affected paper, including when another item is supplied [16.46ms]
(pass) a refreshed conflicting version must be reviewed anew before a fresh request [33.44ms]
(pass) lost response and reloaded unresolved projection never retry or replay completion [20.89ms]
(pass) a mounted historical receipt never plays a new completion [7.13ms]
(pass) confirmed result waits for a fresh authoritative next projection, not a stale/failed read [436.27ms]
(pass) canonical failed or unknown outcome overrides even a conflicting optimistic receipt [1.09ms]
(pass) a failure received during confirmation cancels advancement [485.48ms]
(pass) a failure received during non-reduced settlement cancels advancement [733.26ms]
(pass) keyboard focus follows the next Review path without stealing focus from another control [876.64ms]
(pass) resolving an expanded review restores its pre-review scroll position for the next paper [438.71ms]
(pass) unmount cancels presentation timers and late callback failures cannot affect a new paper [21.90ms]
(pass) capability loss clears a retained document and cannot expose an old writer [11.39ms]

ui/src/brief/today/outcomes/outcomes.test.tsx:
(pass) animated numbers expose one complete formatted value through updates [8.77ms]
(pass) an unknown weekly change exposes its meaning rather than an unnamed dash [9.86ms]
(pass) live values require a live owner and both outcome and measurement gates [20.64ms]
(pass) unknown, missing baseline, wrong units and missing provenance never become time claims [47.78ms]
(pass) a real measured zero is distinct from an unknown value [22.23ms]
(pass) loading, empty, stale, unsupported and unavailable keep distinct honest messages [28.05ms]
(pass) unknown goal measurement does not infer six partners from a goal title [20.16ms]
(pass) approved bands share exact boundaries and preserve fractional progress [25.64ms]
(pass) only the changed count glyphs and seventh segment update; labels and time nodes persist [47.63ms]
(pass) remount, new window and new goal never replay a count-up or arrival animation [71.51ms]
(pass) reaching a two-digit target retains the denominator and its reserved numeric slot [31.73ms]
(pass) reduced motion updates values immediately and cancels an interrupted glyph animation [61.46ms]
(pass) bar values are available on keyboard focus with no numeric fallback [20.22ms]
(pass) values above the chart scale are marked rather than silently misrepresented [18.38ms]
(pass) evidence includes basis, timezone, qualification and source count without the removed heading [22.11ms]
(pass) activity uses stable source identities, and only a bound destination is interactive [15.99ms]
(pass) empty and unavailable activity never invent events or expose preview rows in live mode [5.82ms]

ui/src/brief/today/opportunity-stack/opportunity-stack.test.tsx:
(pass) preview/live sources and preparation/activation gates remain separate [2.09ms]
(pass) acceptance requires the exact receipt, action and immutable workflow version [1.35ms]
(pass) preparation, stale reads, missing binding credentials and absent writers never enable [64.09ms]
(pass) malformed ready snapshots cannot enable [1.15ms]
(pass) ten local next cycles retain the list; light/dark and compact changes retain selection [530.25ms]
(pass) double approval confirms locally, then removes exactly one and leaves the next actionable [1234.57ms]
(pass) dismiss has a neutral acknowledgement and final empty state restores local focus [1874.94ms]
(pass) missing reads do not reset a pending operation or permit a duplicate submission [640.31ms]
(pass) lost, mismatched, unknown, failed and conflicting results keep the proposal and block retries [3367.19ms]
(pass) a lost response can recover only from a receipt matching the outstanding request [629.42ms]
(pass) a changed revision fences the old callback and permits reviewing the new prepared version [18.27ms]
(pass) a changed account cannot display or settle another account's request [620.48ms]
(pass) owner removing the accepted item before its response does not skip another proposal [623.52ms]
(pass) background changes leave external composer focus and content intact [25.24ms]
(pass) terminal snapshots stay absent, duplicate identities fail closed, unknown count is not zero [10.39ms]
(pass) freshness loss during a navigation exit still settles the next cached proposal [63.80ms]
(pass) stale proposals allow repeated local navigation without allowing writes [1191.34ms]
(pass) stale data still holds an action receipt until fresh confirmation can be presented [1238.94ms]
(pass) approve_enable retains the next proposal identity when the refreshed list is earlier-removed [675.80ms]
(pass) approve_enable retains the next proposal identity when the refreshed list is owner-removed-current [670.44ms]
(pass) approve_enable retains the next proposal identity when the refreshed list is reordered [667.31ms]
(pass) approve_enable retains the next proposal identity when the refreshed list is successor-removed [671.70ms]
(pass) approve_enable retains the next proposal identity when the refreshed list is all-replaced [679.48ms]
(pass) dismiss retains the next proposal identity when the refreshed list is earlier-removed [687.41ms]
(pass) dismiss retains the next proposal identity when the refreshed list is owner-removed-current [682.53ms]
(pass) dismiss retains the next proposal identity when the refreshed list is reordered [690.87ms]
(pass) dismiss retains the next proposal identity when the refreshed list is successor-removed [683.82ms]
(pass) dismiss retains the next proposal identity when the refreshed list is all-replaced [678.18ms]
(pass) refresh order does not replace the initially selected identity [12.88ms]
(pass) a response after remount cannot alter the new stack [643.49ms]
(pass) an in-flight identity can be left and restored without losing its request or receipt [633.93ms]
(pass) an authoritative recovery cannot be overwritten by a late transport failure [621.28ms]

ui/src/brief/today/goal-card/goal-card.test.tsx:
(pass) measurement and recommendation gates are independent and never mix fixtures into live [2.10ms]
(pass) ten open/return cycles retain title, measured value, progress node and keyboard return [171.21ms]
(pass) two immediate presses issue one request; receipt waits for a fresh matching queue; progress never changes [59.39ms]
(pass) each receipt identity field must match; a changed title, wrong destination or duplicate queue is not confirmation [2.30ms]
(pass) failed, conflicting, unknown and lost responses never announce success or enable a blind retry [140.97ms]
(pass) blocked, expired, stale, changed-goal and historical accepted recommendations cannot dispatch [135.36ms]
(pass) expiry while visible disables acceptance without waiting for a user navigation [132.68ms]
(pass) old async completion cannot enter a changed goal or a lost capability [23.54ms]
(pass) a remounted accepted projection does not replay destination motion or submit [32.53ms]
(pass) a receipt for different work never confirms even when that other item exists in the queue [34.96ms]
(pass) a changed recommendation revision ignores the old response and allows review of the new identity [54.34ms]
(pass) a settled receipt highlights once; unchanged refresh and returning to the recommendation do not replay it [2341.84ms]
(pass) loading, empty and unavailable recommendations keep a local return; unknown progress is never zero [76.09ms]
(pass) temporary recommendation loss retains the pending attempt and its response without a second dispatch [104.22ms]
(pass) interleaved recommendation requests retain separate results across an identity round trip [118.12ms]
(pass) lost goal data does not replay a settled receipt or unlock a completed attempt on recovery [1334.81ms]
(pass) background recommendation revisions and recovery preserve focus and text in another control [46.58ms]
(pass) an automatic recommendation close restores focus when its removed control held it [42.52ms]
(pass) callbacks from a replaced owner scope cannot overwrite a new request for the same identity [103.17ms]

ui/src/brief/today/hero-paper/hero-paper.test.tsx:
(pass) source and readiness gates never expose sample decisions as live; preview rejects live writers [1.60ms]
(pass) ten re-hover cycles in all eight shell/chat/theme combinations leave the summary and identity unchanged [1257.60ms]
(pass) direct hover controls dispatch the exact source revision once, without pinning or navigating [93.44ms]
(pass) Review is a visible keyboard/touch path; close restores focus and permits a fresh hover [132.33ms]
(pass) Escape from a first-use paper action returns focus without opening Review first [82.58ms]
(pass) wheel over the closed companion scrolls Today, but not while chat is open [69.70ms]
(pass) companion wheel preserves zoom, nested scrolling and boundary behavior [76.10ms]
(pass) queue insertion retains the front paper; a new identity starts at rest with its own document [93.48ms]
(pass) stale, pending and unresolved effects never gain actionable approval or imply success [58.35ms]
(pass) loading, empty and unavailable are distinct, without fictional completed work [52.98ms]
(pass) long review retains all content and the same open document across Pebble and theme changes [91.74ms]
(pass) leaving Today clears its companion reservation without replacing the conversation [53.51ms]

ui/src/brief/components/controls/controls.test.tsx:
(pass) pending actions retain focus, suppress repeat activation and prevent submit [10.48ms]
(pass) native disabled and aria-disabled buttons cannot activate [2.56ms]
(pass) alternate action labels reserve space but remain hidden from assistive technology [2.50ms]
(pass) fields retain the input node and value through validation and success [10.34ms]
(pass) native select and textarea remain labeled and retain supplied semantics [6.13ms]
(pass) switch reports the opposite value once; disabled position and meaning stay intact [3.35ms]
(pass) segment groups use independent native radio names and controlled selection [8.64ms]
(pass) tab arrows skip disabled entries without activating; switching preserves panel state [7.21ms]
(pass) menu uses a portal with inherited theme; keyboard skips disabled and restores trigger [12.55ms]
(pass) menu opens at last item with ArrowUp; Escape dismisses without action [8.48ms]
(pass) menu dismisses on outside pointer and focus without stealing focus [9.91ms]
(pass) an open menu follows a local appearance change [4.90ms]
(pass) tooltip is immediate on focus, has a description, and Escape retains focus [4.17ms]
(pass) Escape dismisses the hint before its containing panel, then reaches the panel on a second press [3.66ms]
(pass) unmount removes a menu and its portaled content [5.39ms]
(pass) pointer departure does not dismiss a keyboard-focused tooltip [120.49ms]

2 tests skipped:
(skip) actual F07 service/routes create one populated disabled draft after a lost POST
(skip) actual F08 discovery and pinned request recover one populated draft, no credentials or execution

 509 pass
 2 skip
 0 fail
 4812 expect() calls
Ran 511 tests across 34 files. [52.35s]
