bun test v1.4.2 (744846f84)

ui/src/brief/decisions/controller.test.ts:
(pass) selection follows identity through reorder and refresh [7.21ms]
(pass) approval is acknowledged before next selection, and never claims execution [25.24ms]
(pass) keep draft remains in the queue and requires reopening, not silent reapproval [47.90ms]
(pass) rejection has a truthful local receipt and resolves only the chosen item [24.60ms]
(pass) edit/save carries the complete typed document and uses the new approval revision [28.28ms]
(pass) stale refresh preserves unsaved content and prevents save or approval [25.16ms]
(pass) cancel edit writes nothing and restores original document [23.04ms]
(pass) invalid edits cannot be submitted [2.42ms]
(pass) stale never offers a mutation [2.50ms]
(pass) read-only never offers a mutation [1.61ms]
(pass) unavailable never offers a mutation [2.03ms]
(pass) empty never offers a mutation [1.86ms]
(pass) rendered revision must match even when a fresher controller view exists [4.06ms]
(pass) lost responses stay pinned through empty/reordered reads; recovery never resends [28.64ms]
(pass) unknown save keeps its draft frozen until receipt and fresh view reconcile [26.90ms]
(pass) definitive refusal needs explicit refresh, unlike an unknown transport result [4.82ms]
(pass) all receipt correlations are required; execution is not a document receipt [0.24ms]
(pass) mismatched receipt cannot advance or unlock a decision [24.60ms]
(pass) late reads cannot replace a newer refresh [1.19ms]
(pass) scope revocation and retirement prevent mutation and stale repaint [1.83ms]
(pass) concurrent press cannot create a second in-flight decision [33.17ms]
(pass) retained rejected blocker is not fabricated away [22.58ms]
(pass) calendar changes preserve readonly options and validate timezones [26.32ms]
(pass) R1: recovering a settled save cannot discard a later edit or replay acknowledgement [46.30ms]
(pass) R1: recovering a settled reopen cannot discard a later edit or replay acknowledgement [45.10ms]
(pass) R2: a second edit remains visible and cancellable after a removed refresh [46.16ms]
(pass) R2: a second edit remains visible and cancellable after a unavailable refresh [44.79ms]
(pass) R2: a second edit remains visible and cancellable after a changed refresh [45.13ms]
(pass) R3: selecting during settlement's delayed refresh wins over automatic advancement [29.97ms]
(pass) R1: an acknowledged save still recovers after its projection read fails [46.73ms]
(pass) R1: typing during save reconciliation is not consumed by that earlier save [29.74ms]

ui/src/brief/decisions/DecisionsRoom.test.tsx:
(pass) clean heading, same Today identity, only unresolved text highlighted [106.14ms]
(pass) selection survives every theme/sidebar/chat combination and routes by approval ID [339.67ms]
(pass) direct Today review alias opens the matching document [35.64ms]
(pass) editing keeps the document/actions mounted and blocks selection/approval [97.96ms]
(pass) unsupported edits stay disabled with a visible reason [43.33ms]
(pass) uncertainty retains the selected document until read-only recovery [91.92ms]
(pass) calendar preview includes readonly options, not raw tool arguments [63.05ms]
(pass) missing live capability, fixture/live mismatch and wrong scope fail closed [56.23ms]
(pass) ten decisions are real buttons, not truncated previews [75.88ms]
(pass) empty is not confused with unavailable [63.36ms]
(pass) keep draft advancement updates the return route instead of reopening the deferred item [166.57ms]
(pass) room return restores document and selector reading positions from its retained owner [71.20ms]
(pass) R1: a settled save removes Check result before the next edit [117.08ms]
(pass) R2: a remotely removed second edit keeps its text and Cancel reachable through chat reflow [239.19ms]

 45 pass
 0 fail
 207 expect() calls
Ran 45 tests across 2 files. [2.74s]
