bun test v1.4.2 (744846f84)

ui/src/brief/motion/motion.test.tsx:
(pass) durations retain the approved contact, local and spatial entry/exit rules [25.53ms]
(pass) reversal samples the rendered position before cancellation, never the old endpoint [22.71ms]
(pass) twenty reversals have one current animation; stale completion cannot cancel its replacement [39.34ms]
(pass) reduced motion interrupts immediately to the same latest endpoint [4.03ms]
(pass) unsupported WAAPI still commits the final usable style [2.74ms]
(pass) an unchanged endpoint never replays an animation, including after reduced motion [4.30ms]
(pass) disposal restores owned inline properties and cancels work without touching unrelated styling [4.05ms]
(pass) mount is still; subsequent intents preserve focus and content while moving only the wrapper [40.03ms]
(pass) live OS preference changes finish a running transition without remounting or losing state [17.89ms]
(pass) local reduced examples match selection without bypassing the OS or animating [10.50ms]
(pass) StrictMode mount and unmount leave no animation or media listeners behind [16.72ms]

ui/src/brief/opportunities/controller.test.ts:
(pass) a definitive refusal can be retried only after a fresh read, unlike uncertainty [9.93ms]
(pass) selection survives reorder and refresh, uses IDs rather than indexes [3.16ms]
(pass) a new revision replaces list and brief together; missing selection chooses a real remaining row [4.38ms]
(pass) approval acknowledges the same item before settling the next and advances once [24.12ms]
(pass) dismissal has a distinct receipt and leaves no saved/dismissed destination [41.35ms]
(pass) R1: refresh during approve acknowledgement retains the slot and advances to the original successor [23.77ms]
(pass) R1: refresh during dismiss acknowledgement retains the slot and advances to the original successor [23.43ms]
(pass) R1: pending registration keeps its slot through reorder and recovers the original next identity [25.33ms]
(pass) R1: a vanished successor is skipped and a newer user selection wins [49.97ms]
(pass) duplicate intent is locked synchronously, including opposite actions [44.02ms]
(pass) pending registration is approval saved, not enabled; refresh retains it for recovery [51.74ms]
(pass) blocked registration and later paused workflow are never a successful enable [21.26ms]
(pass) pending registration and later paused workflow are never a successful enable [20.61ms]
(pass) lost response keeps the original identity locked; recovery is read-only [25.02ms]
(pass) null recovery leaves unknown locked and does not resend [2.16ms]
(pass) older and mismatched recovery receipts cannot replace an acknowledged result [22.19ms]
(pass) a decision response cannot steal a newer user selection [50.52ms]
(pass) out-of-order refresh and retired owners ignore late responses [2.32ms]
(pass) stale remains a distinct read state with no actions [1.71ms]
(pass) unavailable remains a distinct read state with no actions [1.44ms]
(pass) unsupported remains a distinct read state with no actions [1.45ms]
(pass) loading remains a distinct read state with no actions [1.42ms]
(pass) empty remains a distinct read state with no actions [1.36ms]
(pass) read failure preserves visible data as stale, and access revocation prevents dispatch [2.58ms]
(pass) read-only capability permits browsing but no decisions [1.74ms]
(pass) revoking access during refresh cannot strand the restored room in refreshing [3.36ms]
(pass) legacy draft-ready, blocked binding and canApprove=false never become ready [0.35ms]
(pass) receipt guard rejects mismatched proposalId [0.17ms]
(pass) receipt guard rejects mismatched revision [0.02ms]
(pass) receipt guard rejects mismatched decision [0.01ms]
(pass) receipt guard rejects mismatched workflow [0.01ms]
(pass) receipt guard rejects mismatched receiptId

ui/src/brief/opportunities/OpportunitiesRoom.test.tsx:
(pass) wrong source, wrong scope and missing live capability fail closed without reads [56.08ms]
(pass) list and detail retain exact selected identity through shell changes and refresh [225.70ms]
(pass) a routed proposal selects its real identity once available [87.10ms]
(pass) finished output stays qualified and legacy chrome remains absent [49.25ms]
(pass) approval resolves locally, does not navigate, and advances focus to the next choice [1051.25ms]
(pass) late acknowledgement does not steal focus from the composer [1067.21ms]
(pass) registration pending keeps the proposal visible and distinguishes saved from enabled [71.77ms]
(pass) registration blocked keeps the proposal visible and distinguishes saved from enabled [69.49ms]
(pass) unknown acknowledgement shows recovery and cannot duplicate the approval [113.67ms]
(pass) preparing cannot visually or behaviorally promote a proposal to ready [38.20ms]
(pass) blocked cannot visually or behaviorally promote a proposal to ready [39.65ms]
(pass) stale cannot visually or behaviorally promote a proposal to ready [40.98ms]
(pass) missing preview has an explicit unavailable state, no invented output [36.06ms]
(pass) definitive refusal explains refresh without pretending the result is pending [89.28ms]
(pass) room unmount/remount preserves pending decisions and selection in the owner [96.42ms]
(pass) R2: selector and brief retain independent positions on return; another proposal starts at its heading [180.04ms]
(pass) activation capability changes immediately update rendered controls [104.45ms]

ui/src/brief/entry/route.test.ts:
(pass) the default and non-exact flag values keep the released dashboard [0.70ms]
(pass) all existing sidecar and dashboard destinations retain their route owner [0.26ms]
(pass) onboarding reset owns the page even when a Brief URL was bookmarked [0.05ms]
(pass) fixture mode requires both its explicit flag and isolated destination [0.18ms]
(pass) every registered destination resolves without requiring another room's module [0.64ms]
(pass) unknown or malformed Brief destinations use the existing safe fallback [0.11ms]
(pass) source identities roundtrip without inventing a record or retaining unknown query keys [0.36ms]
(pass) rollback removes only the Brief opt-in and preserves connection parameters [0.55ms]

ui/src/brief/entry/DashboardEntry.test.tsx:
(pass) flag off and legacy hash navigation retain one legacy mount and its connection owner [9.16ms]
(pass) every current room and sidecar panel still resolves through the released router [22.56ms]
(pass) isolated preview owns no live connection, fetch or onboarding side effects [28.58ms]
(pass) Today review and illustrative decision actions never call live providers [1962.89ms]
(pass) real Brief entry remains behind the existing onboarding gate [3.61ms]
(pass) shared-control specimen is isolated from live account and connection effects [79.66ms]
(pass) motion specimen stays isolated and unmounts without live side effects [71.31ms]
(pass) navigation review uses the production shell without live reads, sockets or account actions [90.49ms]
(pass) missing modules give a truthful fallback instead of fabricated empty business data [17.24ms]
(pass) Pebble review mounts one isolated conversation without live reads or writers [119.05ms]
(pass) room modules preserve shell state and selected source IDs through navigation [23.13ms]
(pass) navigation readiness loss and recovery preserve the mounted room and edited draft [106.90ms]
(pass) a fixture view cannot accidentally supply live room business data [14.79ms]

ui/src/brief/decisions/controller.test.ts:
(pass) selection follows identity through reorder and refresh [7.20ms]
(pass) approval is acknowledged before next selection, and never claims execution [26.04ms]
(pass) keep draft remains in the queue and requires reopening, not silent reapproval [47.97ms]
(pass) rejection has a truthful local receipt and resolves only the chosen item [24.57ms]
(pass) edit/save carries the complete typed document and uses the new approval revision [27.46ms]
(pass) stale refresh preserves unsaved content and prevents save or approval [36.56ms]
(pass) cancel edit writes nothing and restores original document [23.52ms]
(pass) invalid edits cannot be submitted [2.32ms]
(pass) stale never offers a mutation [2.23ms]
(pass) read-only never offers a mutation [1.63ms]
(pass) unavailable never offers a mutation [1.54ms]
(pass) empty never offers a mutation [1.45ms]
(pass) rendered revision must match even when a fresher controller view exists [3.51ms]
(pass) lost responses stay pinned through empty/reordered reads; recovery never resends [28.61ms]
(pass) unknown save keeps its draft frozen until receipt and fresh view reconcile [26.68ms]
(pass) definitive refusal needs explicit refresh, unlike an unknown transport result [5.00ms]
(pass) all receipt correlations are required; execution is not a document receipt [0.41ms]
(pass) mismatched receipt cannot advance or unlock a decision [24.89ms]
(pass) late reads cannot replace a newer refresh [0.96ms]
(pass) scope revocation and retirement prevent mutation and stale repaint [1.96ms]
(pass) concurrent press cannot create a second in-flight decision [32.46ms]
(pass) retained rejected blocker is not fabricated away [22.09ms]
(pass) calendar changes preserve readonly options and validate timezones [26.08ms]
(pass) R1: recovering a settled save cannot discard a later edit or replay acknowledgement [46.49ms]
(pass) R1: recovering a settled reopen cannot discard a later edit or replay acknowledgement [45.64ms]
(pass) R2: a second edit remains visible and cancellable after a removed refresh [47.02ms]
(pass) R2: a second edit remains visible and cancellable after a unavailable refresh [45.85ms]
(pass) R2: a second edit remains visible and cancellable after a changed refresh [46.00ms]
(pass) R3: selecting during settlement's delayed refresh wins over automatic advancement [30.14ms]
(pass) R1: an acknowledged save still recovers after its projection read fails [47.39ms]
(pass) R1: typing during save reconciliation is not consumed by that earlier save [29.32ms]

ui/src/brief/decisions/DecisionsRoom.test.tsx:
(pass) clean heading, same Today identity, only unresolved text highlighted [50.62ms]
(pass) selection survives every theme/sidebar/chat combination and routes by approval ID [323.33ms]
(pass) direct Today review alias opens the matching document [58.21ms]
(pass) editing keeps the document/actions mounted and blocks selection/approval [104.50ms]
(pass) unsupported edits stay disabled with a visible reason [40.90ms]
(pass) uncertainty retains the selected document until read-only recovery [107.58ms]
(pass) calendar preview includes readonly options, not raw tool arguments [82.76ms]
(pass) missing live capability, fixture/live mismatch and wrong scope fail closed [55.76ms]
(pass) ten decisions are real buttons, not truncated previews [87.45ms]
(pass) empty is not confused with unavailable [67.10ms]
(pass) keep draft advancement updates the return route instead of reopening the deferred item [190.41ms]
(pass) room return restores document and selector reading positions from its retained owner [85.43ms]
(pass) R1: a settled save removes Check result before the next edit [142.36ms]
(pass) R2: a remotely removed second edit keeps its text and Cancel reachable through chat reflow [280.13ms]

ui/src/brief/workflows/manage-list/controller.test.ts:
(pass) load/commands are default off and retirement prevents new or late writes [2.59ms]
(pass) same identity, revision and operation are sent; acknowledgement changes only that row [5.66ms]
(pass) failed enable keeps paused value and the exact blocker [3.69ms]
(pass) cancel does not mutate anything or submit; confirmation required [2.09ms]
(pass) two removals and reverse-order Undo restore exact slots and version/run identity, paused [8.81ms]
(pass) refresh retains pending Undo and order despite provider timestamp sorting [6.54ms]
(pass) rejected delete and restore never change visibility [6.56ms]
(pass) expired receipt never restores locally or dispatches another command [3.67ms]
(pass) uncertain delete locks row; refresh cannot clear it; reconciliation does not replay [6.04ms]
(pass) uncertain restore retains receipt and resolves once into paused original identity [6.38ms]
(pass) concurrent row requests settle independently and repeated actions submit once [4.83ms]
(pass) access loss blocks new commands while keeping submitted acknowledgement [4.08ms]
(pass) stale, unavailable, unsupported and empty are distinct; stale actions fail closed [6.54ms]
(pass) read rejects mismatched owner and duplicate IDs without a partial list [1.94ms]
(pass) wrong request/owner/flow/action/version or enabled restoration cannot acknowledge [2.18ms]
(pass) invalid acknowledgement becomes uncertain and cannot unlock a second attempt [3.62ms]
(pass) newest read wins even when a provider ignores abort [0.55ms]
(pass) all removed and empty refresh still permit receipt-backed restoration [10.48ms]
(pass) list position/selection persist independently of row actions [5.01ms]
(pass) a loading projection can be refreshed later without a stuck busy state [3.25ms]
(pass) R1: a ready snapshot restores an externally DISABLED workflow to its reserved slot [6.95ms]
(pass) R1: a ready snapshot restores an externally ENABLED workflow to its reserved slot [6.57ms]
(pass) R1: a stale pre-deletion snapshot cannot resurrect a removed workflow or clear its receipt [7.00ms]
(pass) R2: fresh external activation supersedes the previous local status message [4.93ms]
(pass) R2: a fresh ready snapshot clears a resolved blocker and permits enabling with its new revision [7.55ms]
(pass) R2: unchanged fresh data clears transient command feedback, but a stale response does not [6.78ms]

ui/src/brief/workflows/manage-list/WorkflowManagementRoom.test.tsx:
(pass) missing, wrong-source, wrong-owner and capability-off binding fail closed [11.35ms]
(pass) switch and bin are separate targets; only the name opens the exact workflow [101.80ms]
(pass) inline confirm is keyboard reachable; Escape restores focus to the same bin [65.31ms]
(pass) acknowledged deletion hides and inerts only its row, Undo restores it paused [73.40ms]
(pass) failed enable exposes blocker and leaves Paused, not Draft [40.35ms]
(pass) uncertain mutation exposes Check result instead of another Delete; matching result resolves once [81.35ms]
(pass) all eight shell states and unmount/remount retain activation and removed identity [168.47ms]
(pass) read failures and missing live capability do not invent a zero-count empty list [16.67ms]
(pass) no removed date, subtitle, footer, global creation control or irreversible route appears [41.37ms]
(pass) a late row acknowledgement does not steal focus from conversation input [326.61ms]
(pass) R1: Refresh reveals an externally restored workflow and removes its obsolete Undo [75.65ms]
(pass) R2: Refresh cannot show an Enabled switch beside obsolete paused feedback [57.35ms]

ui/src/brief/workflows/create/controller.test.ts:
(pass) one rapid submission persists the exact prompt and key before POST [5.64ms]
(pass) lost POST recovers its receipt without generating a second draft [0.94ms]
(pass) unknown request replay keeps the original key and wording after edits and remount [0.82ms]
(pass) terminal failed retains prompt and permits an explicit new request [0.52ms]
(pass) terminal blocked retains prompt and permits an explicit new request [0.27ms]
(pass) terminal cancelled retains prompt and permits an explicit new request [0.17ms]
(pass) persist failure makes zero requests and keeps the prompt [0.33ms]
(pass) receipt save failure cannot acknowledge navigation [0.63ms]
(pass) saved result opens once and retains exact IDs and selected position [0.57ms]
(pass) retiring a scope fences late results and further effects [0.46ms]
(pass) scope storage keys cannot collide or expose another prompt [0.28ms]
(pass) malformed storage blocks new composition instead of discarding an unknown key [0.36ms]
(pass) foreign request or changed job receipts never navigate [0.77ms]
(pass) UTF-8 bound rejects oversized prompts; raw markup remains text [0.49ms]
(pass) capability-disabled and mismatched servers perform zero requests [0.82ms]
(pass) F07 HTTP adapter uses only composition routes and matches exact receipts [3.16ms]
(pass) canonical recents select latest per flow, carry stable IDs and distinguish every failure [0.98ms]
(pass) retired recovery never submits or stores a late missing lookup [1.18ms]
(pass) retired recovery never submits or stores a late found lookup [0.10ms]
(pass) retired recovery never submits or stores a late rejected lookup [0.08ms]
(pass) failed read restoration cannot overwrite the recovery record through editing or scrolling [1.11ms]
(pass) failed parse restoration cannot overwrite the recovery record through editing or scrolling [0.35ms]
(pass) failed validation restoration cannot overwrite the recovery record through editing or scrolling [0.45ms]
(pass) a later write failure can preserve a known request when storage becomes writable [0.87ms]

ui/src/brief/workflows/create/WorkflowCreationRoom.test.tsx:
(pass) suggestion only fills the shared composer and does not submit [37.43ms]
(pass) burst sends once, then opens the returned flow AND version exactly once [47.67ms]
(pass) failed data can never show a success summary, and the whole row carries exact selection [21.90ms]
(pass) list return boundary does not clear prompt or selected row [47.81ms]
(pass) disabled capability preserves the editable prompt but never submits [17.64ms]
(pass) fixture data and controller never appear in live rooms [2.10ms]
(pass) failed receipts retain wording and render blockers as plain text [39.90ms]
(pass) loading, empty and unavailable recents remain distinct [35.53ms]
(pass) no date, subtitle or global creation CTA returns [14.64ms]
(pass) loading history cannot erase a retained stream position before rows return [62.48ms]
(pass) ingredient scope mismatch cannot expose another account's catalog [16.09ms]
(pass) selected ingredients without F08 cannot submit; explicit removal restores plain creation [34.05ms]

ui/src/brief/workflows/create/f07-compatibility.test.ts:
(skip) actual F07 service/routes create one populated disabled draft after a lost POST

ui/src/brief/workflows/canvas/canvas.test.tsx:
(pass) mount boundary requires capability, exact selected identity and matching source [1.88ms]
(pass) version pin rejects another latest draft before the hook can edit it [13.67ms]
(pass) real graph edits serialize branch, loop, nested orphan settings and positions [6.92ms]
(pass) delete and undo restore one subtree and preserve its settings [7.47ms]
(pass) actual sample input/output paths remain separate from production configured input [5.52ms]
(pass) a published version creates a draft on save instead of patching a locked version [5.12ms]
(pass) discard restores authored settings without losing a different scope [5.63ms]
(pass) preview rejects execution and installation rather than falling through to network [1.41ms]
(pass) detached chains extend with global IDs and delete only the chosen step [7.78ms]
(pass) discard restores the saved workflow name, not the edited version object [4.11ms]
(pass) detached descendant names are reserved when creating piece [35.48ms]
(pass) detached descendant names are reserved when creating control-flow [7.62ms]
(pass) detached descendant names are reserved when creating error-handler [5.83ms]
(pass) a positioned detached child keeps its location on promotion, moves, saves and undoes [8.22ms]
(pass) moving an orphan root retires a stale saved descendant override [3.31ms]

ui/src/brief/workflows/context/controller.test.ts:
(pass) context matches owner, flow, version and configured/recorded identity [3.23ms]
(pass) invalid and duplicate group entries fail closed; unknown is not empty [2.04ms]
(pass) redaction strips label, content and source before caching without copying extra fields [0.78ms]
(pass) configured and recorded context remain independent, including historical versions [2.88ms]
(pass) parallel reads settle into their own query, never beneath the other basis [1.20ms]
(pass) repeated refresh coalesces a slow read instead of restarting it [0.83ms]
(pass) owner retirement aborts reads and rejects late provider results [0.81ms]
(pass) a failed refresh keeps qualified stale data; retry recovers [0.93ms]
(pass) missing, removed, stale, partial, unavailable, unsupported and empty retain their meaning [1.22ms]
(pass) mode and per-query scroll positions survive repeated returns [1.11ms]

ui/src/brief/workflows/context/WorkflowContextRoom.test.tsx:
(pass) gates reject unsupported/source/scope/flow/version mismatches before any read [5.22ms]
(pass) configured and used-by-run views show their own goal and exact version [51.92ms]
(pass) all eight shell states and remount preserve mode and recorded identity [64.71ms]
(pass) source actions carry exact IDs; missing/removed sources have no false target [25.17ms]
(pass) no selected run disables the recorded choice without inventing usage [16.01ms]
(pass) partial context does not replace unknown usage with configured facts [22.72ms]
(pass) unavailable, unsupported and empty have distinct UI [23.07ms]
(pass) long arbitrary text renders as text; explicit redaction hides all marked fields [18.88ms]
(pass) header destinations retain flow/version/run and no removed chrome returns [16.70ms]
(pass) Run shares the Runs owner and selects its receipt; uncertainty stays locked [798.28ms]
(pass) a wrong-scope command owner is disabled [11.32ms]
(pass) returning from another room refreshes configured context without losing the chosen basis [26.90ms]
(pass) changed source and permission links preserve their separate source identities [19.92ms]
(pass) late run acknowledgement cannot navigate a replaced command owner [407.75ms]

ui/src/brief/workflows/ingredient-picker/ingredients.test.ts:
(pass) canonical pins copy only the public union, reject extras, duplicates and stale hash formats [0.80ms]
(pass) unknown receipts cannot drop, reorder or repin selected ingredients [1.71ms]
(pass) pinned ingredients persist before POST, retry exact uncertain request and survive remount [1.60ms]
(pass) clear only a matching prompt AND selection; retain edits during a pending success [0.69ms]
(pass) legacy saved state without ingredients remains readable, malformed pins cannot replace stored state [0.37ms]
(pass) F08 gates admission but existing receipts remain recoverable when the picker is disabled [0.76ms]
(pass) real discovery pins grant selection; package metadata never does; credential fields never copied [3.54ms]
(pass) disabled discovery performs no network request [0.74ms]
(pass) duplicate pages and partial failures never masquerade as a complete catalog [1.01ms]
(pass) retired catalog reads abort without committing partial choices; 100-entry discovery page is valid [3.85ms]
(pass) discovery normalizes public whitespace labels without changing pinned identities [1.52ms]
(pass) service identities survive optional metadata loss and metadata renaming [1.17ms]

ui/src/brief/workflows/ingredient-picker/IngredientPicker.test.tsx:
(pass) select both types, preserve search/category on reopen, remove chip without losing prompt focus [81.41ms]
(pass) missing account and uninstalled entries explain availability without granting selection [23.20ms]
(pass) off capability closes the picker and does not permit reopening; selections remain [25.85ms]
(pass) rapid reversal keeps one portal and closes on outside interaction [86.15ms]
(pass) service filter survives renamed metadata and resets when its package disappears [48.39ms]

ui/src/brief/workflows/ingredient-picker/f08-compatibility.test.ts:
(skip) actual F08 discovery and pinned request recover one populated draft, no credentials or execution

ui/src/brief/workflows/recent-rows/read.test.ts:
(pass) current API reads canonical IDs/status, excludes never-run drafts, never forwards captured output [2.04ms]
(pass) unavailable run reads are not an empty collection [0.47ms]
(pass) partial reads preserve known rows and disclose incompleteness [0.37ms]
(pass) cross-flow or malformed runs cannot be displayed [0.39ms]
(pass) inventory is paginated and capped; workers never run more than four reads [91.17ms]
(pass) empty inventory has no run requests and stays distinct [0.77ms]

ui/src/brief/workflows/runs/controller.test.ts:
(pass) all seven states and historical versions retain immutable identities [20.39ms]
(pass) late A cannot replace B, even when the provider ignores cancellation [4.43ms]
(pass) changing selection removes the previous result immediately, including on read failure [8.69ms]
(pass) same-run refresh failure is stale, never a fresh success or another run [4.13ms]
(pass) reject run identity substitution in selected detail [1.75ms]
(pass) reject flow identity substitution in selected detail [1.30ms]
(pass) reject scope identity substitution in selected detail [1.66ms]
(pass) reject version identity substitution in selected detail [1.32ms]
(pass) partial receipts and waitpoints remain inspectable without replay actions [5.26ms]
(pass) manual run is single-flight, pinned and selects the returned ID [3.27ms]
(pass) an unconfirmed command stays locked through subsequent reads and subscriptions [2.39ms]
(pass) definitely not submitted releases the command but a mismatched receipt does not [0.72ms]
(pass) owner retirement rejects late detail and command results [0.53ms]
(pass) a head-page request started before Run cannot overwrite its new receipt [1.36ms]
(pass) history paging deduplicates IDs and preserves selection [2.79ms]
(pass) invalid projections cannot smuggle identities or unusable statuses [0.64ms]

ui/src/brief/workflows/runs/refresh.test.ts:
(pass) R1 refresh bridges new head pages after previously exhausted history [2.51ms]
(pass) R1 refresh keeps the continuation after bridging a partial loaded range [2.87ms]
(pass) R2 repeated refreshes do not supersede a slow history read [2.35ms]
(pass) R2 a selected slow detail survives polling and a genuine selection still cancels it [5.27ms]
(pass) R2 polling cannot cancel an in-flight older page [2.35ms]
(pass) R3 selected detail immediately reconciles the matching cached history summary [2.64ms]
(pass) R3 refresh also reconciles older unselected nonterminal rows [2.53ms]
(pass) R1 a failed gap read keeps stale history recoverable and retries from the head [4.83ms]
(pass) R1 a repeated cursor fails locally instead of looping or claiming complete history [2.12ms]
(pass) R1 a large changed range remains bounded with an explicit usable continuation [4.43ms]
(pass) R3 an in-flight old history snapshot cannot undo a newer detail summary [7.32ms]
(pass) R3 a stale detail does not overwrite a fresh history status [2.83ms]
(pass) accepted receipts survive projection lag, including a request for an older page [328.17ms]

ui/src/brief/workflows/runs/WorkflowRunsRoom.test.tsx:
(pass) gate refuses missing capability, wrong owner/version and source without reads [6.53ms]
(pass) one inline document follows selection through all shell combinations [116.41ms]
(pass) redacted fields do not leak and inspection treats arbitrary markup as text [32.93ms]
(pass) missing deep-linked run never falls back to latest [28.80ms]
(pass) manual request navigates to its receipt and room return retains it [455.61ms]
(pass) slow command does not navigate a room after it unmounts [440.00ms]
(pass) failure and empty history remain distinct [14.73ms]
(pass) queued history does not present creation time as a start time [41.91ms]

ui/src/brief/chat/attachment-fan/attachment-fan.test.tsx:
(pass) three choices stay mounted across twenty reversals and retain composer value [553.30ms]
(pass) keyboard reaches each choice; Escape closes only the fan and restores plus [41.91ms]
(pass) unavailable Screenshot stays focusable with a reason but cannot capture [25.70ms]
(pass) selection acknowledges once and returns focus to the origin [39.25ms]
(pass) cancelled picker has no attachment receipt [39.78ms]
(pass) pending entry is deduplicated and a failed request can be retried [73.52ms]
(pass) late picker result cannot report into another conversation [45.31ms]
(pass) source mismatch, missing identity and offline states never dispatch [94.23ms]
(pass) theme changes preserve menu, selected focus and choice elements [34.90ms]
(pass) outside focus closes the fan without stealing the new focus [43.60ms]
(pass) unmount removes portal and cancels an outstanding selection [33.43ms]
(pass) F-05 binding captures original chat through picker delay and delegates exact file [2.81ms]
(pass) F-05 capture requires explicit device confirmation [1.24ms]
(pass) F-05 does not upload after scope change, tab closure, disconnect or abort during picker [1.89ms]
(pass) F-05 unsupported Screenshot and cancelled file picker have no external effect [1.52ms]
(pass) F-05 superseded upload cannot report attached merely because its promise finished [1.81ms]
(pass) keyboard can enter a fan already opened with the pointer [26.15ms]
(pass) closing Pebble during selection clears pending feedback without a success receipt [60.31ms]
(pass) A to B to A clears only the cancelled request and keeps completed feedback [122.58ms]

ui/src/brief/chat/composer/ConversationComposer.test.tsx:
(pass) F-04 binding captures the selected conversation and exact cancellation reference [2.11ms]
(pass) a pending acceptance is cancellable by its original IDs and other chats cannot supply the turn [1.05ms]
(pass) wrong sources, absent scope and non-scoped modes expose no writing or send action [6.35ms]
(pass) suggestions prefill and focus, preserving existing writing and never sending [23.23ms]
(pass) blank writing is inactive, Enter sends once, and Shift+Enter stays a newline [33.54ms]
(pass) IME composition, native composing and keyCode 229 cannot send prematurely [57.09ms]
(pass) send preserves exact text and keeps the draft until the owner accepts it [16.95ms]
(pass) async send is deduplicated and a newer draft is never cleared by its completion [24.56ms]
(pass) failed sending preserves draft, reports locally and permits a deliberate retry [20.46ms]
(pass) active turns show Stop and cannot be resubmitted through Enter [13.34ms]
(pass) synchronous cancellation dispatch keeps feedback until the matching turn ends and permits retry [27.18ms]
(pass) owner cancellation failure permits retry, and disconnect does not claim the turn stopped [27.72ms]
(pass) a new turn cannot inherit a previous stop lock or its late dispatch failure [21.33ms]
(pass) a repeated owner failure with identical wording ends the new stop intent after error dismissal [26.73ms]
(pass) a pending stop has local feedback and a failed stop does not claim completion [20.21ms]
(pass) offline and metadata-pending states block sends while keeping the existing draft [31.03ms]
(pass) UTF-8 limit is validated without truncating multibyte writing [11.95ms]
(pass) switching conversations or workspace cannot inherit a pending lock or late error [29.70ms]
(pass) theme changes preserve the input element, focus, value and selection [10.90ms]
(pass) composer has the fixed attachment seam without inventing an upload action [11.01ms]

ui/src/brief/chat/message/ConversationMessages.test.tsx:
(pass) quiet user and unboxed answer share one scoped thread; activity starts collapsed [66.78ms]
(pass) twenty open/close cycles retain the same reply and local preference across tabs [251.01ms]
(pass) workspace change drops view preferences even if chat IDs are reused [14.80ms]
(pass) only current live activity moves; completed and replayed activities never move [10.94ms]
(pass) disconnect stops the current marker without losing partial content [24.96ms]
(pass) terminal failure keeps the partial answer and does not expose the raw error [10.65ms]
(pass) cancellation is not completion; unfinished activity does not claim success [13.29ms]
(pass) completion shows output immediately and condenses untouched working details [10.40ms]
(pass) missing progress produces a generic working state, not invented activity [4.72ms]
(pass) foreign conversations, requests, raw tool/system messages and unsafe labels stay out [9.81ms]
(pass) markdown supports tables/code and safe links without HTML or remote image effects [25.63ms]
(pass) URLs reject executable, relative, credentials and malformed destinations [1.88ms]
(pass) gates never substitute fixture history in live mode [2.13ms]
(pass) owner binding captures the exact conversation for scroll and history [1.04ms]
(pass) stable activity order and turn identity survive interleaved response arrival [0.72ms]
(pass) history retry uses one existing owner without hiding retained messages [10.41ms]
(pass) semantic scroll anchor survives growth above it and only bottom readers follow [7.86ms]
(pass) a condensed activity falls back to its own summary rather than another response [1.77ms]
(pass) delayed initial history preserves the saved reading position through empty loading and error states [22.01ms]

ui/src/brief/chat/tab-strip/ConversationTabStrip.test.tsx:
(pass) a tab closed before entry settles keeps the same inert element through its exit [35.22ms]
(pass) rapid add-close-reopen keeps identity and a stale exit cannot remove the returned tab [41.41ms]
(pass) reduced motion removes an interrupted entrant immediately without leaving a ghost [36.58ms]
(pass) F-04 structural port projects stable identities and delegates only metadata operations [1.61ms]
(pass) 112px minimum and ordinary widths match native starting geometry [15.91ms]
(pass) non-scoped and wrong-source states cannot issue tab actions or look like an empty collection [6.07ms]
(pass) selected identity, panel linkage and roving focus remain separate [24.52ms]
(pass) closing inactive chat dispatches its exact ID without selecting it or cancelling another chat [13.62ms]
(pass) focused active closure follows owner selection and final closure focuses plus without creating history [35.62ms]
(pass) background removal cannot steal composer focus [24.40ms]
(pass) ten add/close cycles leave surviving tab identities and selected chat intact [211.30ms]
(pass) duplicate titles, long names and remote reorder retain ID-specific close targets [37.74ms]
(pass) failed writes preserve tabs and focus, report locally and allow a retry [41.58ms]
(pass) pending writes block repeated clicks and owner pending counts are respected [43.28ms]
(pass) mode loss/unmount during a write cannot apply a stale local confirmation [15.09ms]
(pass) a replacement workspace does not inherit a pending lock or late error [22.48ms]

ui/src/brief/shell/pebble-layout/pebble.test.tsx:
(pass) workspace geometry preserves room space, uses the workspace corner and has a readable single-pane fallback [1.64ms]
(pass) today: twenty open/close/reopen cycles retain room, object, conversation, draft and scroll [833.96ms]
(pass) workflow: twenty open/close/reopen cycles retain room, object, conversation, draft and scroll [708.31ms]
(pass) all-workflows: twenty open/close/reopen cycles retain room, object, conversation, draft and scroll [693.15ms]
(pass) memory-detail: twenty open/close/reopen cycles retain room, object, conversation, draft and scroll [599.83ms]
(pass) profile: twenty open/close/reopen cycles retain room, object, conversation, draft and scroll [660.13ms]
(pass) Escape closes locally and returns to the opener; an inner control can consume Escape [92.40ms]
(pass) closing a room-origin conversation restores that origin without scrolling [52.99ms]
(pass) narrow fallback keeps hidden work mounted, inert and scroll-stable; expanding keeps conversation focus [62.91ms]
(pass) route changes preserve the single conversation and its draft while resetting room scroll [68.27ms]
(pass) capability loss/recovery hides chrome without remounting room or its supplied conversation [76.23ms]
(pass) no binding provides no opener; live mode never mounts a fixture conversation [31.69ms]

ui/src/brief/shell/navigation/navigation.test.tsx:
(pass) live navigation requires the F-25 capability and rejects fixture data [1.52ms]
(pass) unavailable and stale reads never invent healthy connection, plan or zero counts [0.83ms]
(pass) actual billing names are retained; outages and self-hosted are distinct [0.90ms]
(pass) bounded counts and real parent links do not conflate object IDs and titles [0.77ms]
(pass) disabled rollout renders existing children without a replacement shell [29.76ms]
(pass) ten collapse/expand cycles retain the actual body DOM, draft, room, selection and chat [220.30ms]
(pass) new destinations start at the top but shell changes and same-room selection retain scroll [54.07ms]
(pass) account menu opens by keyboard, wraps focus, supports typeahead and Escape return [33.49ms]
(pass) all account destinations are reachable expanded/rail in both themes [317.20ms]
(pass) outside click dismisses without stealing the new focus; Tab returns toward normal flow [43.35ms]
(pass) route and theme changes do not strand a menu or change the account plan [39.55ms]
(pass) fresh read models and equivalent route objects leave the account menu and focus intact [34.63ms]
(pass) reopening during account-menu exit reuses one surface and recovers keyboard focus [116.12ms]
(pass) rail focus names its icon and dismissal leaves focus on that same destination [23.57ms]
(pass) status targets the connected workspace and unknown state remains explicitly named [19.64ms]

ui/src/brief/today/decision-transition/decision-transition.test.tsx:
(pass) double press locks immediately even if the owner has not rendered its pending state [32.21ms]
(pass) confirmed receipt retains paper, summary and count until settlement, then raises only the next identity [569.69ms]
(pass) draft and rejection receipts are distinct and do not claim a sent message [881.95ms]
(pass) an appended goal never displaces the front while pending or settling [449.06ms]
(pass) next projection alone, wrong attempt, identity, revision or action cannot acknowledge this decision [29.05ms]
(pass) approval without a committed effect is not completion [471.04ms]
(pass) accepting unstarted work advances without claiming execution [445.80ms]
(pass) permission approval has its own receipt without claiming execution [432.77ms]
(pass) a non-execution receipt cannot downgrade Approve & send [24.11ms]
(pass) approval receipts must match the reviewed meaning and effect in every direction [2.35ms]
(pass) non-execution acknowledgments cannot hide a canonical failed or uncertain effect [1.52ms]
(pass) errors, conflicts and unknown outcomes keep the affected paper, including when another item is supplied [25.75ms]
(pass) a refreshed conflicting version must be reviewed anew before a fresh request [46.40ms]
(pass) lost response and reloaded unresolved projection never retry or replay completion [20.94ms]
(pass) a mounted historical receipt never plays a new completion [10.69ms]
(pass) confirmed result waits for a fresh authoritative next projection, not a stale/failed read [445.81ms]
(pass) canonical failed or unknown outcome overrides even a conflicting optimistic receipt [1.34ms]
(pass) a failure received during confirmation cancels advancement [476.19ms]
(pass) a failure received during non-reduced settlement cancels advancement [742.30ms]
(pass) keyboard focus follows the next Review path without stealing focus from another control [871.90ms]
(pass) resolving an expanded review restores its pre-review scroll position for the next paper [434.57ms]
(pass) unmount cancels presentation timers and late callback failures cannot affect a new paper [20.07ms]
(pass) capability loss clears a retained document and cannot expose an old writer [13.42ms]

ui/src/brief/today/outcomes/outcomes.test.tsx:
(pass) animated numbers expose one complete formatted value through updates [11.69ms]
(pass) an unknown weekly change exposes its meaning rather than an unnamed dash [11.49ms]
(pass) live values require a live owner and both outcome and measurement gates [24.07ms]
(pass) unknown, missing baseline, wrong units and missing provenance never become time claims [56.61ms]
(pass) a real measured zero is distinct from an unknown value [23.39ms]
(pass) loading, empty, stale, unsupported and unavailable keep distinct honest messages [21.31ms]
(pass) unknown goal measurement does not infer six partners from a goal title [14.42ms]
(pass) approved bands share exact boundaries and preserve fractional progress [19.66ms]
(pass) only the changed count glyphs and seventh segment update; labels and time nodes persist [31.74ms]
(pass) remount, new window and new goal never replay a count-up or arrival animation [62.29ms]
(pass) reaching a two-digit target retains the denominator and its reserved numeric slot [34.09ms]
(pass) reduced motion updates values immediately and cancels an interrupted glyph animation [34.79ms]
(pass) bar values are available on keyboard focus with no numeric fallback [17.09ms]
(pass) values above the chart scale are marked rather than silently misrepresented [15.09ms]
(pass) evidence includes basis, timezone, qualification and source count without the removed heading [15.61ms]
(pass) activity uses stable source identities, and only a bound destination is interactive [6.97ms]
(pass) empty and unavailable activity never invent events or expose preview rows in live mode [3.27ms]

ui/src/brief/today/opportunity-stack/opportunity-stack.test.tsx:
(pass) preview/live sources and preparation/activation gates remain separate [1.91ms]
(pass) acceptance requires the exact receipt, action and immutable workflow version [1.58ms]
(pass) preparation, stale reads, missing binding credentials and absent writers never enable [53.00ms]
(pass) malformed ready snapshots cannot enable [1.58ms]
(pass) ten local next cycles retain the list; light/dark and compact changes retain selection [514.79ms]
(pass) double approval confirms locally, then removes exactly one and leaves the next actionable [1226.62ms]
(pass) dismiss has a neutral acknowledgement and final empty state restores local focus [1849.01ms]
(pass) missing reads do not reset a pending operation or permit a duplicate submission [652.35ms]
(pass) lost, mismatched, unknown, failed and conflicting results keep the proposal and block retries [3368.11ms]
(pass) a lost response can recover only from a receipt matching the outstanding request [632.10ms]
(pass) a changed revision fences the old callback and permits reviewing the new prepared version [18.01ms]
(pass) a changed account cannot display or settle another account's request [618.43ms]
(pass) owner removing the accepted item before its response does not skip another proposal [622.16ms]
(pass) background changes leave external composer focus and content intact [22.94ms]
(pass) terminal snapshots stay absent, duplicate identities fail closed, unknown count is not zero [8.21ms]
(pass) freshness loss during a navigation exit still settles the next cached proposal [62.47ms]
(pass) stale proposals allow repeated local navigation without allowing writes [1178.33ms]
(pass) stale data still holds an action receipt until fresh confirmation can be presented [1236.45ms]
(pass) approve_enable retains the next proposal identity when the refreshed list is earlier-removed [670.02ms]
(pass) approve_enable retains the next proposal identity when the refreshed list is owner-removed-current [679.88ms]
(pass) approve_enable retains the next proposal identity when the refreshed list is reordered [666.96ms]
(pass) approve_enable retains the next proposal identity when the refreshed list is successor-removed [673.44ms]
(pass) approve_enable retains the next proposal identity when the refreshed list is all-replaced [678.50ms]
(pass) dismiss retains the next proposal identity when the refreshed list is earlier-removed [711.30ms]
(pass) dismiss retains the next proposal identity when the refreshed list is owner-removed-current [670.36ms]
(pass) dismiss retains the next proposal identity when the refreshed list is reordered [674.73ms]
(pass) dismiss retains the next proposal identity when the refreshed list is successor-removed [681.76ms]
(pass) dismiss retains the next proposal identity when the refreshed list is all-replaced [674.85ms]
(pass) refresh order does not replace the initially selected identity [12.25ms]
(pass) a response after remount cannot alter the new stack [623.16ms]
(pass) an in-flight identity can be left and restored without losing its request or receipt [652.52ms]
(pass) an authoritative recovery cannot be overwritten by a late transport failure [622.81ms]

ui/src/brief/today/goal-card/goal-card.test.tsx:
(pass) measurement and recommendation gates are independent and never mix fixtures into live [2.33ms]
(pass) ten open/return cycles retain title, measured value, progress node and keyboard return [190.59ms]
(pass) two immediate presses issue one request; receipt waits for a fresh matching queue; progress never changes [53.71ms]
(pass) each receipt identity field must match; a changed title, wrong destination or duplicate queue is not confirmation [1.02ms]
(pass) failed, conflicting, unknown and lost responses never announce success or enable a blind retry [154.22ms]
(pass) blocked, expired, stale, changed-goal and historical accepted recommendations cannot dispatch [147.61ms]
(pass) expiry while visible disables acceptance without waiting for a user navigation [126.88ms]
(pass) old async completion cannot enter a changed goal or a lost capability [25.15ms]
(pass) a remounted accepted projection does not replay destination motion or submit [37.73ms]
(pass) a receipt for different work never confirms even when that other item exists in the queue [26.08ms]
(pass) a changed recommendation revision ignores the old response and allows review of the new identity [37.69ms]
(pass) a settled receipt highlights once; unchanged refresh and returning to the recommendation do not replay it [2316.72ms]
(pass) loading, empty and unavailable recommendations keep a local return; unknown progress is never zero [87.25ms]
(pass) temporary recommendation loss retains the pending attempt and its response without a second dispatch [137.77ms]
(pass) interleaved recommendation requests retain separate results across an identity round trip [90.83ms]
(pass) lost goal data does not replay a settled receipt or unlock a completed attempt on recovery [1325.57ms]
(pass) background recommendation revisions and recovery preserve focus and text in another control [75.50ms]
(pass) an automatic recommendation close restores focus when its removed control held it [46.83ms]
(pass) callbacks from a replaced owner scope cannot overwrite a new request for the same identity [110.99ms]

ui/src/brief/today/hero-paper/hero-paper.test.tsx:
(pass) source and readiness gates never expose sample decisions as live; preview rejects live writers [1.41ms]
(pass) ten re-hover cycles in all eight shell/chat/theme combinations leave the summary and identity unchanged [1236.07ms]
(pass) direct hover controls dispatch the exact source revision once, without pinning or navigating [82.62ms]
(pass) Review is a visible keyboard/touch path; close restores focus and permits a fresh hover [177.94ms]
(pass) Escape from a first-use paper action returns focus without opening Review first [95.67ms]
(pass) wheel over the closed companion scrolls Today, but not while chat is open [61.36ms]
(pass) companion wheel preserves zoom, nested scrolling and boundary behavior [54.18ms]
(pass) queue insertion retains the front paper; a new identity starts at rest with its own document [122.87ms]
(pass) stale, pending and unresolved effects never gain actionable approval or imply success [68.47ms]
(pass) loading, empty and unavailable are distinct, without fictional completed work [40.37ms]
(pass) long review retains all content and the same open document across Pebble and theme changes [83.94ms]
(pass) leaving Today clears its companion reservation without replacing the conversation [59.41ms]

ui/src/brief/components/controls/controls.test.tsx:
(pass) pending actions retain focus, suppress repeat activation and prevent submit [9.79ms]
(pass) native disabled and aria-disabled buttons cannot activate [2.20ms]
(pass) alternate action labels reserve space but remain hidden from assistive technology [2.21ms]
(pass) fields retain the input node and value through validation and success [6.71ms]
(pass) native select and textarea remain labeled and retain supplied semantics [6.35ms]
(pass) switch reports the opposite value once; disabled position and meaning stay intact [4.27ms]
(pass) segment groups use independent native radio names and controlled selection [6.93ms]
(pass) tab arrows skip disabled entries without activating; switching preserves panel state [10.06ms]
(pass) menu uses a portal with inherited theme; keyboard skips disabled and restores trigger [17.15ms]
(pass) menu opens at last item with ArrowUp; Escape dismisses without action [11.28ms]
(pass) menu dismisses on outside pointer and focus without stealing focus [22.24ms]
(pass) an open menu follows a local appearance change [6.58ms]
(pass) tooltip is immediate on focus, has a description, and Escape retains focus [5.98ms]
(pass) Escape dismisses the hint before its containing panel, then reaches the panel on a second press [5.29ms]
(pass) unmount removes a menu and its portaled content [5.49ms]
(pass) pointer departure does not dismiss a keyboard-focused tooltip [117.74ms]

2 tests skipped:
(skip) actual F07 service/routes create one populated disabled draft after a lost POST
(skip) actual F08 discovery and pinned request recover one populated draft, no credentials or execution

 519 pass
 2 skip
 0 fail
 4870 expect() calls
Ran 521 tests across 34 files. [56.66s]
