bun test v1.3.6 (d530ed99)

ui/src/brief/decisions/controller.test.ts:
(pass) selection follows identity through reorder and refresh [4.35ms]
(pass) approval is acknowledged before next selection, and never claims execution [35.09ms]
(pass) keep draft remains in the queue and requires reopening, not silent reapproval [50.44ms]
(pass) rejection has a truthful local receipt and resolves only the chosen item [24.88ms]
(pass) edit/save carries the complete typed document and uses the new approval revision [27.91ms]
(pass) stale refresh preserves unsaved content and prevents save or approval [24.47ms]
(pass) cancel edit writes nothing and restores original document [22.58ms]
(pass) invalid edits cannot be submitted [1.67ms]
(pass) stale never offers a mutation [1.55ms]
(pass) read-only never offers a mutation [1.33ms]
(pass) unavailable never offers a mutation [1.20ms]
(pass) empty never offers a mutation [1.29ms]
(pass) rendered revision must match even when a fresher controller view exists [2.80ms]
(pass) lost responses stay pinned through empty/reordered reads; recovery never resends [28.68ms]
(pass) unknown save keeps its draft frozen until receipt and fresh view reconcile [24.20ms]
(pass) definitive refusal needs explicit refresh, unlike an unknown transport result [5.00ms]
(pass) all receipt correlations are required; execution is not a document receipt [0.15ms]
(pass) mismatched receipt cannot advance or unlock a decision [24.72ms]
(pass) late reads cannot replace a newer refresh [0.49ms]
(pass) scope revocation and retirement prevent mutation and stale repaint [1.31ms]
(pass) concurrent press cannot create a second in-flight decision [31.65ms]
(pass) retained rejected blocker is not fabricated away [22.02ms]
(pass) calendar changes preserve readonly options and validate timezones [25.02ms]
(pass) R1: recovering a settled save cannot discard a later edit or replay acknowledgement [47.50ms]
(pass) R1: recovering a settled reopen cannot discard a later edit or replay acknowledgement [46.78ms]
(pass) R2: a second edit remains visible and cancellable after a removed refresh [46.47ms]
(pass) R2: a second edit remains visible and cancellable after a unavailable refresh [45.67ms]
(pass) R2: a second edit remains visible and cancellable after a changed refresh [45.38ms]
(pass) R3: selecting during settlement's delayed refresh wins over automatic advancement [27.82ms]
(pass) R1: an acknowledged save still recovers after its projection read fails [46.99ms]
(pass) R1: typing during save reconciliation is not consumed by that earlier save [27.05ms]

ui/src/brief/decisions/DecisionsRoom.test.tsx:
(pass) clean heading, same Today identity, only unresolved text highlighted [62.16ms]
(pass) selection survives every theme/sidebar/chat combination and routes by approval ID [312.06ms]
(pass) direct Today review alias opens the matching document [34.03ms]
(pass) editing keeps the document/actions mounted and blocks selection/approval [94.63ms]
(pass) unsupported edits stay disabled with a visible reason [31.75ms]
(pass) uncertainty retains the selected document until read-only recovery [93.22ms]
(pass) calendar preview includes readonly options, not raw tool arguments [63.22ms]
(pass) missing live capability, fixture/live mismatch and wrong scope fail closed [57.33ms]
(pass) ten decisions are real buttons, not truncated previews [64.67ms]
(pass) empty is not confused with unavailable [62.60ms]
(pass) keep draft advancement updates the return route instead of reopening the deferred item [158.05ms]
(pass) room return restores document and selector reading positions from its retained owner [64.26ms]
(pass) R1: a settled save removes Check result before the next edit [117.93ms]
(pass) R2: a remotely removed second edit keeps its text and Cancel reachable through chat reflow [239.14ms]

ui/src/brief/entry/route.test.ts:
(pass) the default and non-exact flag values keep the released dashboard [0.33ms]
(pass) all existing sidecar and dashboard destinations retain their route owner [0.19ms]
(pass) onboarding reset owns the page even when a Brief URL was bookmarked [0.03ms]
(pass) fixture mode requires both its explicit flag and isolated destination [0.09ms]
(pass) every registered destination resolves without requiring another room's module [0.22ms]
(pass) unknown or malformed Brief destinations use the existing safe fallback [0.05ms]
(pass) source identities roundtrip without inventing a record or retaining unknown query keys [0.11ms]
(pass) rollback removes only the Brief opt-in and preserves connection parameters [0.08ms]

ui/src/brief/entry/DashboardEntry.test.tsx:
(pass) flag off and legacy hash navigation retain one legacy mount and its connection owner [10.83ms]
(pass) every current room and sidecar panel still resolves through the released router [12.81ms]
(pass) isolated preview owns no live connection, fetch or onboarding side effects [10.86ms]
(pass) Today review and illustrative decision actions never call live providers [1623.79ms]
(pass) real Brief entry remains behind the existing onboarding gate [1.27ms]
(pass) shared-control specimen is isolated from live account and connection effects [45.39ms]
(pass) motion specimen stays isolated and unmounts without live side effects [40.51ms]
(pass) navigation review uses the production shell without live reads, sockets or account actions [54.62ms]
(pass) missing modules give a truthful fallback instead of fabricated empty business data [8.80ms]
(pass) Pebble review mounts one isolated conversation without live reads or writers [57.27ms]
(pass) room modules preserve shell state and selected source IDs through navigation [9.74ms]
(pass) navigation readiness loss and recovery preserve the mounted room and edited draft [84.12ms]
(pass) a fixture view cannot accidentally supply live room business data [6.79ms]

ui/src/brief/motion/motion.test.tsx:
(pass) durations retain the approved contact, local and spatial entry/exit rules [1.25ms]
(pass) reversal samples the rendered position before cancellation, never the old endpoint [1.87ms]
(pass) twenty reversals have one current animation; stale completion cannot cancel its replacement [6.35ms]
(pass) reduced motion interrupts immediately to the same latest endpoint [1.00ms]
(pass) unsupported WAAPI still commits the final usable style [0.89ms]
(pass) an unchanged endpoint never replays an animation, including after reduced motion [1.04ms]
(pass) disposal restores owned inline properties and cancels work without touching unrelated styling [1.19ms]
(pass) mount is still; subsequent intents preserve focus and content while moving only the wrapper [8.61ms]
(pass) live OS preference changes finish a running transition without remounting or losing state [5.46ms]
(pass) local reduced examples match selection without bypassing the OS or animating [9.87ms]
(pass) StrictMode mount and unmount leave no animation or media listeners behind [5.16ms]

ui/src/brief/opportunities/OpportunitiesRoom.test.tsx:
(pass) wrong source, wrong scope and missing live capability fail closed without reads [51.71ms]
(pass) list and detail retain exact selected identity through shell changes and refresh [137.90ms]
(pass) a routed proposal selects its real identity once available [49.00ms]
(pass) finished output stays qualified and legacy chrome remains absent [40.08ms]
(pass) approval resolves locally, does not navigate, and advances focus to the next choice [1019.16ms]
(pass) late acknowledgement does not steal focus from the composer [1044.46ms]
(pass) registration pending keeps the proposal visible and distinguishes saved from enabled [59.20ms]
(pass) registration blocked keeps the proposal visible and distinguishes saved from enabled [68.27ms]
(pass) unknown acknowledgement shows recovery and cannot duplicate the approval [128.73ms]
(pass) preparing cannot visually or behaviorally promote a proposal to ready [40.34ms]
(pass) blocked cannot visually or behaviorally promote a proposal to ready [42.66ms]
(pass) stale cannot visually or behaviorally promote a proposal to ready [38.62ms]
(pass) missing preview has an explicit unavailable state, no invented output [36.50ms]
(pass) definitive refusal explains refresh without pretending the result is pending [90.61ms]
(pass) room unmount/remount preserves pending decisions and selection in the owner [91.24ms]
(pass) R2: selector and brief retain independent positions on return; another proposal starts at its heading [132.43ms]
(pass) activation capability changes immediately update rendered controls [89.96ms]

ui/src/brief/opportunities/controller.test.ts:
(pass) a definitive refusal can be retried only after a fresh read, unlike uncertainty [4.81ms]
(pass) selection survives reorder and refresh, uses IDs rather than indexes [2.37ms]
(pass) a new revision replaces list and brief together; missing selection chooses a real remaining row [5.77ms]
(pass) approval acknowledges the same item before settling the next and advances once [24.33ms]
(pass) dismissal has a distinct receipt and leaves no saved/dismissed destination [46.32ms]
(pass) R1: refresh during approve acknowledgement retains the slot and advances to the original successor [24.38ms]
(pass) R1: refresh during dismiss acknowledgement retains the slot and advances to the original successor [25.93ms]
(pass) R1: pending registration keeps its slot through reorder and recovers the original next identity [25.38ms]
(pass) R1: a vanished successor is skipped and a newer user selection wins [50.63ms]
(pass) duplicate intent is locked synchronously, including opposite actions [46.00ms]
(pass) pending registration is approval saved, not enabled; refresh retains it for recovery [49.12ms]
(pass) blocked registration and later paused workflow are never a successful enable [19.76ms]
(pass) pending registration and later paused workflow are never a successful enable [19.46ms]
(pass) lost response keeps the original identity locked; recovery is read-only [23.24ms]
(pass) null recovery leaves unknown locked and does not resend [1.58ms]
(pass) older and mismatched recovery receipts cannot replace an acknowledged result [19.64ms]
(pass) a decision response cannot steal a newer user selection [45.73ms]
(pass) out-of-order refresh and retired owners ignore late responses [1.67ms]
(pass) stale remains a distinct read state with no actions [1.28ms]
(pass) unavailable remains a distinct read state with no actions [1.14ms]
(pass) unsupported remains a distinct read state with no actions [1.13ms]
(pass) loading remains a distinct read state with no actions [1.12ms]
(pass) empty remains a distinct read state with no actions [1.16ms]
(pass) read failure preserves visible data as stale, and access revocation prevents dispatch [1.57ms]
(pass) read-only capability permits browsing but no decisions [1.25ms]
(pass) revoking access during refresh cannot strand the restored room in refreshing [4.88ms]
(pass) legacy draft-ready, blocked binding and canApprove=false never become ready [0.14ms]
(pass) receipt guard rejects mismatched proposalId [0.09ms]
(pass) receipt guard rejects mismatched revision
(pass) receipt guard rejects mismatched decision
(pass) receipt guard rejects mismatched workflow
(pass) receipt guard rejects mismatched receiptId

ui/src/brief/goals/GoalsRoom.test.tsx:
(pass) approved path, shared segments, and absence of removed headings [46.67ms]
(pass) selection remains across all eight layouts and returns from completed [299.76ms]
(pass) next action opens exactly the shared Today work and approval [77.44ms]
(pass) score-only and unknown goals never invent measured counts [53.94ms]
(pass) decreasing targets retain units, baseline, source and canonical progress [32.74ms]
(pass) filter changes expose real paused and failed statuses without an archive [78.08ms]
(pass) selecting under All non-completed preserves the list through route synchronization [128.53ms]
(pass) route-driven return restores Active and its retained filter with or without a room remount [182.44ms]
(pass) child status remains explicit beside a descriptive caption in both chat states [81.65ms]
(pass) refresh changes only the existing value nodes, without replacing unrelated stages [39.73ms]
(pass) stale evidence leaves the path readable but blocks next-step navigation [40.93ms]
(pass) source, scope and capability mismatches fail closed [30.37ms]
(pass) direct completed route selects the canonical goal and keeps long facts readable [44.76ms]
(pass) completed visits remain settled and show real milestones [324.22ms]
(pass) a value change animates only the changed glyph, never the entire goal path [37.72ms]

ui/src/brief/goals/model.test.ts:
(pass) zero-baseline counts use the same normalized band as Today [1.93ms]
(pass) score-only titles never supply a numerator [0.12ms]
(pass) unknown and observed zero remain different [0.11ms]
(pass) nonzero and decreasing targets use canonical progress, with unmodified measurements [0.11ms]
(pass) missing provenance, invalid time or invalid fraction never render an evidenced count [0.13ms]
(pass) completion status never forces score or measurement to 100 percent [0.08ms]
(pass) canonical statuses remain reachable, with no archive reinterpretation [0.16ms]
(pass) next action is the existing Today decision and only available on a current active goal [0.10ms]
(pass) duplicate roots and duplicate path stages are rejected [0.18ms]

ui/src/brief/goals/controller.test.ts:
(pass) access gates reads; revocation clears private rows and selection [1.34ms]
(pass) selection survives reorder, tab returns, filter returns and refreshed values [1.58ms]
(pass) unknown, failed and completed direct IDs select their real status [1.33ms]
(pass) opening a visible goal retains its filter, including returns from completed [1.45ms]
(pass) late reads cannot overwrite a later selection or refreshed data [1.41ms]
(pass) failed refresh retains a stale read; duplicate projections fail closed [1.51ms]
(pass) retired or revoked pending reads cannot repopulate a scope [4.43ms]
(pass) read-state families remain distinct [6.00ms]

ui/src/brief/workflows/manage-list/controller.test.ts:
(pass) load/commands are default off and retirement prevents new or late writes [1.13ms]
(pass) same identity, revision and operation are sent; acknowledgement changes only that row [5.87ms]
(pass) failed enable keeps paused value and the exact blocker [2.60ms]
(pass) cancel does not mutate anything or submit; confirmation required [1.48ms]
(pass) two removals and reverse-order Undo restore exact slots and version/run identity, paused [6.64ms]
(pass) refresh retains pending Undo and order despite provider timestamp sorting [8.55ms]
(pass) rejected delete and restore never change visibility [5.09ms]
(pass) expired receipt never restores locally or dispatches another command [2.59ms]
(pass) uncertain delete locks row; refresh cannot clear it; reconciliation does not replay [6.86ms]
(pass) uncertain restore retains receipt and resolves once into paused original identity [4.87ms]
(pass) concurrent row requests settle independently and repeated actions submit once [2.87ms]
(pass) access loss blocks new commands while keeping submitted acknowledgement [2.60ms]
(pass) stale, unavailable, unsupported and empty are distinct; stale actions fail closed [7.54ms]
(pass) read rejects mismatched owner and duplicate IDs without a partial list [0.52ms]
(pass) wrong request/owner/flow/action/version or enabled restoration cannot acknowledge [1.43ms]
(pass) invalid acknowledgement becomes uncertain and cannot unlock a second attempt [2.53ms]
(pass) newest read wins even when a provider ignores abort [0.24ms]
(pass) all removed and empty refresh still permit receipt-backed restoration [10.77ms]
(pass) list position/selection persist independently of row actions [3.68ms]
(pass) a loading projection can be refreshed later without a stuck busy state [2.40ms]
(pass) R1: a ready snapshot restores an externally DISABLED workflow to its reserved slot [7.35ms]
(pass) R1: a ready snapshot restores an externally ENABLED workflow to its reserved slot [4.81ms]
(pass) R1: a stale pre-deletion snapshot cannot resurrect a removed workflow or clear its receipt [5.09ms]
(pass) R2: fresh external activation supersedes the previous local status message [6.99ms]
(pass) R2: a fresh ready snapshot clears a resolved blocker and permits enabling with its new revision [5.08ms]
(pass) R2: unchanged fresh data clears transient command feedback, but a stale response does not [4.88ms]

ui/src/brief/workflows/manage-list/WorkflowManagementRoom.test.tsx:
(pass) missing, wrong-source, wrong-owner and capability-off binding fail closed [11.49ms]
(pass) switch and bin are separate targets; only the name opens the exact workflow [69.99ms]
(pass) inline confirm is keyboard reachable; Escape restores focus to the same bin [53.56ms]
(pass) acknowledged deletion hides and inerts only its row, Undo restores it paused [57.72ms]
(pass) failed enable exposes blocker and leaves Paused, not Draft [23.41ms]
(pass) uncertain mutation exposes Check result instead of another Delete; matching result resolves once [63.48ms]
(pass) all eight shell states and unmount/remount retain activation and removed identity [172.30ms]
(pass) read failures and missing live capability do not invent a zero-count empty list [14.32ms]
(pass) no removed date, subtitle, footer, global creation control or irreversible route appears [21.89ms]
(pass) a late row acknowledgement does not steal focus from conversation input [322.92ms]
(pass) R1: Refresh reveals an externally restored workflow and removes its obsolete Undo [75.77ms]
(pass) R2: Refresh cannot show an Enabled switch beside obsolete paused feedback [48.48ms]

ui/src/brief/workflows/runs/refresh.test.ts:
(pass) R1 refresh bridges new head pages after previously exhausted history [3.55ms]
(pass) R1 refresh keeps the continuation after bridging a partial loaded range [1.20ms]
(pass) R2 repeated refreshes do not supersede a slow history read [0.56ms]
(pass) R2 a selected slow detail survives polling and a genuine selection still cancels it [7.24ms]
(pass) R2 polling cannot cancel an in-flight older page [0.74ms]
(pass) R3 selected detail immediately reconciles the matching cached history summary [1.72ms]
(pass) R3 refresh also reconciles older unselected nonterminal rows [0.71ms]
(pass) R1 a failed gap read keeps stale history recoverable and retries from the head [1.36ms]
(pass) R1 a repeated cursor fails locally instead of looping or claiming complete history [0.86ms]
(pass) R1 a large changed range remains bounded with an explicit usable continuation [1.24ms]
(pass) R3 an in-flight old history snapshot cannot undo a newer detail summary [8.13ms]
(pass) R3 a stale detail does not overwrite a fresh history status [1.88ms]
(pass) accepted receipts survive projection lag, including a request for an older page [324.77ms]

ui/src/brief/workflows/runs/controller.test.ts:
(pass) all seven states and historical versions retain immutable identities [2.16ms]
(pass) late A cannot replace B, even when the provider ignores cancellation [2.65ms]
(pass) changing selection removes the previous result immediately, including on read failure [1.94ms]
(pass) same-run refresh failure is stale, never a fresh success or another run [0.92ms]
(pass) reject run identity substitution in selected detail [0.52ms]
(pass) reject flow identity substitution in selected detail [0.43ms]
(pass) reject scope identity substitution in selected detail [0.41ms]
(pass) reject version identity substitution in selected detail [0.37ms]
(pass) partial receipts and waitpoints remain inspectable without replay actions [2.80ms]
(pass) manual run is single-flight, pinned and selects the returned ID [1.87ms]
(pass) an unconfirmed command stays locked through subsequent reads and subscriptions [0.81ms]
(pass) definitely not submitted releases the command but a mismatched receipt does not [0.28ms]
(pass) owner retirement rejects late detail and command results [0.21ms]
(pass) a head-page request started before Run cannot overwrite its new receipt [0.42ms]
(pass) history paging deduplicates IDs and preserves selection [0.77ms]
(pass) invalid projections cannot smuggle identities or unusable statuses [0.19ms]

ui/src/brief/workflows/runs/WorkflowRunsRoom.test.tsx:
(pass) gate refuses missing capability, wrong owner/version and source without reads [5.98ms]
(pass) one inline document follows selection through all shell combinations [87.50ms]
(pass) redacted fields do not leak and inspection treats arbitrary markup as text [17.16ms]
(pass) missing deep-linked run never falls back to latest [12.50ms]
(pass) manual request navigates to its receipt and room return retains it [428.13ms]
(pass) slow command does not navigate a room after it unmounts [406.39ms]
(pass) failure and empty history remain distinct [20.04ms]
(pass) queued history does not present creation time as a start time [32.90ms]

ui/src/brief/workflows/create/f07-compatibility.test.ts:
(skip) actual F07 service/routes create one populated disabled draft after a lost POST

ui/src/brief/workflows/create/WorkflowCreationRoom.test.tsx:
(pass) suggestion only fills the shared composer and does not submit [19.94ms]
(pass) burst sends once, then opens the returned flow AND version exactly once [34.31ms]
(pass) failed data can never show a success summary, and the whole row carries exact selection [15.74ms]
(pass) list return boundary does not clear prompt or selected row [33.08ms]
(pass) disabled capability preserves the editable prompt but never submits [18.56ms]
(pass) fixture data and controller never appear in live rooms [1.02ms]
(pass) failed receipts retain wording and render blockers as plain text [22.26ms]
(pass) loading, empty and unavailable recents remain distinct [14.55ms]
(pass) no date, subtitle or global creation CTA returns [13.87ms]
(pass) loading history cannot erase a retained stream position before rows return [54.09ms]
(pass) ingredient scope mismatch cannot expose another account's catalog [13.28ms]
(pass) selected ingredients without F08 cannot submit; explicit removal restores plain creation [34.12ms]

ui/src/brief/workflows/create/controller.test.ts:
(pass) one rapid submission persists the exact prompt and key before POST [0.54ms]
(pass) lost POST recovers its receipt without generating a second draft [0.25ms]
(pass) unknown request replay keeps the original key and wording after edits and remount [0.39ms]
(pass) terminal failed retains prompt and permits an explicit new request [0.24ms]
(pass) terminal blocked retains prompt and permits an explicit new request [0.09ms]
(pass) terminal cancelled retains prompt and permits an explicit new request [0.08ms]
(pass) persist failure makes zero requests and keeps the prompt [0.14ms]
(pass) receipt save failure cannot acknowledge navigation [0.22ms]
(pass) saved result opens once and retains exact IDs and selected position [0.21ms]
(pass) retiring a scope fences late results and further effects [0.15ms]
(pass) scope storage keys cannot collide or expose another prompt [0.10ms]
(pass) malformed storage blocks new composition instead of discarding an unknown key [0.14ms]
(pass) foreign request or changed job receipts never navigate [0.29ms]
(pass) UTF-8 bound rejects oversized prompts; raw markup remains text [0.19ms]
(pass) capability-disabled and mismatched servers perform zero requests [0.42ms]
(pass) F07 HTTP adapter uses only composition routes and matches exact receipts [0.52ms]
(pass) canonical recents select latest per flow, carry stable IDs and distinguish every failure [0.29ms]
(pass) retired recovery never submits or stores a late missing lookup [0.27ms]
(pass) retired recovery never submits or stores a late found lookup [0.04ms]
(pass) retired recovery never submits or stores a late rejected lookup [0.03ms]
(pass) failed read restoration cannot overwrite the recovery record through editing or scrolling [0.50ms]
(pass) failed parse restoration cannot overwrite the recovery record through editing or scrolling [0.21ms]
(pass) failed validation restoration cannot overwrite the recovery record through editing or scrolling [0.12ms]
(pass) a later write failure can preserve a known request when storage becomes writable [0.37ms]

ui/src/brief/workflows/canvas/canvas.test.tsx:
(pass) mount boundary requires capability, exact selected identity and matching source [0.97ms]
(pass) version pin rejects another latest draft before the hook can edit it [9.33ms]
(pass) real graph edits serialize branch, loop, nested orphan settings and positions [3.71ms]
(pass) delete and undo restore one subtree and preserve its settings [2.97ms]
(pass) actual sample input/output paths remain separate from production configured input [8.55ms]
(pass) a published version creates a draft on save instead of patching a locked version [2.93ms]
(pass) discard restores authored settings without losing a different scope [2.43ms]
(pass) preview rejects execution and installation rather than falling through to network [0.49ms]
(pass) detached chains extend with global IDs and delete only the chosen step [7.29ms]
(pass) discard restores the saved workflow name, not the edited version object [2.81ms]
(pass) detached descendant names are reserved when creating piece [2.96ms]
(pass) detached descendant names are reserved when creating control-flow [2.59ms]
(pass) detached descendant names are reserved when creating error-handler [5.67ms]
(pass) a positioned detached child keeps its location on promotion, moves, saves and undoes [3.94ms]
(pass) moving an orphan root retires a stale saved descendant override [2.08ms]

ui/src/brief/workflows/recent-rows/read.test.ts:
(pass) current API reads canonical IDs/status, excludes never-run drafts, never forwards captured output [1.06ms]
(pass) unavailable run reads are not an empty collection [0.27ms]
(pass) partial reads preserve known rows and disclose incompleteness [0.29ms]
(pass) cross-flow or malformed runs cannot be displayed [0.14ms]
(pass) inventory is paginated and capped; workers never run more than four reads [75.29ms]
(pass) empty inventory has no run requests and stays distinct [0.23ms]

ui/src/brief/workflows/ingredient-picker/ingredients.test.ts:
(pass) canonical pins copy only the public union, reject extras, duplicates and stale hash formats [0.41ms]
(pass) unknown receipts cannot drop, reorder or repin selected ingredients [0.43ms]
(pass) pinned ingredients persist before POST, retry exact uncertain request and survive remount [0.57ms]
(pass) clear only a matching prompt AND selection; retain edits during a pending success [0.41ms]
(pass) legacy saved state without ingredients remains readable, malformed pins cannot replace stored state [0.13ms]
(pass) F08 gates admission but existing receipts remain recoverable when the picker is disabled [0.30ms]
(pass) real discovery pins grant selection; package metadata never does; credential fields never copied [0.94ms]
(pass) disabled discovery performs no network request [0.25ms]
(pass) duplicate pages and partial failures never masquerade as a complete catalog [0.42ms]
(pass) retired catalog reads abort without committing partial choices; 100-entry discovery page is valid [0.92ms]
(pass) discovery normalizes public whitespace labels without changing pinned identities [0.55ms]
(pass) service identities survive optional metadata loss and metadata renaming [0.49ms]

ui/src/brief/workflows/ingredient-picker/IngredientPicker.test.tsx:
An update to IngredientPicker inside a test was not wrapped in act(...).

When testing, code that causes React state updates should be wrapped into act(...):

act(() => {
  /* fire events that update state */
});
/* assert on the output */

This ensures that you're testing the behavior the user would see in the browser. Learn more at https://react.dev/link/wrap-tests-with-act
(pass) select both types, preserve search/category on reopen, remove chip without losing prompt focus [47.14ms]
(pass) missing account and uninstalled entries explain availability without granting selection [26.48ms]
(pass) off capability closes the picker and does not permit reopening; selections remain [22.08ms]
An update to IngredientPicker inside a test was not wrapped in act(...).

When testing, code that causes React state updates should be wrapped into act(...):

act(() => {
  /* fire events that update state */
});
/* assert on the output */

This ensures that you're testing the behavior the user would see in the browser. Learn more at https://react.dev/link/wrap-tests-with-act
(pass) rapid reversal keeps one portal and closes on outside interaction [56.31ms]
(pass) service filter survives renamed metadata and resets when its package disappears [40.61ms]

ui/src/brief/workflows/ingredient-picker/f08-compatibility.test.ts:
(skip) actual F08 discovery and pinned request recover one populated draft, no credentials or execution

ui/src/brief/workflows/context/WorkflowContextRoom.test.tsx:
(pass) gates reject unsupported/source/scope/flow/version mismatches before any read [6.64ms]
(pass) configured and used-by-run views show their own goal and exact version [30.04ms]
(pass) all eight shell states and remount preserve mode and recorded identity [55.76ms]
(pass) source actions carry exact IDs; missing/removed sources have no false target [23.87ms]
(pass) no selected run disables the recorded choice without inventing usage [14.51ms]
(pass) partial context does not replace unknown usage with configured facts [23.26ms]
(pass) unavailable, unsupported and empty have distinct UI [16.86ms]
(pass) long arbitrary text renders as text; explicit redaction hides all marked fields [15.80ms]
(pass) header destinations retain flow/version/run and no removed chrome returns [10.22ms]
(pass) Run shares the Runs owner and selects its receipt; uncertainty stays locked [796.66ms]
(pass) a wrong-scope command owner is disabled [6.44ms]
(pass) returning from another room refreshes configured context without losing the chosen basis [17.79ms]
(pass) changed source and permission links preserve their separate source identities [17.65ms]
(pass) late run acknowledgement cannot navigate a replaced command owner [399.07ms]

ui/src/brief/workflows/context/controller.test.ts:
(pass) context matches owner, flow, version and configured/recorded identity [0.60ms]
(pass) invalid and duplicate group entries fail closed; unknown is not empty [0.82ms]
(pass) redaction strips label, content and source before caching without copying extra fields [0.26ms]
(pass) configured and recorded context remain independent, including historical versions [0.33ms]
(pass) parallel reads settle into their own query, never beneath the other basis [0.29ms]
(pass) repeated refresh coalesces a slow read instead of restarting it [0.26ms]
(pass) owner retirement aborts reads and rejects late provider results [0.24ms]
(pass) a failed refresh keeps qualified stale data; retry recovers [0.35ms]
(pass) missing, removed, stale, partial, unavailable, unsupported and empty retain their meaning [0.41ms]
(pass) mode and per-query scroll positions survive repeated returns [0.21ms]

ui/src/brief/today/hero-paper/hero-paper.test.tsx:
(pass) source and readiness gates never expose sample decisions as live; preview rejects live writers [0.77ms]
(pass) ten re-hover cycles in all eight shell/chat/theme combinations leave the summary and identity unchanged [855.75ms]
(pass) direct hover controls dispatch the exact source revision once, without pinning or navigating [53.09ms]
(pass) Review is a visible keyboard/touch path; close restores focus and permits a fresh hover [91.39ms]
(pass) Escape from a first-use paper action returns focus without opening Review first [68.11ms]
(pass) wheel over the closed companion scrolls Today, but not while chat is open [72.30ms]
(pass) companion wheel preserves zoom, nested scrolling and boundary behavior [40.65ms]
(pass) queue insertion retains the front paper; a new identity starts at rest with its own document [94.55ms]
(pass) stale, pending and unresolved effects never gain actionable approval or imply success [47.32ms]
(pass) loading, empty and unavailable are distinct, without fictional completed work [39.80ms]
(pass) long review retains all content and the same open document across Pebble and theme changes [64.98ms]
(pass) leaving Today clears its companion reservation without replacing the conversation [46.61ms]

ui/src/brief/today/outcomes/outcomes.test.tsx:
(pass) animated numbers expose one complete formatted value through updates [10.83ms]
(pass) an unknown weekly change exposes its meaning rather than an unnamed dash [5.65ms]
(pass) live values require a live owner and both outcome and measurement gates [15.19ms]
(pass) unknown, missing baseline, wrong units and missing provenance never become time claims [36.86ms]
(pass) a real measured zero is distinct from an unknown value [14.93ms]
(pass) loading, empty, stale, unsupported and unavailable keep distinct honest messages [9.87ms]
(pass) unknown goal measurement does not infer six partners from a goal title [9.64ms]
(pass) approved bands share exact boundaries and preserve fractional progress [9.04ms]
(pass) only the changed count glyphs and seventh segment update; labels and time nodes persist [17.60ms]
(pass) remount, new window and new goal never replay a count-up or arrival animation [39.43ms]
(pass) reaching a two-digit target retains the denominator and its reserved numeric slot [17.98ms]
(pass) reduced motion updates values immediately and cancels an interrupted glyph animation [17.88ms]
(pass) bar values are available on keyboard focus with no numeric fallback [10.55ms]
(pass) values above the chart scale are marked rather than silently misrepresented [13.90ms]
(pass) evidence includes basis, timezone, qualification and source count without the removed heading [10.42ms]
(pass) activity uses stable source identities, and only a bound destination is interactive [8.58ms]
(pass) empty and unavailable activity never invent events or expose preview rows in live mode [2.63ms]

ui/src/brief/today/goal-card/goal-card.test.tsx:
(pass) measurement and recommendation gates are independent and never mix fixtures into live [1.11ms]
(pass) ten open/return cycles retain title, measured value, progress node and keyboard return [129.19ms]
(pass) two immediate presses issue one request; receipt waits for a fresh matching queue; progress never changes [48.81ms]
(pass) each receipt identity field must match; a changed title, wrong destination or duplicate queue is not confirmation [0.70ms]
(pass) failed, conflicting, unknown and lost responses never announce success or enable a blind retry [150.31ms]
(pass) blocked, expired, stale, changed-goal and historical accepted recommendations cannot dispatch [96.51ms]
(pass) expiry while visible disables acceptance without waiting for a user navigation [119.17ms]
(pass) old async completion cannot enter a changed goal or a lost capability [35.50ms]
(pass) a remounted accepted projection does not replay destination motion or submit [31.87ms]
(pass) a receipt for different work never confirms even when that other item exists in the queue [34.36ms]
(pass) a changed recommendation revision ignores the old response and allows review of the new identity [33.12ms]
(pass) a settled receipt highlights once; unchanged refresh and returning to the recommendation do not replay it [2304.50ms]
(pass) loading, empty and unavailable recommendations keep a local return; unknown progress is never zero [48.65ms]
(pass) temporary recommendation loss retains the pending attempt and its response without a second dispatch [112.46ms]
(pass) interleaved recommendation requests retain separate results across an identity round trip [118.92ms]
(pass) lost goal data does not replay a settled receipt or unlock a completed attempt on recovery [1318.11ms]
(pass) background recommendation revisions and recovery preserve focus and text in another control [50.84ms]
(pass) an automatic recommendation close restores focus when its removed control held it [33.42ms]
(pass) callbacks from a replaced owner scope cannot overwrite a new request for the same identity [84.58ms]

ui/src/brief/today/opportunity-stack/opportunity-stack.test.tsx:
(pass) preview/live sources and preparation/activation gates remain separate [1.05ms]
(pass) acceptance requires the exact receipt, action and immutable workflow version [4.96ms]
(pass) preparation, stale reads, missing binding credentials and absent writers never enable [42.59ms]
(pass) malformed ready snapshots cannot enable [0.90ms]
(pass) ten local next cycles retain the list; light/dark and compact changes retain selection [542.29ms]
(pass) double approval confirms locally, then removes exactly one and leaves the next actionable [1232.47ms]
(pass) dismiss has a neutral acknowledgement and final empty state restores local focus [1829.77ms]
(pass) missing reads do not reset a pending operation or permit a duplicate submission [632.13ms]
(pass) lost, mismatched, unknown, failed and conflicting results keep the proposal and block retries [3271.95ms]
(pass) a lost response can recover only from a receipt matching the outstanding request [614.79ms]
(pass) a changed revision fences the old callback and permits reviewing the new prepared version [14.94ms]
(pass) a changed account cannot display or settle another account's request [607.56ms]
(pass) owner removing the accepted item before its response does not skip another proposal [610.87ms]
(pass) background changes leave external composer focus and content intact [7.69ms]
(pass) terminal snapshots stay absent, duplicate identities fail closed, unknown count is not zero [4.26ms]
(pass) freshness loss during a navigation exit still settles the next cached proposal [58.76ms]
(pass) stale proposals allow repeated local navigation without allowing writes [1127.00ms]
(pass) stale data still holds an action receipt until fresh confirmation can be presented [1207.41ms]
(pass) approve_enable retains the next proposal identity when the refreshed list is earlier-removed [662.52ms]
(pass) approve_enable retains the next proposal identity when the refreshed list is owner-removed-current [662.42ms]
(pass) approve_enable retains the next proposal identity when the refreshed list is reordered [661.29ms]
(pass) approve_enable retains the next proposal identity when the refreshed list is successor-removed [662.55ms]
(pass) approve_enable retains the next proposal identity when the refreshed list is all-replaced [664.66ms]
(pass) dismiss retains the next proposal identity when the refreshed list is earlier-removed [665.46ms]
(pass) dismiss retains the next proposal identity when the refreshed list is owner-removed-current [661.95ms]
(pass) dismiss retains the next proposal identity when the refreshed list is reordered [664.58ms]
(pass) dismiss retains the next proposal identity when the refreshed list is successor-removed [664.63ms]
(pass) dismiss retains the next proposal identity when the refreshed list is all-replaced [663.79ms]
(pass) refresh order does not replace the initially selected identity [5.14ms]
(pass) a response after remount cannot alter the new stack [605.69ms]
(pass) an in-flight identity can be left and restored without losing its request or receipt [618.04ms]
(pass) an authoritative recovery cannot be overwritten by a late transport failure [613.42ms]

ui/src/brief/today/decision-transition/decision-transition.test.tsx:
(pass) double press locks immediately even if the owner has not rendered its pending state [26.71ms]
(pass) confirmed receipt retains paper, summary and count until settlement, then raises only the next identity [447.94ms]
(pass) draft and rejection receipts are distinct and do not claim a sent message [825.61ms]
(pass) an appended goal never displaces the front while pending or settling [414.52ms]
(pass) next projection alone, wrong attempt, identity, revision or action cannot acknowledge this decision [13.97ms]
(pass) approval without a committed effect is not completion [458.61ms]
(pass) accepting unstarted work advances without claiming execution [412.23ms]
(pass) permission approval has its own receipt without claiming execution [412.33ms]
(pass) a non-execution receipt cannot downgrade Approve & send [11.46ms]
(pass) approval receipts must match the reviewed meaning and effect in every direction [0.81ms]
(pass) non-execution acknowledgments cannot hide a canonical failed or uncertain effect [0.57ms]
(pass) errors, conflicts and unknown outcomes keep the affected paper, including when another item is supplied [14.20ms]
(pass) a refreshed conflicting version must be reviewed anew before a fresh request [19.79ms]
(pass) lost response and reloaded unresolved projection never retry or replay completion [7.27ms]
(pass) a mounted historical receipt never plays a new completion [6.08ms]
(pass) confirmed result waits for a fresh authoritative next projection, not a stale/failed read [412.39ms]
(pass) canonical failed or unknown outcome overrides even a conflicting optimistic receipt [0.42ms]
(pass) a failure received during confirmation cancels advancement [460.06ms]
(pass) a failure received during non-reduced settlement cancels advancement [708.08ms]
(pass) keyboard focus follows the next Review path without stealing focus from another control [824.10ms]
(pass) resolving an expanded review restores its pre-review scroll position for the next paper [415.04ms]
(pass) unmount cancels presentation timers and late callback failures cannot affect a new paper [12.10ms]
(pass) capability loss clears a retained document and cannot expose an old writer [4.92ms]

ui/src/brief/chat/attachment-fan/attachment-fan.test.tsx:
(pass) three choices stay mounted across twenty reversals and retain composer value [171.50ms]
(pass) keyboard reaches each choice; Escape closes only the fan and restores plus [20.84ms]
(pass) unavailable Screenshot stays focusable with a reason but cannot capture [14.67ms]
(pass) selection acknowledges once and returns focus to the origin [15.38ms]
(pass) cancelled picker has no attachment receipt [10.41ms]
(pass) pending entry is deduplicated and a failed request can be retried [27.07ms]
(pass) late picker result cannot report into another conversation [27.34ms]
(pass) source mismatch, missing identity and offline states never dispatch [32.39ms]
(pass) theme changes preserve menu, selected focus and choice elements [15.00ms]
(pass) outside focus closes the fan without stealing the new focus [10.67ms]
(pass) unmount removes portal and cancels an outstanding selection [15.04ms]
(pass) F-05 binding captures original chat through picker delay and delegates exact file [1.12ms]
(pass) F-05 capture requires explicit device confirmation [0.43ms]
(pass) F-05 does not upload after scope change, tab closure, disconnect or abort during picker [0.51ms]
(pass) F-05 unsupported Screenshot and cancelled file picker have no external effect [0.34ms]
(pass) F-05 superseded upload cannot report attached merely because its promise finished [0.30ms]
(pass) keyboard can enter a fan already opened with the pointer [13.99ms]
(pass) closing Pebble during selection clears pending feedback without a success receipt [16.86ms]
(pass) A to B to A clears only the cancelled request and keeps completed feedback [41.76ms]

ui/src/brief/chat/tab-strip/ConversationTabStrip.test.tsx:
(pass) a tab closed before entry settles keeps the same inert element through its exit [18.87ms]
(pass) rapid add-close-reopen keeps identity and a stale exit cannot remove the returned tab [17.57ms]
(pass) reduced motion removes an interrupted entrant immediately without leaving a ghost [14.77ms]
(pass) F-04 structural port projects stable identities and delegates only metadata operations [0.69ms]
(pass) 112px minimum and ordinary widths match native starting geometry [0.26ms]
(pass) non-scoped and wrong-source states cannot issue tab actions or look like an empty collection [2.76ms]
(pass) selected identity, panel linkage and roving focus remain separate [14.14ms]
(pass) closing inactive chat dispatches its exact ID without selecting it or cancelling another chat [5.85ms]
(pass) focused active closure follows owner selection and final closure focuses plus without creating history [15.53ms]
(pass) background removal cannot steal composer focus [9.90ms]
(pass) ten add/close cycles leave surviving tab identities and selected chat intact [88.60ms]
(pass) duplicate titles, long names and remote reorder retain ID-specific close targets [7.17ms]
(pass) failed writes preserve tabs and focus, report locally and allow a retry [9.29ms]
(pass) pending writes block repeated clicks and owner pending counts are respected [6.02ms]
(pass) mode loss/unmount during a write cannot apply a stale local confirmation [7.38ms]
(pass) a replacement workspace does not inherit a pending lock or late error [6.56ms]

ui/src/brief/chat/composer/ConversationComposer.test.tsx:
(pass) F-04 binding captures the selected conversation and exact cancellation reference [1.01ms]
(pass) a pending acceptance is cancellable by its original IDs and other chats cannot supply the turn [0.33ms]
(pass) wrong sources, absent scope and non-scoped modes expose no writing or send action [2.64ms]
(pass) suggestions prefill and focus, preserving existing writing and never sending [6.36ms]
(pass) blank writing is inactive, Enter sends once, and Shift+Enter stays a newline [10.59ms]
(pass) IME composition, native composing and keyCode 229 cannot send prematurely [47.09ms]
(pass) send preserves exact text and keeps the draft until the owner accepts it [4.88ms]
(pass) async send is deduplicated and a newer draft is never cleared by its completion [4.70ms]
(pass) failed sending preserves draft, reports locally and permits a deliberate retry [9.04ms]
(pass) active turns show Stop and cannot be resubmitted through Enter [4.82ms]
(pass) synchronous cancellation dispatch keeps feedback until the matching turn ends and permits retry [9.60ms]
(pass) owner cancellation failure permits retry, and disconnect does not claim the turn stopped [7.92ms]
(pass) a new turn cannot inherit a previous stop lock or its late dispatch failure [11.30ms]
(pass) a repeated owner failure with identical wording ends the new stop intent after error dismissal [7.96ms]
(pass) a pending stop has local feedback and a failed stop does not claim completion [7.89ms]
(pass) offline and metadata-pending states block sends while keeping the existing draft [7.31ms]
(pass) UTF-8 limit is validated without truncating multibyte writing [3.84ms]
(pass) switching conversations or workspace cannot inherit a pending lock or late error [12.14ms]
(pass) theme changes preserve the input element, focus, value and selection [3.18ms]
(pass) composer has the fixed attachment seam without inventing an upload action [7.09ms]

ui/src/brief/chat/message/ConversationMessages.test.tsx:
(pass) quiet user and unboxed answer share one scoped thread; activity starts collapsed [18.03ms]
(pass) twenty open/close cycles retain the same reply and local preference across tabs [86.51ms]
(pass) workspace change drops view preferences even if chat IDs are reused [5.94ms]
(pass) only current live activity moves; completed and replayed activities never move [3.56ms]
(pass) disconnect stops the current marker without losing partial content [7.43ms]
(pass) terminal failure keeps the partial answer and does not expose the raw error [2.71ms]
(pass) cancellation is not completion; unfinished activity does not claim success [3.19ms]
(pass) completion shows output immediately and condenses untouched working details [3.40ms]
(pass) missing progress produces a generic working state, not invented activity [1.55ms]
(pass) foreign conversations, requests, raw tool/system messages and unsafe labels stay out [6.85ms]
(pass) markdown supports tables/code and safe links without HTML or remote image effects [9.38ms]
(pass) URLs reject executable, relative, credentials and malformed destinations [0.30ms]
(pass) gates never substitute fixture history in live mode [1.54ms]
(pass) owner binding captures the exact conversation for scroll and history [0.36ms]
(pass) stable activity order and turn identity survive interleaved response arrival [0.24ms]
(pass) history retry uses one existing owner without hiding retained messages [7.57ms]
(pass) semantic scroll anchor survives growth above it and only bottom readers follow [2.04ms]
(pass) a condensed activity falls back to its own summary rather than another response [0.45ms]
(pass) delayed initial history preserves the saved reading position through empty loading and error states [14.54ms]

ui/src/brief/shell/navigation/navigation.test.tsx:
(pass) live navigation requires the F-25 capability and rejects fixture data [1.31ms]
(pass) unavailable and stale reads never invent healthy connection, plan or zero counts [0.42ms]
(pass) actual billing names are retained; outages and self-hosted are distinct [0.40ms]
(pass) bounded counts and real parent links do not conflate object IDs and titles [0.35ms]
(pass) disabled rollout renders existing children without a replacement shell [31.78ms]
(pass) ten collapse/expand cycles retain the actual body DOM, draft, room, selection and chat [103.09ms]
(pass) new destinations start at the top but shell changes and same-room selection retain scroll [51.93ms]
(pass) account menu opens by keyboard, wraps focus, supports typeahead and Escape return [35.20ms]
(pass) all account destinations are reachable expanded/rail in both themes [151.58ms]
(pass) outside click dismisses without stealing the new focus; Tab returns toward normal flow [35.04ms]
(pass) route and theme changes do not strand a menu or change the account plan [36.05ms]
(pass) fresh read models and equivalent route objects leave the account menu and focus intact [35.46ms]
(pass) reopening during account-menu exit reuses one surface and recovers keyboard focus [68.48ms]
(pass) rail focus names its icon and dismissal leaves focus on that same destination [31.78ms]
(pass) status targets the connected workspace and unknown state remains explicitly named [18.10ms]

ui/src/brief/shell/pebble-layout/pebble.test.tsx:
(pass) workspace geometry preserves room space, uses the workspace corner and has a readable single-pane fallback [0.71ms]
(pass) today: twenty open/close/reopen cycles retain room, object, conversation, draft and scroll [299.88ms]
(pass) workflow: twenty open/close/reopen cycles retain room, object, conversation, draft and scroll [318.91ms]
(pass) all-workflows: twenty open/close/reopen cycles retain room, object, conversation, draft and scroll [290.74ms]
(pass) memory-detail: twenty open/close/reopen cycles retain room, object, conversation, draft and scroll [256.72ms]
(pass) profile: twenty open/close/reopen cycles retain room, object, conversation, draft and scroll [259.22ms]
(pass) Escape closes locally and returns to the opener; an inner control can consume Escape [29.92ms]
(pass) closing a room-origin conversation restores that origin without scrolling [46.06ms]
(pass) narrow fallback keeps hidden work mounted, inert and scroll-stable; expanding keeps conversation focus [32.19ms]
(pass) route changes preserve the single conversation and its draft while resetting room scroll [32.67ms]
(pass) capability loss/recovery hides chrome without remounting room or its supplied conversation [34.49ms]
(pass) no binding provides no opener; live mode never mounts a fixture conversation [11.46ms]

ui/src/brief/components/controls/controls.test.tsx:
(pass) pending actions retain focus, suppress repeat activation and prevent submit [5.00ms]
(pass) native disabled and aria-disabled buttons cannot activate [2.15ms]
(pass) alternate action labels reserve space but remain hidden from assistive technology [0.95ms]
(pass) fields retain the input node and value through validation and success [3.21ms]
(pass) native select and textarea remain labeled and retain supplied semantics [2.30ms]
(pass) switch reports the opposite value once; disabled position and meaning stay intact [6.84ms]
(pass) segment groups use independent native radio names and controlled selection [3.88ms]
(pass) tab arrows skip disabled entries without activating; switching preserves panel state [3.79ms]
(pass) menu uses a portal with inherited theme; keyboard skips disabled and restores trigger [8.38ms]
(pass) menu opens at last item with ArrowUp; Escape dismisses without action [4.07ms]
(pass) menu dismisses on outside pointer and focus without stealing focus [4.79ms]
(pass) an open menu follows a local appearance change [6.65ms]
(pass) tooltip is immediate on focus, has a description, and Escape retains focus [3.46ms]
(pass) Escape dismisses the hint before its containing panel, then reaches the panel on a second press [3.02ms]
(pass) unmount removes a menu and its portaled content [3.18ms]
(pass) pointer departure does not dismiss a keyboard-focused tooltip [105.61ms]

2 tests skipped:
(skip) actual F07 service/routes create one populated disabled draft after a lost POST
(skip) actual F08 discovery and pinned request recover one populated draft, no credentials or execution

 551 pass
 2 skip
 0 fail
 5042 expect() calls
Ran 553 tests across 37 files. [50.54s]
