bun test v1.4.2 (744846f84)

ui/src/brief/workflows/create/controller.test.ts:
(pass) one rapid submission persists the exact prompt and key before POST [2.03ms]
(pass) lost POST recovers its receipt without generating a second draft [0.30ms]
(pass) unknown request replay keeps the original key and wording after edits and remount [0.46ms]
(pass) terminal failed retains prompt and permits an explicit new request [0.22ms]
(pass) terminal blocked retains prompt and permits an explicit new request [0.14ms]
(pass) terminal cancelled retains prompt and permits an explicit new request [0.12ms]
(pass) persist failure makes zero requests and keeps the prompt [0.26ms]
(pass) receipt save failure cannot acknowledge navigation [0.39ms]
(pass) saved result opens once and retains exact IDs and selected position [0.68ms]
(pass) retiring a scope fences late results and further effects [0.33ms]
(pass) scope storage keys cannot collide or expose another prompt [0.26ms]
(pass) malformed storage blocks new composition instead of discarding an unknown key [0.23ms]
(pass) foreign request or changed job receipts never navigate [0.47ms]
(pass) UTF-8 bound rejects oversized prompts; raw markup remains text [0.21ms]
(pass) capability-disabled and mismatched servers perform zero requests [0.76ms]
(pass) F07 HTTP adapter uses only composition routes and matches exact receipts [0.74ms]
(pass) canonical recents select latest per flow, carry stable IDs and distinguish every failure [0.54ms]
(pass) retired recovery never submits or stores a late missing lookup [0.37ms]
(pass) retired recovery never submits or stores a late found lookup [0.05ms]
(pass) retired recovery never submits or stores a late rejected lookup [0.06ms]
(pass) failed read restoration cannot overwrite the recovery record through editing or scrolling [0.56ms]
(pass) failed parse restoration cannot overwrite the recovery record through editing or scrolling [0.11ms]
(pass) failed validation restoration cannot overwrite the recovery record through editing or scrolling [0.14ms]
(pass) a later write failure can preserve a known request when storage becomes writable [0.40ms]

ui/src/brief/workflows/create/WorkflowCreationRoom.test.tsx:
(pass) suggestion only fills the shared composer and does not submit [128.07ms]
(pass) burst sends once, then opens the returned flow AND version exactly once [58.15ms]
(pass) failed data can never show a success summary, and the whole row carries exact selection [18.85ms]
(pass) list return boundary does not clear prompt or selected row [40.58ms]
(pass) disabled capability preserves the editable prompt but never submits [20.02ms]
(pass) fixture data and controller never appear in live rooms [9.08ms]
(pass) failed receipts retain wording and render blockers as plain text [35.93ms]
(pass) loading, empty and unavailable recents remain distinct [37.45ms]
(pass) no date, subtitle or global creation CTA returns [11.93ms]
(pass) loading history cannot erase a retained stream position before rows return [57.90ms]
(pass) ingredient scope mismatch cannot expose another account's catalog [19.11ms]
(pass) selected ingredients without F08 cannot submit; explicit removal restores plain creation [54.16ms]

ui/src/brief/workflows/create/f07-compatibility.test.ts:
(skip) actual F07 service/routes create one populated disabled draft after a lost POST

ui/src/brief/workflows/ingredient-picker/ingredients.test.ts:
(pass) canonical pins copy only the public union, reject extras, duplicates and stale hash formats [0.70ms]
(pass) unknown receipts cannot drop, reorder or repin selected ingredients [0.93ms]
(pass) pinned ingredients persist before POST, retry exact uncertain request and survive remount [1.04ms]
(pass) clear only a matching prompt AND selection; retain edits during a pending success [0.63ms]
(pass) legacy saved state without ingredients remains readable, malformed pins cannot replace stored state [0.22ms]
(pass) F08 gates admission but existing receipts remain recoverable when the picker is disabled [0.41ms]
(pass) real discovery pins grant selection; package metadata never does; credential fields never copied [1.27ms]
(pass) disabled discovery performs no network request [0.38ms]
(pass) duplicate pages and partial failures never masquerade as a complete catalog [0.36ms]
(pass) retired catalog reads abort without committing partial choices; 100-entry discovery page is valid [2.10ms]
(pass) discovery normalizes public whitespace labels without changing pinned identities [0.94ms]
(pass) service identities survive optional metadata loss and metadata renaming [0.57ms]

ui/src/brief/workflows/ingredient-picker/IngredientPicker.test.tsx:
(pass) select both types, preserve search/category on reopen, remove chip without losing prompt focus [89.03ms]
(pass) missing account and uninstalled entries explain availability without granting selection [25.49ms]
(pass) off capability closes the picker and does not permit reopening; selections remain [46.26ms]
(pass) rapid reversal keeps one portal and closes on outside interaction [82.47ms]
(pass) service filter survives renamed metadata and resets when its package disappears [81.27ms]

ui/src/brief/workflows/ingredient-picker/f08-compatibility.test.ts:
(skip) actual F08 discovery and pinned request recover one populated draft, no credentials or execution

ui/src/brief/workflows/recent-rows/read.test.ts:
(pass) current API reads canonical IDs/status, excludes never-run drafts, never forwards captured output [1.14ms]
(pass) unavailable run reads are not an empty collection [0.27ms]
(pass) partial reads preserve known rows and disclose incompleteness [0.26ms]
(pass) cross-flow or malformed runs cannot be displayed [0.15ms]
(pass) inventory is paginated and capped; workers never run more than four reads [69.59ms]
(pass) empty inventory has no run requests and stays distinct [0.68ms]

2 tests skipped:
(skip) actual F07 service/routes create one populated disabled draft after a lost POST
(skip) actual F08 discovery and pinned request recover one populated draft, no credentials or execution

 59 pass
 2 skip
 0 fail
 240 expect() calls
Ran 61 tests across 7 files. [1252.00ms]
