test	Run bun test --retry=2	2026-10-06T13:08:37.0540115Z 356 |     }
test	Run bun test --retry=2	2026-10-06T13:08:37.0540417Z 357 |     expect([...readers].sort()).toEqual([...REVIEWED_STEP_OUTPUT_READERS].sort());
test	Run bun test --retry=2	2026-10-06T13:08:37.0540956Z                                       ^
test	Run bun test --retry=2	2026-10-06T13:08:37.0541212Z error: expect(received).toEqual(expected)
test	Run bun test --retry=2	2026-10-06T13:08:37.0541399Z
test	Run bun test --retry=2	2026-10-06T13:08:37.0541471Z   [
test	Run bun test --retry=2	2026-10-06T13:08:37.0541658Z     "actions/tools/manage-workflow.ts",
test	Run bun test --retry=2	2026-10-06T13:08:37.0541936Z     "actions/tools/workflow-composer.ts",
test	Run bun test --retry=2	2026-10-06T13:08:37.0542194Z     "awareness/suggestion-composer.ts",
test	Run bun test --retry=2	2026-10-06T13:08:37.0542442Z     "brief/adapters.ts",
test	Run bun test --retry=2	2026-10-06T13:08:37.0542664Z +   "brief/composition.ts",
test	Run bun test --retry=2	2026-10-06T13:08:37.0542893Z     "brief/contracts.ts",
test	Run bun test --retry=2	2026-10-06T13:08:37.0543118Z     "daemon/api-routes.ts",
test	Run bun test --retry=2	2026-10-06T13:08:37.0543356Z     "goals/work-items.ts",
test	Run bun test --retry=2	2026-10-06T13:08:37.0543598Z     "goals/workflow-bridge.ts",
test	Run bun test --retry=2	2026-10-06T13:08:37.0543831Z   ]
test	Run bun test --retry=2	2026-10-06T13:08:37.0543924Z
test	Run bun test --retry=2	2026-10-06T13:08:37.0544019Z - Expected  - 0
test	Run bun test --retry=2	2026-10-06T13:08:37.0544233Z + Received  + 1
test	Run bun test --retry=2	2026-10-06T13:08:37.0544355Z
test	Run bun test --retry=2	2026-10-06T13:08:37.0544637Z       at <anonymous> (/home/runner/work/jarvis/jarvis/src/workflows/adapters/untrusted-reach.test.ts:357:33)
test	Run bun test --retry=2	2026-10-06T13:08:37.0545014Z
test	Run bun test --retry=2	2026-10-06T13:08:37.0548037Z ##[error]  [
test	Run bun test --retry=2	    "actions/tools/manage-workflow.ts",
test	Run bun test --retry=2	    "actions/tools/workflow-composer.ts",
test	Run bun test --retry=2	    "awareness/suggestion-composer.ts",
test	Run bun test --retry=2	    "brief/adapters.ts",
test	Run bun test --retry=2	+   "brief/composition.ts",
test	Run bun test --retry=2	    "brief/contracts.ts",
test	Run bun test --retry=2	    "daemon/api-routes.ts",
test	Run bun test --retry=2	    "goals/work-items.ts",
test	Run bun test --retry=2	    "goals/workflow-bridge.ts",
test	Run bun test --retry=2	  ]
test	Run bun test --retry=2
test	Run bun test --retry=2	- Expected  - 0
test	Run bun test --retry=2	+ Received  + 1
test	Run bun test --retry=2
test	Run bun test --retry=2	      at <anonymous> (/home/runner/work/jarvis/jarvis/src/workflows/adapters/untrusted-reach.test.ts:357:33)
test	Run bun test --retry=2	2026-10-06T13:08:37.0550708Z (fail) #573 premise 2: the routes out of the workflow data plane are enumerated > only the reviewed files outside src/workflows hold a run or a version object (attempt 3) [6.52ms]
test	Run bun test --retry=2	2026-10-06T13:08:37.0551790Z (pass) #573: the adapter does not frame, and that is asserted not assumed > an untrusted-source tool's result reaches the step unframed and byte-exact [0.51ms]
test	Run bun test --retry=2	2026-10-06T13:13:09.3841225Z
test	Run bun test --retry=2	2026-10-06T13:13:09.3841718Z ##[endgroup]
test	Run bun test --retry=2	2026-10-06T13:13:09.3842097Z
test	Run bun test --retry=2	2026-10-06T13:13:09.3842339Z 31 tests skipped:
test	Run bun test --retry=2	2026-10-06T13:13:09.3842707Z (skip) toast XML under Windows PowerShell 5.1 and WinRT > hostile text lands escaped, as text, in the stock ToastText02 XML
test	Run bun test --retry=2	2026-10-06T13:13:09.3871012Z (skip) restart and update from inside a real systemd user unit (#525) > (unnamed)
test	Run bun test --retry=2	2026-10-06T13:13:09.3871712Z (skip) restart and update from inside a real systemd user unit (#525) > jarvis restart schedules the restart with systemd and the daemon comes back under the unit
test	Run bun test --retry=2	2026-10-06T13:13:09.3872598Z (skip) restart and update from inside a real systemd user unit (#525) > jarvis restart from a terminal goes through systemd, and its arguments are ignored
test	Run bun test --retry=2	2026-10-06T13:13:09.3873939Z (skip) restart and update from inside a real systemd user unit (#525) > jarvis update from inside the unit hands off to a transient updater: stop, update, start
test	Run bun test --retry=2	2026-10-06T13:13:09.3874772Z (skip) restart and update from inside a real systemd user unit (#525) > jarvis update from a terminal runs the same updater and follows it to the end
test	Run bun test --retry=2	2026-10-06T13:13:09.3875517Z (skip) restart and update from inside a real systemd user unit (#525) > an updater killed between stop and start still leaves the unit running
test	Run bun test --retry=2	2026-10-06T13:13:09.3876307Z (skip) restart and update from inside a real systemd user unit (#525) > a hung updater is stopped by its RuntimeMaxSec and the unit, escaped name and all, comes back
test	Run bun test --retry=2	2026-10-06T13:13:09.3877073Z (skip) restart and update from inside a real systemd user unit (#525) > a non-zero exit is restarted, and the start limit stops the loop
test	Run bun test --retry=2	2026-10-06T13:13:09.3877760Z (skip) restart and update from inside a real systemd user unit (#525) > a clean exit is left stopped, which is what jarvis stop relies on
test	Run bun test --retry=2	2026-10-06T13:13:09.3878326Z (skip) restart and update from inside a real systemd user unit (#525) > (unnamed)
test	Run bun test --retry=2	2026-10-06T13:13:09.3878828Z (skip) service definitions propagate JARVIS_HOME > the generated plist parses with a hostile data root
test	Run bun test --retry=2	2026-10-06T13:13:09.3879298Z (skip) readAutostartEnabled > off Linux there is nothing to ask
test	Run bun test --retry=2	2026-10-06T13:13:09.3879641Z (skip) enableAutostart > off Linux it is a no-op success
test	Run bun test --retry=2	2026-10-06T13:13:09.3879972Z (skip) daemon stop under a real launchd supervisor > (unnamed)
test	Run bun test --retry=2	2026-10-06T13:13:09.3880424Z (skip) daemon stop under a real launchd supervisor > launchd relaunch keeps its lockfile through a stop
test	Run bun test --retry=2	2026-10-06T13:13:09.3880989Z (skip) daemon stop under a real launchd supervisor > (unnamed)
test	Run bun test --retry=2	2026-10-06T13:13:09.3881365Z (skip) KeepAlive={SuccessfulExit:false} under a real launchd > (unnamed)
test	Run bun test --retry=2	2026-10-06T13:13:09.3881885Z (skip) KeepAlive={SuccessfulExit:false} under a real launchd > a clean exit is left alone, so `jarvis stop` stays stopped
test	Run bun test --retry=2	2026-10-06T13:13:09.3882669Z (skip) KeepAlive={SuccessfulExit:false} under a real launchd > an unsuccessful exit is still relaunched
test	Run bun test --retry=2	2026-10-06T13:13:09.3883139Z (skip) KeepAlive={SuccessfulExit:false} under a real launchd > (unnamed)
test	Run bun test --retry=2	2026-10-06T13:13:09.3883607Z (skip) the sanitized env still runs the real toolchain > scaffolds, installs and serves a vite project
test	Run bun test --retry=2	2026-10-06T13:13:09.3884060Z (skip) typing into an xterm on a private Xvfb display > (unnamed)
test	Run bun test --retry=2	2026-10-06T13:13:09.3884549Z (skip) typing into an xterm on a private Xvfb display > text that looks like an option arrives in the window literally
test	Run bun test --retry=2	2026-10-06T13:13:09.3885033Z (skip) typing into an xterm on a private Xvfb display > (unnamed)
test	Run bun test --retry=2	2026-10-06T13:13:09.3885402Z (skip) desktop.applescript script asset > compiles under osacompile
test	Run bun test --retry=2	2026-10-06T13:13:09.3885832Z (skip) desktop.applescript script asset > terminology probe runs on the real interpreter
test	Run bun test --retry=2	2026-10-06T13:13:09.3886460Z (skip) pieces-library integration (gated on JARVIS_TEST_PIECES_LIBRARY=1) > gmail: bun installs the package and the bundle is requireable
test	Run bun test --retry=2	2026-10-06T13:13:09.3887200Z (skip) engine extracts metadata for an npm-installed piece (gated) > engine produces metadata for gmail with actions + triggers + name
test	Run bun test --retry=2	2026-10-06T13:13:09.3887831Z (skip) engine bundle build > produces a runnable bundle that exits cleanly without SANDBOX_ID
test	Run bun test --retry=2	2026-10-06T13:13:09.3888488Z (skip) Outer worker: real delay pause and timer continuation > a completed slice stays PAUSED; a timer after restart resumes once with prior outputs
test	Run bun test --retry=2	2026-10-06T13:13:09.3888925Z
test	Run bun test --retry=2	2026-10-06T13:13:09.3888930Z
test	Run bun test --retry=2	2026-10-06T13:13:09.3889003Z 1 tests failed:
test	Run bun test --retry=2	2026-10-06T13:13:09.3889535Z (fail) #573 premise 2: the routes out of the workflow data plane are enumerated > only the reviewed files outside src/workflows hold a run or a version object (attempt 3) [6.52ms]
test	Run bun test --retry=2	2026-10-06T13:13:09.3890042Z
test	Run bun test --retry=2	2026-10-06T13:13:09.3890114Z  8014 pass
test	Run bun test --retry=2	2026-10-06T13:13:09.3890277Z  31 skip
test	Run bun test --retry=2	2026-10-06T13:13:09.3890726Z  1 fail
test	Run bun test --retry=2	2026-10-06T13:13:09.3890892Z  57110 expect() calls
test	Run bun test --retry=2	2026-10-06T13:13:09.3891096Z Ran 8046 tests across 447 files. [516.10s]
test	Run bun test --retry=2	2026-10-06T13:13:09.4394901Z ##[error]Process completed with exit code 1.
