bun test v1.4.2 (744846f84)
Database initialized at: /tmp/jarvis-next-action-EsFOGA/test.db
Database initialized at: /tmp/jarvis-next-action-53xQde/test.db
Database initialized at: /tmp/jarvis-next-action-1yXzzf/test.db
Database initialized at: /tmp/jarvis-next-action-XKAGD4/test.db
Database initialized at: /tmp/jarvis-next-action-FRjAd4/test.db
Database initialized at: /tmp/jarvis-next-action-jkxbpl/test.db
Database initialized at: /tmp/jarvis-next-action-3hlYZg/test.db
Database initialized at: /tmp/jarvis-f13-q18-90fKoh/fixture.db
Database initialized at: /tmp/jarvis-f13-q18-imY46F/fixture.db

src/goals/next-action.test.ts:
(pass) founder-review scenarios > check-finished-run: This week's invoice reminders ran and finished. Pricing work is also waiting. [10.71ms]
(pass) founder-review scenarios > answer-waitpoint: The reminder run is paused, waiting for approval to send. [0.44ms]
(pass) founder-review scenarios > failed-run: The reminder run failed and nobody has looked at it. [0.24ms]
(pass) founder-review scenarios > unavailable-integration: Accepted follow-up work runs a workflow whose Gmail account is disconnected. Another goal has a startable step. [0.47ms]
(pass) founder-review scenarios > decide-proposals: This morning's plan proposed two items, one for a goal due in two days. [0.37ms]
(pass) founder-review scenarios > continue-before-starting: Accepted reminder work is ready. Another goal has no work yet. [0.18ms]
(pass) founder-review scenarios > already-done: Reminder work was checked done two days ago, but the goal is still open. A pricing goal has a startable step. [0.36ms]
(pass) founder-review scenarios > already-done-only: Reminder work was checked done two days ago, the goal is still open, and nothing else is active. [0.17ms]
(pass) founder-review scenarios > all-steps-complete: Every task under the invoice key result is complete, but the key result is still open. [0.22ms]
(pass) founder-review scenarios > stale-goal: A newsletter goal has had no progress or work for six weeks. [0.17ms]
(pass) founder-review scenarios > stale-and-fresh: The newsletter goal is stale; a pricing goal created this week has a startable step. [0.30ms]
(pass) founder-review scenarios > duplicate-commitment: The founder already committed to calling Ana about invoice 1042. [0.32ms]
(pass) founder-review scenarios > blocked-by-dependency: Sending the new price list depends on approving the new prices, which is not done. [0.24ms]
(pass) founder-review scenarios > accepted-work-waits-on-dependency: Accepted work on the price-list goal is ready, but that goal waits on approving the new prices. [0.22ms]
(pass) founder-review scenarios > duplicate-open-work: A proposal to draft the partner agreement exists without a goal link; the matching goal has no work of its own. [0.17ms]
(pass) founder-review scenarios > paused-parent: The only key result belongs to a paused objective. [0.17ms]
(pass) founder-review scenarios > full-queue: Five items are running, the daily limit, and a new step is available. [0.32ms]
(pass) founder-review scenarios > full-queue-still-checks: The day is full, but one item finished and needs checking. [0.26ms]
(pass) founder-review scenarios > no-concrete-step: The objective has no tasks under it yet. [0.21ms]
(pass) founder-review scenarios > last-attempt-failed: The last reminder attempt failed its check: three reminders bounced. [0.23ms]
(pass) founder-review scenarios > tie-between-goals: Two goals with no deadlines, the same health and no order between them each have a startable step. [0.32ms]
(pass) founder-review scenarios > deadline-breaks-tie: Two startable goals; one is due in three days. [0.25ms]
(pass) founder-review scenarios > nothing-left: Every goal is complete and the last item is still running. [0.14ms]
(pass) founder-review scenarios > old-proposals: Proposals from earlier mornings were never decided and one was rejected. This morning a run finished. [0.20ms]
(pass) founder-review scenarios > proposal-for-done-goal: Reminder work was checked done two days ago. This morning's fallback plan proposed working on the same goal again. [0.28ms]
(pass) founder-review scenarios > inherited-dependency: Emailing the price list, due in three days, sits under a milestone that waits on approving the new prices. [0.41ms]
(pass) founder-review scenarios > done-long-ago: Reminder work was checked done ten days ago; the goal is still open and nothing else is active. [0.24ms]
(pass) founder-review scenarios > done-without-link: A commitment with the goal's exact title was finished three days ago, without a link to the goal. [0.17ms]
(pass) founder-review scenarios > closed-in-tasks: Accepted reminder work was marked done in Tasks yesterday, without a result check. [0.24ms]
(pass) founder-review scenarios > timer-wait: A follow-up workflow is in its three-day wait. A pricing goal has a startable step. [0.23ms]
(pass) founder-review scenarios > approval-under-paused-goal: A run waits for approval to send, but its goal was paused yesterday. [0.21ms]
(pass) founder-review scenarios > parent-deadline: A task under a key result due tomorrow, and a standalone task due in five days. [0.68ms]
(pass) founder-review scenarios > full-day-closes-goal: Five items are running, the daily limit. A goal's work was checked done yesterday, and another goal has a startable step. [0.33ms]
(pass) founder-review scenarios > impossible-dependency: The launch email waits on a beta goal that was killed. [0.28ms]
(pass) founder-review scenarios > the set covers the cases the card names, and the pass conditions [0.12ms]
(pass) founder-review scenarios > the set and rubric are what the founder approved, unchanged since [0.47ms]
(pass) next-action planner > a recommendation names its goal and revision, its evidence, why it beats doing nothing and the runner-up, and when it expires [0.48ms]
(pass) next-action planner > a deadline inside the window, the goal's or a parent's, brings the expiry forward [0.57ms]
(pass) next-action planner > the basis ignores the clock and changes with any input [1.03ms]
(pass) next-action planner > excluded options say why they were left out [1.76ms]
(pass) next-action planner > a proposal is offered only when its goal could take it [0.48ms]
(pass) next-action planner > a proposal from before today is not open work and does not fill the day [0.30ms]
(pass) next-action planner > questions say what the answer unblocks [0.82ms]
(pass) next-action planner > a question of its own is not replaced by a tie [0.23ms]
(pass) next-action planner > steps you already ordered, at any level, are not asked about [0.28ms]
(pass) next-action planner > the rationale names what separated two options of one kind [1.08ms]
(pass) next-action planner > an option that adds no work says why it beats doing nothing [0.57ms]
(pass) next-action planner > a full day still offers what adds no work, and says what it held back [0.49ms]
(pass) next-action planner > plain commitments fill the day only when due by its end, and back an abstention as evidence [0.58ms]
(pass) next-action planner > dates are written in the user's time zone [0.73ms]
(pass) next-action planner > a goal activated recently is not stale, however old it is [0.41ms]
(pass) next-action planner > a dependency that can never finish asks for a fix [0.92ms]
(pass) next-action planner > a wait that ends by itself or on an outside call is not offered, but counts toward the day [0.56ms]
(pass) next-action planner > under a held goal, settling what happened goes on and moving forward waits [0.25ms]
(pass) next-action planner > text from outside the plan, such as a failed step's error, is quoted short [0.51ms]
(pass) next-action planner > the plan lists at most 20 alternatives, reasons first, and counts what it left out [0.71ms]
(pass) next-action planner > across every scenario: nothing blocked is offered as doable, nothing repeats or duplicates work, and a full day gets no new work [9.28ms]
(pass) next-action planner > doing nothing new is always weighed [4.06ms]
(pass) live observation > reads goals, open work, commitments and workflow readiness, and writes nothing [384.06ms]
(pass) live observation > old, rejected and settled work is not read, and open work is bounded newest first [368.64ms]
(pass) live observation > a goal's latest result is read however old, from a check or from Tasks [339.53ms]
(pass) live observation > a waiting run says who resumes it, and planning over runs writes nothing [361.84ms]
(pass) live observation > a run moving through its steps leaves the basis alone; finishing changes it [340.00ms]
(pass) live observation > a resume counts as activation, so a long-idle goal resumed today is not stale [319.60ms]
(pass) live observation > every goal is read, past a thousand [518.39ms]

src/brief/recommendations-q18.test.ts:
(skip) without Q-18, the loader supplies no substitute planner
(pass) actual Q-18 recommends a concrete goal, accepts once, then links the existing work [360.32ms]
(pass) actual Q-18 questions, abstention and changed goal state remain non-actions [353.12ms]

1 tests skipped:
(skip) without Q-18, the loader supplies no substitute planner

 67 pass
 1 skip
 0 fail
 253 expect() calls
Ran 68 tests across 2 files. [3.44s]
