bun install v1.4.2 (744846f84)

$ node scripts/ensure-bun.cjs && (bun run copy:models 2>/dev/null || true)
$ git config core.hooksPath .githooks 2>/dev/null || true

+ @happy-dom/global-registrator@20.14.0
+ @types/bun@1.3.9
+ happy-dom@20.14.0
+ socket.io-client@4.8.3
+ @codemirror/autocomplete@6.20.1
+ @codemirror/commands@6.10.3
+ @codemirror/lang-css@6.3.1
+ @codemirror/lang-html@6.4.11
+ @codemirror/lang-javascript@6.2.5
+ @codemirror/lang-json@6.0.2
+ @codemirror/lang-markdown@6.5.0
+ @codemirror/lang-python@6.2.1
+ @codemirror/language@6.12.2
+ @codemirror/state@6.6.0
+ @codemirror/theme-one-dark@6.1.3
+ @codemirror/view@6.40.0
+ @types/react@19.2.14
+ @types/react-dom@19.2.3
+ @xyflow/react@12.10.1
+ discord.js@14.25.1
+ edge-tts-universal@1.4.0
+ fuse.js@7.3.0
+ jose@6.2.0
+ lucide-react@1.9.0
+ nanoid@5.1.11
+ onnxruntime-web@1.24.2
+ openwakeword-wasm-browser@0.1.1
+ react@19.2.4
+ react-dom@19.2.4
+ react-markdown@10.1.0
+ remark-gfm@4.0.1
+ socket.io@4.8.3
+ tailwindcss@4.2.1
+ yaml@2.8.2
+ typescript@5.9.3

262 packages installed [1.99s]
