Full suite on brief/q-05 at 76abaabc, the review fixes (local WSL2; load average about 1.4 at start)
$ bun test --preload ./src/test-preload.ts
 7778 pass
 86 skip
 9 fail
Ran 7873 tests across 426 files. [616.45s]

Failures:
(fail) what else in .git is checked > a legacy branches/ file is refused, an empty branches/ is not [71.62ms]
(fail) page-writable element refs (#592, integration) > (unnamed) [306.24ms]
(fail) browser primitives (integration) > (unnamed) [305.70ms]
(fail) browser local-file lockdown (integration, #521) > (unnamed) [333.40ms]
(fail) webapp template delivery via browser tools (integration) > (unnamed) [451.67ms]
(fail) end to end, against a real process > reaps an engine whose owner really did die [44.59ms]
(fail) with the owner's process inspection blocked (#546) > an engine of a hardened owner is left alone while it lives, then reaped once it dies [156.05ms]
(fail) launchTestChromium > answers on the port it wrote, and close() removes browser and profile [412.79ms]
(fail) launchTestChromium > the browser dies with its owner even when the owner is SIGKILLed [425.46ms]

All 9 also fail on the base with no Q work applied (below): git config lint, six Chromium launches and two engine-reaper tests on this machine. No other test fails.
CI on the final head runs the full suite.

Baseline: the same test files on brief/foundations 462d955d with no Q work applied
$ bun test --preload ./src/test-preload.ts src/sites/git-config-lint.test.ts src/workflows/runner/engine-runtime/engine-reaper.test.ts src/actions/browser/browser-local-files.test.ts src/actions/browser/browser-primitives.test.ts src/actions/browser/fixtures/headless-chromium.test.ts src/actions/browser/page-writable-element-refs.test.ts src/actions/tools/browser-template-delivery.test.ts
(fail) what else in .git is checked > a legacy branches/ file is refused, an empty branches/ is not [38.81ms]
(fail) page-writable element refs (#592, integration) > (unnamed) [205.88ms]
(fail) browser primitives (integration) > (unnamed) [210.47ms]
(fail) browser local-file lockdown (integration, #521) > (unnamed) [219.62ms]
(fail) webapp template delivery via browser tools (integration) > (unnamed) [223.55ms]
(fail) end to end, against a real process > reaps an engine whose owner really did die [28.04ms]
(fail) with the owner's process inspection blocked (#546) > an engine of a hardened owner is left alone while it lives, then reaped once it dies [135.22ms]
(fail) launchTestChromium > answers on the port it wrote, and close() removes browser and profile [205.33ms]
(fail) launchTestChromium > the browser dies with its owner even when the owner is SIGKILLed [230.84ms]
 358 pass
 9 fail
Ran 368 tests across 7 files. [8.21s]
