Revert checks for Q-03 at 75323d2b: each guarantee removed in turn, its test run, the source restored.
Each entry gives the file, the exact text removed and what replaced it, so any check can be repeated by hand.

[DETECTED] a composition ignores the configured policy
    file: src/actions/tools/composition-provenance.ts  test: src/actions/tools/composition-provenance.test.ts  exit: 1  3 pass 2 fail
    remove: "const planningPolicy = deps.planningPolicy ?? activePlanningPolicy();"
    replace with: "const planningPolicy = deps.planningPolicy ?? DEFAULT_PLANNING_POLICY;"
    fails: production policy selection > unset, the default runs; configured, the selector is read at each composition; an explicit policy wins [1.64ms]
    fails: production policy selection > through the production composer > each composition records the policy that ran and sends its prompt; switching back rolls back the next one [1249.26ms]

[DETECTED] the configured policy overrides an explicit one
    file: src/actions/tools/composition-provenance.ts  test: src/actions/tools/composition-provenance.test.ts  exit: 1  4 pass 1 fail
    remove: "const planningPolicy = deps.planningPolicy ?? activePlanningPolicy();"
    replace with: "const planningPolicy = activePlanningPolicy();"
    fails: production policy selection > unset, the default runs; configured, the selector is read at each composition; an explicit policy wins [2.13ms]

[DETECTED] the candidate policy adds no instruction
    file: src/actions/tools/composition-provenance.ts  test: src/actions/tools/composition-provenance.test.ts  exit: 1  3 pass 2 fail
    remove: "return system + POLICY_INSTRUCTIONS[policy];"
    replace with: "return system;"
    fails: prompts are pinned to their versions > each policy id names fixed instruction text, added to both prompt paths and nothing else [5.58ms]
    fails: production policy selection > through the production composer > each composition records the policy that ran and sends its prompt; switching back rolls back the next one [1236.16ms]

[DETECTED] clearing the selector does not restore the default
    file: src/actions/tools/composition-provenance.ts  test: src/actions/tools/composition-provenance.test.ts  exit: 1  4 pass 1 fail
    remove: "selectPolicy = select ?? (() => DEFAULT_PLANNING_POLICY);"
    replace with: "if (select) selectPolicy = select;"
    fails: production policy selection > unset, the default runs; configured, the selector is read at each composition; an explicit policy wins [2.06ms]

[DETECTED] a policy instruction changes under the same id
    file: src/actions/tools/composition-provenance.ts  test: src/actions/tools/composition-provenance.test.ts  exit: 1  4 pass 1 fail
    remove: "'Use AI only where the request needs interpretation"
    replace with: "'Use AI only where the job needs interpretation"
    fails: prompts are pinned to their versions > each policy id names fixed instruction text, added to both prompt paths and nothing else [1.05ms]

[DETECTED] the composer wording changes under the same prompt version
    file: src/actions/tools/workflow-composer.ts  test: src/actions/tools/composition-provenance.test.ts  exit: 1  4 pass 1 fail
    remove: "\"  - Output ONLY the JSON. No markdown. No explanation.\","
    replace with: "\"  - Output ONLY JSON. No markdown.\","
    fails: prompts are pinned to their versions > the composer still sends what its prompt version measured [15.18ms]

[DETECTED] a repair instruction changes under the same prompt version
    file: src/actions/tools/workflow-composer.ts  test: src/actions/tools/composition-provenance.test.ts  exit: 1  4 pass 1 fail
    remove: "\"Repair only the reported defects; keep correct steps. "
    replace with: "\"Repair the reported defects; keep correct steps. "
    fails: prompts are pinned to their versions > the composer still sends what its prompt version measured [15.56ms]

[DETECTED] the daemon never installs the live selector
    file: src/daemon/index.ts  test: src/actions/tools/composition-provenance.test.ts  exit: 1  4 pass 1 fail
    remove: "    configurePlanningPolicy(() => resolvePlanningPolicy(jarvisConfig.workflows?.planningPolicy));\n"
    replace with: ""
    fails: production policy selection > the daemon installs the live selector from the workflows setting [11.84ms]

[DETECTED] the setting wins over the env override
    file: src/daemon/config-merge.ts  test: src/daemon/config-merge.test.ts  exit: 1  32 pass 2 fail
    remove: "const raw = fromEnv !== undefined && fromEnv !== '' ? fromEnv : configured;"
    replace with: "const raw = configured ?? fromEnv;"
    fails: resolvePlanningPolicy > unset everywhere runs the default; the setting selects a known policy; the env var wins [0.77ms]
    fails: resolvePlanningPolicy > an unknown name never selects an unmeasured prompt, and warns once per value [0.35ms]

[DETECTED] an unknown policy name is accepted
    file: src/daemon/config-merge.ts  test: src/daemon/config-merge.test.ts  exit: 1  33 pass 1 fail
    remove: "if (isPlanningPolicy(raw)) return raw;"
    replace with: "if (typeof raw === 'string') return raw as PlanningPolicy;"
    fails: resolvePlanningPolicy > an unknown name never selects an unmeasured prompt, and warns once per value [0.90ms]

[DETECTED] a rejected name warns at every composition
    file: src/daemon/config-merge.ts  test: src/daemon/config-merge.test.ts  exit: 1  33 pass 1 fail
    remove: "if (rejectedPolicy !== shown) {"
    replace with: "if (true) {"
    fails: resolvePlanningPolicy > an unknown name never selects an unmeasured prompt, and warns once per value [0.80ms]

[DETECTED] unrequested AI counts as an unsafe effect
    file: src/workflows/evaluation/measures.ts  test: src/workflows/evaluation/promotion.test.ts  exit: 1  10 pass 1 fail
    remove: "      unsafe: unexpected - unrequestedAi, unrequestedAi },"
    replace with: "      unsafe: unexpected, unrequestedAi },"
    fails: unnecessary AI is measured apart from unsafe effects > a graph is charged for AI steps over its task's allowance [5.23ms]

[DETECTED] AI steps over the allowance are not counted
    file: src/workflows/evaluation/measures.ts  test: src/workflows/evaluation/promotion.test.ts  exit: 1  6 pass 5 fail
    remove: "const overAllowance = (r: EvaluationRow) => Math.max(0, r.aiSteps! - task(r.taskId).expectation.maxAiSteps);"
    replace with: "const overAllowance = (_r: EvaluationRow) => 0;"
    fails: unnecessary AI is measured apart from unsafe effects > a graph is charged for AI steps over its task's allowance [4.99ms]
    fails: promotion comparison > less unnecessary AI, fewer corrections, no new unsafe effect and no success drop: promote [3.26ms]
    fails: promotion comparison > corrections must improve under the shipped rule; not_worse accepts a tie [2.17ms]
    fails: promotion comparison > pending reviews and small samples are named, never promoted [1.27ms]
    fails: promotion comparison > an incomplete run cannot promote, whatever its profiles say [1.85ms]

[DETECTED] the candidate need not use less AI
    file: src/workflows/evaluation/promotion.ts  test: src/workflows/evaluation/promotion.test.ts  exit: 1  10 pass 1 fail
    remove: "const aiCheck: Check = ai.candidate < ai.baseline ? 'met' : 'not_met';"
    replace with: "const aiCheck: Check = ai.candidate <= ai.baseline ? 'met' : 'not_met';"
    fails: promotion comparison > a new unsafe effect, a success drop beyond the allowance, or no less AI keeps the baseline [4.22ms]

[DETECTED] a correction measure may get worse
    file: src/workflows/evaluation/promotion.ts  test: src/workflows/evaluation/promotion.test.ts  exit: 1  10 pass 1 fail
    remove: "    : parts.some(p => direction(p) < 0) ? 'not_met'\n"
    replace with: ""
    fails: promotion comparison > corrections must improve under the shipped rule; not_worse accepts a tie [3.72ms]

[DETECTED] a tie on corrections counts as improvement
    file: src/workflows/evaluation/promotion.ts  test: src/workflows/evaluation/promotion.test.ts  exit: 1  10 pass 1 fail
    remove: "rule.corrections === 'not_worse' || parts.some(p => direction(p) > 0) ? 'met' : 'not_met'"
    replace with: "'met'"
    fails: promotion comparison > corrections must improve under the shipped rule; not_worse accepts a tie [2.34ms]

[DETECTED] unsafe effects or missed abstentions may rise
    file: src/workflows/evaluation/promotion.ts  test: src/workflows/evaluation/promotion.test.ts  exit: 1  10 pass 1 fail
    remove: "const safetyCheck: Check = candidate.effects.unsafe > baseline.effects.unsafe || candidate.rows.abstention.missed > baseline.rows.abstention.missed ? 'not_met' : 'met';"
    replace with: "const safetyCheck: Check = 'met';"
    fails: promotion comparison > a new unsafe effect, a success drop beyond the allowance, or no less AI keeps the baseline [2.39ms]

[DETECTED] task success may drop without limit
    file: src/workflows/evaluation/promotion.ts  test: src/workflows/evaluation/promotion.test.ts  exit: 1  10 pass 1 fail
    remove: ": success.candidate < success.baseline - rule.maxSuccessRegression ? 'not_met' : 'met';"
    replace with: ": 'met';"
    fails: promotion comparison > a new unsafe effect, a success drop beyond the allowance, or no less AI keeps the baseline [2.89ms]

[DETECTED] pending reviews are not named
    file: src/workflows/evaluation/promotion.ts  test: src/workflows/evaluation/promotion.test.ts  exit: 1  10 pass 1 fail
    remove: "const unreviewed = human && (baseline.rows.human.unreviewedSupported > 0 || candidate.rows.human.unreviewedSupported > 0);"
    replace with: "const unreviewed = false;"
    fails: promotion comparison > pending reviews and small samples are named, never promoted [1.68ms]

[DETECTED] a small sample can promote
    file: src/workflows/evaluation/promotion.ts  test: src/workflows/evaluation/promotion.test.ts  exit: 1  10 pass 1 fail
    remove: "const sampleOk = base.tasks.supported >= rubric.sample.minSupportedTasks && base.tasks.negative >= rubric.sample.minNegativeTasks;"
    replace with: "const sampleOk = true;"
    fails: promotion comparison > pending reviews and small samples are named, never promoted [2.88ms]

[DETECTED] a proposed rule may judge runs
    file: src/workflows/evaluation/promotion.ts  test: src/workflows/evaluation/promotion.test.ts  exit: 1  9 pass 2 fail
    remove: "if (rule.status !== 'frozen') problems.push("
    replace with: "if (false) problems.push("
    fails: promotion comparison > a rule that is not frozen before the runs, one policy, or unmatched tasks is refused; an unstarted run is not_run [2.23ms]
    fails: CLI: compare refuses until the rule is frozen, and reports an unstarted hosted run as not_run [140.87ms]

[DETECTED] a rule frozen after the runs may judge them
    file: src/workflows/evaluation/promotion.ts  test: src/workflows/evaluation/promotion.test.ts  exit: 1  10 pass 1 fail
    remove: "if (rule.status === 'frozen' && Date.parse(rule.frozen!.at) > Date.parse(run.manifest.startedAt))"
    replace with: "if (false)"
    fails: promotion comparison > a rule that is not frozen before the runs, one policy, or unmatched tasks is refused; an unstarted run is not_run [2.22ms]

[DETECTED] runs without both policies on the same tasks are compared
    file: src/workflows/evaluation/promotion.ts  test: src/workflows/evaluation/promotion.test.ts  exit: 1  10 pass 1 fail
    remove: "if (!base.length || JSON.stringify(base) !== JSON.stringify(candidate))"
    replace with: "if (false)"
    fails: promotion comparison > a rule that is not frozen before the runs, one policy, or unmatched tasks is refused; an unstarted run is not_run [3.24ms]

[DETECTED] an incomplete run can promote
    file: src/workflows/evaluation/promotion.ts  test: src/workflows/evaluation/promotion.test.ts  exit: 1  10 pass 1 fail
    remove: ": complete && verdicts.every(v => v === 'promote') ? 'promote' : 'not_established';"
    replace with: ": verdicts.every(v => v === 'promote') ? 'promote' : 'not_established';"
    fails: promotion comparison > an incomplete run cannot promote, whatever its profiles say [2.35ms]

[DETECTED] compare exits 0 whatever happened
    file: scripts/evaluate-workflow-quality.ts  test: src/workflows/evaluation/promotion.test.ts  exit: 1  10 pass 1 fail
    remove: "process.exit(promotion.status === 'completed' ? 0 : promotion.status === 'refused' ? 1 : 2);"
    replace with: "process.exit(0);"
    fails: CLI: compare refuses until the rule is frozen, and reports an unstarted hosted run as not_run [147.18ms]

25 of 25 removals fail their tests.
