bun test v1.4.2 (744846f84)

ui/src/brief/motion/motion.test.tsx:
(pass) durations retain the approved contact, local and spatial entry/exit rules [15.43ms]
(pass) reversal samples the rendered position before cancellation, never the old endpoint [8.09ms]
(pass) twenty reversals have one current animation; stale completion cannot cancel its replacement [17.57ms]
(pass) reduced motion interrupts immediately to the same latest endpoint [2.13ms]
(pass) unsupported WAAPI still commits the final usable style [1.16ms]
(pass) an unchanged endpoint never replays an animation, including after reduced motion [1.11ms]
(pass) disposal restores owned inline properties and cancels work without touching unrelated styling [1.30ms]
(pass) mount is still; subsequent intents preserve focus and content while moving only the wrapper [19.82ms]
(pass) live OS preference changes finish a running transition without remounting or losing state [6.42ms]
(pass) local reduced examples match selection without bypassing the OS or animating [3.65ms]
(pass) StrictMode mount and unmount leave no animation or media listeners behind [5.78ms]

ui/src/brief/opportunities/controller.test.ts:
(pass) a definitive refusal can be retried only after a fresh read, unlike uncertainty [11.31ms]
(pass) selection survives reorder and refresh, uses IDs rather than indexes [2.54ms]
(pass) a new revision replaces list and brief together; missing selection chooses a real remaining row [3.71ms]
(pass) approval acknowledges the same item before settling the next and advances once [22.47ms]
(pass) dismissal has a distinct receipt and leaves no saved/dismissed destination [42.81ms]
(pass) duplicate intent is locked synchronously, including opposite actions [45.90ms]
(pass) pending registration is approval saved, not enabled; refresh retains it for recovery [43.53ms]
(pass) blocked registration and later paused workflow are never a successful enable [20.73ms]
(pass) pending registration and later paused workflow are never a successful enable [21.31ms]
(pass) lost response keeps the original identity locked; recovery is read-only [27.53ms]
(pass) null recovery leaves unknown locked and does not resend [1.65ms]
(pass) older and mismatched recovery receipts cannot replace an acknowledged result [20.70ms]
(pass) a decision response cannot steal a newer user selection [40.79ms]
(pass) out-of-order refresh and retired owners ignore late responses [1.99ms]
(pass) stale remains a distinct read state with no actions [1.43ms]
(pass) unavailable remains a distinct read state with no actions [1.30ms]
(pass) unsupported remains a distinct read state with no actions [1.25ms]
(pass) loading remains a distinct read state with no actions [1.26ms]
(pass) empty remains a distinct read state with no actions [1.19ms]
(pass) read failure preserves visible data as stale, and access revocation prevents dispatch [1.69ms]
(pass) read-only capability permits browsing but no decisions [1.31ms]
(pass) revoking access during refresh cannot strand the restored room in refreshing [2.58ms]
(pass) legacy draft-ready, blocked binding and canApprove=false never become ready [0.12ms]
(pass) receipt guard rejects mismatched proposalId [0.07ms]
(pass) receipt guard rejects mismatched revision [0.01ms]
(pass) receipt guard rejects mismatched decision
(pass) receipt guard rejects mismatched workflow [0.01ms]
(pass) receipt guard rejects mismatched receiptId

ui/src/brief/opportunities/OpportunitiesRoom.test.tsx:
(pass) wrong source, wrong scope and missing live capability fail closed without reads [49.44ms]
(pass) list and detail retain exact selected identity through shell changes and refresh [140.41ms]
(pass) a routed proposal selects its real identity once available [37.51ms]
(pass) finished output stays qualified and legacy chrome remains absent [32.06ms]
(pass) approval resolves locally, does not navigate, and advances focus to the next choice [1018.14ms]
(pass) late acknowledgement does not steal focus from the composer [1043.22ms]
(pass) registration pending keeps the proposal visible and distinguishes saved from enabled [61.36ms]
(pass) registration blocked keeps the proposal visible and distinguishes saved from enabled [53.59ms]
(pass) unknown acknowledgement shows recovery and cannot duplicate the approval [103.99ms]
(pass) preparing cannot visually or behaviorally promote a proposal to ready [28.01ms]
(pass) blocked cannot visually or behaviorally promote a proposal to ready [28.06ms]
(pass) stale cannot visually or behaviorally promote a proposal to ready [28.70ms]
(pass) missing preview has an explicit unavailable state, no invented output [27.81ms]
(pass) definitive refusal explains refresh without pretending the result is pending [79.36ms]
(pass) room unmount/remount preserves pending decisions and selection in the owner [76.25ms]
(pass) activation capability changes immediately update rendered controls [79.13ms]

ui/src/brief/entry/route.test.ts:
(pass) the default and non-exact flag values keep the released dashboard [0.19ms]
(pass) all existing sidecar and dashboard destinations retain their route owner [0.17ms]
(pass) onboarding reset owns the page even when a Brief URL was bookmarked [0.06ms]
(pass) fixture mode requires both its explicit flag and isolated destination [0.09ms]
(pass) every registered destination resolves without requiring another room's module [0.21ms]
(pass) unknown or malformed Brief destinations use the existing safe fallback [0.05ms]
(pass) source identities roundtrip without inventing a record or retaining unknown query keys [0.10ms]
(pass) rollback removes only the Brief opt-in and preserves connection parameters [0.07ms]

ui/src/brief/entry/DashboardEntry.test.tsx:
(pass) flag off and legacy hash navigation retain one legacy mount and its connection owner [4.66ms]
(pass) every current room and sidecar panel still resolves through the released router [8.21ms]
(pass) isolated preview owns no live connection, fetch or onboarding side effects [10.68ms]
(pass) Today review and illustrative decision actions never call live providers [1605.81ms]
(pass) real Brief entry remains behind the existing onboarding gate [1.45ms]
(pass) shared-control specimen is isolated from live account and connection effects [36.81ms]
(pass) motion specimen stays isolated and unmounts without live side effects [36.58ms]
(pass) navigation review uses the production shell without live reads, sockets or account actions [36.22ms]
(pass) missing modules give a truthful fallback instead of fabricated empty business data [8.82ms]
(pass) Pebble review mounts one isolated conversation without live reads or writers [57.34ms]
(pass) room modules preserve shell state and selected source IDs through navigation [10.79ms]
(pass) navigation readiness loss and recovery preserve the mounted room and edited draft [41.00ms]
(pass) a fixture view cannot accidentally supply live room business data [6.34ms]

ui/src/brief/workflows/manage-list/controller.test.ts:
(pass) load/commands are default off and retirement prevents new or late writes [1.04ms]
(pass) same identity, revision and operation are sent; acknowledgement changes only that row [4.11ms]
(pass) failed enable keeps paused value and the exact blocker [4.11ms]
(pass) cancel does not mutate anything or submit; confirmation required [1.57ms]
(pass) two removals and reverse-order Undo restore exact slots and version/run identity, paused [7.16ms]
(pass) refresh retains pending Undo and order despite provider timestamp sorting [5.35ms]
(pass) rejected delete and restore never change visibility [5.37ms]
(pass) expired receipt never restores locally or dispatches another command [2.81ms]
(pass) uncertain delete locks row; refresh cannot clear it; reconciliation does not replay [4.16ms]
(pass) uncertain restore retains receipt and resolves once into paused original identity [5.17ms]
(pass) concurrent row requests settle independently and repeated actions submit once [2.85ms]
(pass) access loss blocks new commands while keeping submitted acknowledgement [2.74ms]
(pass) stale, unavailable, unsupported and empty are distinct; stale actions fail closed [5.46ms]
(pass) read rejects mismatched owner and duplicate IDs without a partial list [0.61ms]
(pass) wrong request/owner/flow/action/version or enabled restoration cannot acknowledge [1.55ms]
(pass) invalid acknowledgement becomes uncertain and cannot unlock a second attempt [2.73ms]
(pass) newest read wins even when a provider ignores abort [0.23ms]
(pass) all removed and empty refresh still permit receipt-backed restoration [8.73ms]
(pass) list position/selection persist independently of row actions [3.94ms]
(pass) a loading projection can be refreshed later without a stuck busy state [2.63ms]
(pass) R1: a ready snapshot restores an externally DISABLED workflow to its reserved slot [5.21ms]
(pass) R1: a ready snapshot restores an externally ENABLED workflow to its reserved slot [4.95ms]
(pass) R1: a stale pre-deletion snapshot cannot resurrect a removed workflow or clear its receipt [5.70ms]
(pass) R2: fresh external activation supersedes the previous local status message [4.13ms]
(pass) R2: a fresh ready snapshot clears a resolved blocker and permits enabling with its new revision [5.34ms]
(pass) R2: unchanged fresh data clears transient command feedback, but a stale response does not [8.39ms]

ui/src/brief/workflows/manage-list/WorkflowManagementRoom.test.tsx:
(pass) missing, wrong-source, wrong-owner and capability-off binding fail closed [6.95ms]
(pass) switch and bin are separate targets; only the name opens the exact workflow [61.08ms]
(pass) inline confirm is keyboard reachable; Escape restores focus to the same bin [35.57ms]
(pass) acknowledged deletion hides and inerts only its row, Undo restores it paused [46.72ms]
(pass) failed enable exposes blocker and leaves Paused, not Draft [24.29ms]
(pass) uncertain mutation exposes Check result instead of another Delete; matching result resolves once [58.30ms]
(pass) all eight shell states and unmount/remount retain activation and removed identity [123.96ms]
(pass) read failures and missing live capability do not invent a zero-count empty list [10.73ms]
(pass) no removed date, subtitle, footer, global creation control or irreversible route appears [20.15ms]
(pass) a late row acknowledgement does not steal focus from conversation input [299.41ms]
(pass) R1: Refresh reveals an externally restored workflow and removes its obsolete Undo [52.99ms]
(pass) R2: Refresh cannot show an Enabled switch beside obsolete paused feedback [30.98ms]

ui/src/brief/workflows/create/controller.test.ts:
(pass) one rapid submission persists the exact prompt and key before POST [1.45ms]
(pass) lost POST recovers its receipt without generating a second draft [0.23ms]
(pass) unknown request replay keeps the original key and wording after edits and remount [0.33ms]
(pass) terminal failed retains prompt and permits an explicit new request [0.21ms]
(pass) terminal blocked retains prompt and permits an explicit new request [0.11ms]
(pass) terminal cancelled retains prompt and permits an explicit new request [0.10ms]
(pass) persist failure makes zero requests and keeps the prompt [0.14ms]
(pass) receipt save failure cannot acknowledge navigation [0.21ms]
(pass) saved result opens once and retains exact IDs and selected position [0.30ms]
(pass) retiring a scope fences late results and further effects [0.19ms]
(pass) scope storage keys cannot collide or expose another prompt [0.10ms]
(pass) malformed storage blocks new composition instead of discarding an unknown key [0.13ms]
(pass) foreign request or changed job receipts never navigate [0.23ms]
(pass) UTF-8 bound rejects oversized prompts; raw markup remains text [0.20ms]
(pass) capability-disabled and mismatched servers perform zero requests [0.64ms]
(pass) F07 HTTP adapter uses only composition routes and matches exact receipts [0.68ms]
(pass) canonical recents select latest per flow, carry stable IDs and distinguish every failure [0.38ms]
(pass) retired recovery never submits or stores a late missing lookup [0.37ms]
(pass) retired recovery never submits or stores a late found lookup [0.05ms]
(pass) retired recovery never submits or stores a late rejected lookup [0.04ms]
(pass) failed read restoration cannot overwrite the recovery record through editing or scrolling [0.60ms]
(pass) failed parse restoration cannot overwrite the recovery record through editing or scrolling [0.13ms]
(pass) failed validation restoration cannot overwrite the recovery record through editing or scrolling [0.13ms]
(pass) a later write failure can preserve a known request when storage becomes writable [0.39ms]

ui/src/brief/workflows/create/WorkflowCreationRoom.test.tsx:
(pass) suggestion only fills the shared composer and does not submit [15.38ms]
(pass) burst sends once, then opens the returned flow AND version exactly once [22.01ms]
(pass) failed data can never show a success summary, and the whole row carries exact selection [16.01ms]
(pass) list return boundary does not clear prompt or selected row [21.42ms]
(pass) disabled capability preserves the editable prompt but never submits [15.89ms]
(pass) fixture data and controller never appear in live rooms [1.43ms]
(pass) failed receipts retain wording and render blockers as plain text [24.03ms]
(pass) loading, empty and unavailable recents remain distinct [11.54ms]
(pass) no date, subtitle or global creation CTA returns [7.49ms]
(pass) loading history cannot erase a retained stream position before rows return [55.98ms]
(pass) ingredient scope mismatch cannot expose another account's catalog [7.27ms]
(pass) selected ingredients without F08 cannot submit; explicit removal restores plain creation [17.86ms]

ui/src/brief/workflows/create/f07-compatibility.test.ts:
(skip) actual F07 service/routes create one populated disabled draft after a lost POST

ui/src/brief/workflows/canvas/canvas.test.tsx:
(pass) mount boundary requires capability, exact selected identity and matching source [1.38ms]
(pass) version pin rejects another latest draft before the hook can edit it [4.41ms]
(pass) real graph edits serialize branch, loop, nested orphan settings and positions [3.81ms]
(pass) delete and undo restore one subtree and preserve its settings [2.94ms]
(pass) actual sample input/output paths remain separate from production configured input [2.47ms]
(pass) a published version creates a draft on save instead of patching a locked version [3.37ms]
(pass) discard restores authored settings without losing a different scope [2.86ms]
(pass) preview rejects execution and installation rather than falling through to network [0.64ms]
(pass) detached chains extend with global IDs and delete only the chosen step [2.84ms]
(pass) discard restores the saved workflow name, not the edited version object [2.52ms]
(pass) detached descendant names are reserved when creating piece [3.53ms]
(pass) detached descendant names are reserved when creating control-flow [2.55ms]
(pass) detached descendant names are reserved when creating error-handler [3.23ms]
(pass) a positioned detached child keeps its location on promotion, moves, saves and undoes [3.36ms]
(pass) moving an orphan root retires a stale saved descendant override [1.48ms]

ui/src/brief/workflows/context/controller.test.ts:
(pass) context matches owner, flow, version and configured/recorded identity [2.06ms]
(pass) invalid and duplicate group entries fail closed; unknown is not empty [0.69ms]
(pass) redaction strips label, content and source before caching without copying extra fields [0.26ms]
(pass) configured and recorded context remain independent, including historical versions [0.89ms]
(pass) parallel reads settle into their own query, never beneath the other basis [0.45ms]
(pass) repeated refresh coalesces a slow read instead of restarting it [0.36ms]
(pass) owner retirement aborts reads and rejects late provider results [0.36ms]
(pass) a failed refresh keeps qualified stale data; retry recovers [0.35ms]
(pass) missing, removed, stale, partial, unavailable, unsupported and empty retain their meaning [0.42ms]
(pass) mode and per-query scroll positions survive repeated returns [0.39ms]

ui/src/brief/workflows/context/WorkflowContextRoom.test.tsx:
(pass) gates reject unsupported/source/scope/flow/version mismatches before any read [2.62ms]
(pass) configured and used-by-run views show their own goal and exact version [22.28ms]
(pass) all eight shell states and remount preserve mode and recorded identity [45.26ms]
(pass) source actions carry exact IDs; missing/removed sources have no false target [16.29ms]
(pass) no selected run disables the recorded choice without inventing usage [7.10ms]
(pass) partial context does not replace unknown usage with configured facts [29.80ms]
(pass) unavailable, unsupported and empty have distinct UI [9.00ms]
(pass) long arbitrary text renders as text; explicit redaction hides all marked fields [6.91ms]
(pass) header destinations retain flow/version/run and no removed chrome returns [8.72ms]
(pass) Run shares the Runs owner and selects its receipt; uncertainty stays locked [789.69ms]
(pass) a wrong-scope command owner is disabled [8.05ms]
(pass) returning from another room refreshes configured context without losing the chosen basis [14.11ms]
(pass) changed source and permission links preserve their separate source identities [11.00ms]
(pass) late run acknowledgement cannot navigate a replaced command owner [412.01ms]

ui/src/brief/workflows/ingredient-picker/ingredients.test.ts:
(pass) canonical pins copy only the public union, reject extras, duplicates and stale hash formats [0.68ms]
(pass) unknown receipts cannot drop, reorder or repin selected ingredients [0.84ms]
(pass) pinned ingredients persist before POST, retry exact uncertain request and survive remount [1.32ms]
(pass) clear only a matching prompt AND selection; retain edits during a pending success [0.71ms]
(pass) legacy saved state without ingredients remains readable, malformed pins cannot replace stored state [0.21ms]
(pass) F08 gates admission but existing receipts remain recoverable when the picker is disabled [0.59ms]
(pass) real discovery pins grant selection; package metadata never does; credential fields never copied [1.60ms]
(pass) disabled discovery performs no network request [0.44ms]
(pass) duplicate pages and partial failures never masquerade as a complete catalog [0.50ms]
(pass) retired catalog reads abort without committing partial choices; 100-entry discovery page is valid [1.65ms]
(pass) discovery normalizes public whitespace labels without changing pinned identities [0.77ms]
(pass) service identities survive optional metadata loss and metadata renaming [0.67ms]

ui/src/brief/workflows/ingredient-picker/IngredientPicker.test.tsx:
(pass) select both types, preserve search/category on reopen, remove chip without losing prompt focus [60.83ms]
(pass) missing account and uninstalled entries explain availability without granting selection [34.64ms]
(pass) off capability closes the picker and does not permit reopening; selections remain [27.37ms]
(pass) rapid reversal keeps one portal and closes on outside interaction [112.44ms]
(pass) service filter survives renamed metadata and resets when its package disappears [76.03ms]

ui/src/brief/workflows/ingredient-picker/f08-compatibility.test.ts:
(skip) actual F08 discovery and pinned request recover one populated draft, no credentials or execution

ui/src/brief/workflows/recent-rows/read.test.ts:
(pass) current API reads canonical IDs/status, excludes never-run drafts, never forwards captured output [1.90ms]
(pass) unavailable run reads are not an empty collection [0.52ms]
(pass) partial reads preserve known rows and disclose incompleteness [0.40ms]
(pass) cross-flow or malformed runs cannot be displayed [0.27ms]
(pass) inventory is paginated and capped; workers never run more than four reads [75.22ms]
(pass) empty inventory has no run requests and stays distinct [1.51ms]

ui/src/brief/workflows/runs/controller.test.ts:
(pass) all seven states and historical versions retain immutable identities [3.76ms]
(pass) late A cannot replace B, even when the provider ignores cancellation [3.11ms]
(pass) changing selection removes the previous result immediately, including on read failure [2.49ms]
(pass) same-run refresh failure is stale, never a fresh success or another run [1.71ms]
(pass) reject run identity substitution in selected detail [0.65ms]
(pass) reject flow identity substitution in selected detail [0.44ms]
(pass) reject scope identity substitution in selected detail [0.50ms]
(pass) reject version identity substitution in selected detail [0.45ms]
(pass) partial receipts and waitpoints remain inspectable without replay actions [3.57ms]
(pass) manual run is single-flight, pinned and selects the returned ID [3.39ms]
(pass) an unconfirmed command stays locked through subsequent reads and subscriptions [7.05ms]
(pass) definitely not submitted releases the command but a mismatched receipt does not [0.36ms]
(pass) owner retirement rejects late detail and command results [0.24ms]
(pass) a head-page request started before Run cannot overwrite its new receipt [0.55ms]
(pass) history paging deduplicates IDs and preserves selection [1.14ms]
(pass) invalid projections cannot smuggle identities or unusable statuses [0.25ms]

ui/src/brief/workflows/runs/refresh.test.ts:
(pass) R1 refresh bridges new head pages after previously exhausted history [1.31ms]
(pass) R1 refresh keeps the continuation after bridging a partial loaded range [1.35ms]
(pass) R2 repeated refreshes do not supersede a slow history read [0.75ms]
(pass) R2 a selected slow detail survives polling and a genuine selection still cancels it [4.34ms]
(pass) R2 polling cannot cancel an in-flight older page [1.11ms]
(pass) R3 selected detail immediately reconciles the matching cached history summary [1.74ms]
(pass) R3 refresh also reconciles older unselected nonterminal rows [0.86ms]
(pass) R1 a failed gap read keeps stale history recoverable and retries from the head [1.71ms]
(pass) R1 a repeated cursor fails locally instead of looping or claiming complete history [0.66ms]
(pass) R1 a large changed range remains bounded with an explicit usable continuation [1.36ms]
(pass) R3 an in-flight old history snapshot cannot undo a newer detail summary [4.82ms]
(pass) R3 a stale detail does not overwrite a fresh history status [1.97ms]
(pass) accepted receipts survive projection lag, including a request for an older page [338.18ms]

ui/src/brief/workflows/runs/WorkflowRunsRoom.test.tsx:
(pass) gate refuses missing capability, wrong owner/version and source without reads [2.42ms]
(pass) one inline document follows selection through all shell combinations [54.10ms]
(pass) redacted fields do not leak and inspection treats arbitrary markup as text [11.68ms]
(pass) missing deep-linked run never falls back to latest [10.01ms]
(pass) manual request navigates to its receipt and room return retains it [410.97ms]
(pass) slow command does not navigate a room after it unmounts [402.92ms]
(pass) failure and empty history remain distinct [7.83ms]
(pass) queued history does not present creation time as a start time [12.43ms]

ui/src/brief/chat/attachment-fan/attachment-fan.test.tsx:
(pass) three choices stay mounted across twenty reversals and retain composer value [197.92ms]
(pass) keyboard reaches each choice; Escape closes only the fan and restores plus [20.03ms]
(pass) unavailable Screenshot stays focusable with a reason but cannot capture [18.38ms]
(pass) selection acknowledges once and returns focus to the origin [16.08ms]
(pass) cancelled picker has no attachment receipt [22.03ms]
(pass) pending entry is deduplicated and a failed request can be retried [26.92ms]
(pass) late picker result cannot report into another conversation [21.24ms]
(pass) source mismatch, missing identity and offline states never dispatch [21.95ms]
(pass) theme changes preserve menu, selected focus and choice elements [20.74ms]
(pass) outside focus closes the fan without stealing the new focus [13.80ms]
(pass) unmount removes portal and cancels an outstanding selection [28.33ms]
(pass) F-05 binding captures original chat through picker delay and delegates exact file [1.61ms]
(pass) F-05 capture requires explicit device confirmation [0.84ms]
(pass) F-05 does not upload after scope change, tab closure, disconnect or abort during picker [0.91ms]
(pass) F-05 unsupported Screenshot and cancelled file picker have no external effect [0.60ms]
(pass) F-05 superseded upload cannot report attached merely because its promise finished [0.47ms]
(pass) keyboard can enter a fan already opened with the pointer [15.18ms]
(pass) closing Pebble during selection clears pending feedback without a success receipt [29.73ms]
(pass) A to B to A clears only the cancelled request and keeps completed feedback [61.29ms]

ui/src/brief/chat/composer/ConversationComposer.test.tsx:
(pass) F-04 binding captures the selected conversation and exact cancellation reference [1.86ms]
(pass) a pending acceptance is cancellable by its original IDs and other chats cannot supply the turn [0.78ms]
(pass) wrong sources, absent scope and non-scoped modes expose no writing or send action [8.73ms]
(pass) suggestions prefill and focus, preserving existing writing and never sending [8.31ms]
(pass) blank writing is inactive, Enter sends once, and Shift+Enter stays a newline [9.72ms]
(pass) IME composition, native composing and keyCode 229 cannot send prematurely [46.45ms]
(pass) send preserves exact text and keeps the draft until the owner accepts it [7.45ms]
(pass) async send is deduplicated and a newer draft is never cleared by its completion [7.81ms]
(pass) failed sending preserves draft, reports locally and permits a deliberate retry [6.13ms]
(pass) active turns show Stop and cannot be resubmitted through Enter [6.67ms]
(pass) synchronous cancellation dispatch keeps feedback until the matching turn ends and permits retry [11.19ms]
(pass) owner cancellation failure permits retry, and disconnect does not claim the turn stopped [15.53ms]
(pass) a new turn cannot inherit a previous stop lock or its late dispatch failure [16.85ms]
(pass) a repeated owner failure with identical wording ends the new stop intent after error dismissal [11.27ms]
(pass) a pending stop has local feedback and a failed stop does not claim completion [7.82ms]
(pass) offline and metadata-pending states block sends while keeping the existing draft [14.50ms]
(pass) UTF-8 limit is validated without truncating multibyte writing [13.39ms]
(pass) switching conversations or workspace cannot inherit a pending lock or late error [19.32ms]
(pass) theme changes preserve the input element, focus, value and selection [5.46ms]
(pass) composer has the fixed attachment seam without inventing an upload action [5.67ms]

ui/src/brief/chat/message/ConversationMessages.test.tsx:
(pass) quiet user and unboxed answer share one scoped thread; activity starts collapsed [32.28ms]
(pass) twenty open/close cycles retain the same reply and local preference across tabs [119.91ms]
(pass) workspace change drops view preferences even if chat IDs are reused [13.74ms]
(pass) only current live activity moves; completed and replayed activities never move [9.35ms]
(pass) disconnect stops the current marker without losing partial content [7.68ms]
(pass) terminal failure keeps the partial answer and does not expose the raw error [4.48ms]
(pass) cancellation is not completion; unfinished activity does not claim success [10.49ms]
(pass) completion shows output immediately and condenses untouched working details [10.49ms]
(pass) missing progress produces a generic working state, not invented activity [3.91ms]
(pass) foreign conversations, requests, raw tool/system messages and unsafe labels stay out [45.12ms]
(pass) markdown supports tables/code and safe links without HTML or remote image effects [20.07ms]
(pass) URLs reject executable, relative, credentials and malformed destinations [0.73ms]
(pass) gates never substitute fixture history in live mode [1.13ms]
(pass) owner binding captures the exact conversation for scroll and history [1.05ms]
(pass) stable activity order and turn identity survive interleaved response arrival [0.52ms]
(pass) history retry uses one existing owner without hiding retained messages [8.41ms]
(pass) semantic scroll anchor survives growth above it and only bottom readers follow [5.95ms]
(pass) a condensed activity falls back to its own summary rather than another response [1.92ms]
(pass) delayed initial history preserves the saved reading position through empty loading and error states [16.81ms]

ui/src/brief/chat/tab-strip/ConversationTabStrip.test.tsx:
(pass) a tab closed before entry settles keeps the same inert element through its exit [25.32ms]
(pass) rapid add-close-reopen keeps identity and a stale exit cannot remove the returned tab [34.84ms]
(pass) reduced motion removes an interrupted entrant immediately without leaving a ghost [21.88ms]
(pass) F-04 structural port projects stable identities and delegates only metadata operations [0.97ms]
(pass) 112px minimum and ordinary widths match native starting geometry [0.57ms]
(pass) non-scoped and wrong-source states cannot issue tab actions or look like an empty collection [3.28ms]
(pass) selected identity, panel linkage and roving focus remain separate [17.44ms]
(pass) closing inactive chat dispatches its exact ID without selecting it or cancelling another chat [7.24ms]
(pass) focused active closure follows owner selection and final closure focuses plus without creating history [14.09ms]
(pass) background removal cannot steal composer focus [9.12ms]
(pass) ten add/close cycles leave surviving tab identities and selected chat intact [142.53ms]
(pass) duplicate titles, long names and remote reorder retain ID-specific close targets [9.32ms]
(pass) failed writes preserve tabs and focus, report locally and allow a retry [9.15ms]
(pass) pending writes block repeated clicks and owner pending counts are respected [7.57ms]
(pass) mode loss/unmount during a write cannot apply a stale local confirmation [5.65ms]
(pass) a replacement workspace does not inherit a pending lock or late error [9.59ms]

ui/src/brief/shell/pebble-layout/pebble.test.tsx:
(pass) workspace geometry preserves room space, uses the workspace corner and has a readable single-pane fallback [1.03ms]
(pass) today: twenty open/close/reopen cycles retain room, object, conversation, draft and scroll [417.27ms]
(pass) workflow: twenty open/close/reopen cycles retain room, object, conversation, draft and scroll [354.78ms]
(pass) all-workflows: twenty open/close/reopen cycles retain room, object, conversation, draft and scroll [364.97ms]
(pass) memory-detail: twenty open/close/reopen cycles retain room, object, conversation, draft and scroll [291.33ms]
(pass) profile: twenty open/close/reopen cycles retain room, object, conversation, draft and scroll [510.33ms]
(pass) Escape closes locally and returns to the opener; an inner control can consume Escape [59.70ms]
(pass) closing a room-origin conversation restores that origin without scrolling [38.87ms]
(pass) narrow fallback keeps hidden work mounted, inert and scroll-stable; expanding keeps conversation focus [31.51ms]
(pass) route changes preserve the single conversation and its draft while resetting room scroll [38.37ms]
(pass) capability loss/recovery hides chrome without remounting room or its supplied conversation [45.53ms]
(pass) no binding provides no opener; live mode never mounts a fixture conversation [31.95ms]

ui/src/brief/shell/navigation/navigation.test.tsx:
(pass) live navigation requires the F-25 capability and rejects fixture data [1.34ms]
(pass) unavailable and stale reads never invent healthy connection, plan or zero counts [0.71ms]
(pass) actual billing names are retained; outages and self-hosted are distinct [0.83ms]
(pass) bounded counts and real parent links do not conflate object IDs and titles [0.76ms]
(pass) disabled rollout renders existing children without a replacement shell [20.24ms]
(pass) ten collapse/expand cycles retain the actual body DOM, draft, room, selection and chat [149.05ms]
(pass) new destinations start at the top but shell changes and same-room selection retain scroll [67.30ms]
(pass) account menu opens by keyboard, wraps focus, supports typeahead and Escape return [26.19ms]
(pass) all account destinations are reachable expanded/rail in both themes [135.15ms]
(pass) outside click dismisses without stealing the new focus; Tab returns toward normal flow [22.02ms]
(pass) route and theme changes do not strand a menu or change the account plan [32.25ms]
(pass) fresh read models and equivalent route objects leave the account menu and focus intact [30.17ms]
(pass) reopening during account-menu exit reuses one surface and recovers keyboard focus [70.53ms]
(pass) rail focus names its icon and dismissal leaves focus on that same destination [14.16ms]
(pass) status targets the connected workspace and unknown state remains explicitly named [15.62ms]

ui/src/brief/today/decision-transition/decision-transition.test.tsx:
(pass) double press locks immediately even if the owner has not rendered its pending state [20.75ms]
(pass) confirmed receipt retains paper, summary and count until settlement, then raises only the next identity [465.76ms]
(pass) draft and rejection receipts are distinct and do not claim a sent message [837.91ms]
(pass) an appended goal never displaces the front while pending or settling [416.24ms]
(pass) next projection alone, wrong attempt, identity, revision or action cannot acknowledge this decision [7.89ms]
(pass) approval without a committed effect is not completion [464.63ms]
(pass) accepting unstarted work advances without claiming execution [414.84ms]
(pass) permission approval has its own receipt without claiming execution [419.71ms]
(pass) a non-execution receipt cannot downgrade Approve & send [8.56ms]
(pass) approval receipts must match the reviewed meaning and effect in every direction [1.42ms]
(pass) non-execution acknowledgments cannot hide a canonical failed or uncertain effect [0.92ms]
(pass) errors, conflicts and unknown outcomes keep the affected paper, including when another item is supplied [9.98ms]
(pass) a refreshed conflicting version must be reviewed anew before a fresh request [28.07ms]
(pass) lost response and reloaded unresolved projection never retry or replay completion [9.11ms]
(pass) a mounted historical receipt never plays a new completion [3.74ms]
(pass) confirmed result waits for a fresh authoritative next projection, not a stale/failed read [418.17ms]
(pass) canonical failed or unknown outcome overrides even a conflicting optimistic receipt [0.95ms]
(pass) a failure received during confirmation cancels advancement [463.90ms]
(pass) a failure received during non-reduced settlement cancels advancement [738.88ms]
(pass) keyboard focus follows the next Review path without stealing focus from another control [861.29ms]
(pass) resolving an expanded review restores its pre-review scroll position for the next paper [423.43ms]
(pass) unmount cancels presentation timers and late callback failures cannot affect a new paper [8.04ms]
(pass) capability loss clears a retained document and cannot expose an old writer [5.21ms]

ui/src/brief/today/outcomes/outcomes.test.tsx:
(pass) animated numbers expose one complete formatted value through updates [4.25ms]
(pass) an unknown weekly change exposes its meaning rather than an unnamed dash [4.59ms]
(pass) live values require a live owner and both outcome and measurement gates [9.52ms]
(pass) unknown, missing baseline, wrong units and missing provenance never become time claims [41.83ms]
(pass) a real measured zero is distinct from an unknown value [9.59ms]
(pass) loading, empty, stale, unsupported and unavailable keep distinct honest messages [6.34ms]
(pass) unknown goal measurement does not infer six partners from a goal title [7.48ms]
(pass) approved bands share exact boundaries and preserve fractional progress [9.77ms]
(pass) only the changed count glyphs and seventh segment update; labels and time nodes persist [22.66ms]
(pass) remount, new window and new goal never replay a count-up or arrival animation [17.81ms]
(pass) reaching a two-digit target retains the denominator and its reserved numeric slot [8.02ms]
(pass) reduced motion updates values immediately and cancels an interrupted glyph animation [10.36ms]
(pass) bar values are available on keyboard focus with no numeric fallback [8.25ms]
(pass) values above the chart scale are marked rather than silently misrepresented [12.15ms]
(pass) evidence includes basis, timezone, qualification and source count without the removed heading [5.82ms]
(pass) activity uses stable source identities, and only a bound destination is interactive [10.51ms]
(pass) empty and unavailable activity never invent events or expose preview rows in live mode [1.80ms]

ui/src/brief/today/opportunity-stack/opportunity-stack.test.tsx:
(pass) preview/live sources and preparation/activation gates remain separate [0.89ms]
(pass) acceptance requires the exact receipt, action and immutable workflow version [0.77ms]
(pass) preparation, stale reads, missing binding credentials and absent writers never enable [28.99ms]
(pass) malformed ready snapshots cannot enable [0.48ms]
(pass) ten local next cycles retain the list; light/dark and compact changes retain selection [501.24ms]
(pass) double approval confirms locally, then removes exactly one and leaves the next actionable [1213.79ms]
(pass) dismiss has a neutral acknowledgement and final empty state restores local focus [1853.08ms]
(pass) missing reads do not reset a pending operation or permit a duplicate submission [634.21ms]
(pass) lost, mismatched, unknown, failed and conflicting results keep the proposal and block retries [3336.17ms]
(pass) a lost response can recover only from a receipt matching the outstanding request [615.63ms]
(pass) a changed revision fences the old callback and permits reviewing the new prepared version [11.02ms]
(pass) a changed account cannot display or settle another account's request [622.27ms]
(pass) owner removing the accepted item before its response does not skip another proposal [607.31ms]
(pass) background changes leave external composer focus and content intact [8.85ms]
(pass) terminal snapshots stay absent, duplicate identities fail closed, unknown count is not zero [9.87ms]
(pass) freshness loss during a navigation exit still settles the next cached proposal [51.41ms]
(pass) stale proposals allow repeated local navigation without allowing writes [1105.42ms]
(pass) stale data still holds an action receipt until fresh confirmation can be presented [1219.67ms]
(pass) approve_enable retains the next proposal identity when the refreshed list is earlier-removed [671.05ms]
(pass) approve_enable retains the next proposal identity when the refreshed list is owner-removed-current [657.18ms]
(pass) approve_enable retains the next proposal identity when the refreshed list is reordered [662.82ms]
(pass) approve_enable retains the next proposal identity when the refreshed list is successor-removed [659.17ms]
(pass) approve_enable retains the next proposal identity when the refreshed list is all-replaced [653.29ms]
(pass) dismiss retains the next proposal identity when the refreshed list is earlier-removed [660.26ms]
(pass) dismiss retains the next proposal identity when the refreshed list is owner-removed-current [657.22ms]
(pass) dismiss retains the next proposal identity when the refreshed list is reordered [662.38ms]
(pass) dismiss retains the next proposal identity when the refreshed list is successor-removed [663.98ms]
(pass) dismiss retains the next proposal identity when the refreshed list is all-replaced [662.74ms]
(pass) refresh order does not replace the initially selected identity [5.50ms]
(pass) a response after remount cannot alter the new stack [611.76ms]
(pass) an in-flight identity can be left and restored without losing its request or receipt [612.06ms]
(pass) an authoritative recovery cannot be overwritten by a late transport failure [610.41ms]

ui/src/brief/today/goal-card/goal-card.test.tsx:
(pass) measurement and recommendation gates are independent and never mix fixtures into live [0.80ms]
(pass) ten open/return cycles retain title, measured value, progress node and keyboard return [81.21ms]
(pass) two immediate presses issue one request; receipt waits for a fresh matching queue; progress never changes [28.80ms]
(pass) each receipt identity field must match; a changed title, wrong destination or duplicate queue is not confirmation [0.39ms]
(pass) failed, conflicting, unknown and lost responses never announce success or enable a blind retry [89.05ms]
(pass) blocked, expired, stale, changed-goal and historical accepted recommendations cannot dispatch [51.52ms]
(pass) expiry while visible disables acceptance without waiting for a user navigation [123.13ms]
(pass) old async completion cannot enter a changed goal or a lost capability [9.73ms]
(pass) a remounted accepted projection does not replay destination motion or submit [18.28ms]
(pass) a receipt for different work never confirms even when that other item exists in the queue [15.55ms]
(pass) a changed recommendation revision ignores the old response and allows review of the new identity [14.29ms]
(pass) a settled receipt highlights once; unchanged refresh and returning to the recommendation do not replay it [2272.18ms]
(pass) loading, empty and unavailable recommendations keep a local return; unknown progress is never zero [26.92ms]
(pass) temporary recommendation loss retains the pending attempt and its response without a second dispatch [44.72ms]
(pass) interleaved recommendation requests retain separate results across an identity round trip [55.27ms]
(pass) lost goal data does not replay a settled receipt or unlock a completed attempt on recovery [1308.83ms]
(pass) background recommendation revisions and recovery preserve focus and text in another control [17.42ms]
(pass) an automatic recommendation close restores focus when its removed control held it [10.02ms]
(pass) callbacks from a replaced owner scope cannot overwrite a new request for the same identity [35.27ms]

ui/src/brief/today/hero-paper/hero-paper.test.tsx:
(pass) source and readiness gates never expose sample decisions as live; preview rejects live writers [0.76ms]
(pass) ten re-hover cycles in all eight shell/chat/theme combinations leave the summary and identity unchanged [567.15ms]
(pass) direct hover controls dispatch the exact source revision once, without pinning or navigating [23.35ms]
(pass) Review is a visible keyboard/touch path; close restores focus and permits a fresh hover [51.25ms]
(pass) Escape from a first-use paper action returns focus without opening Review first [25.30ms]
(pass) wheel over the closed companion scrolls Today, but not while chat is open [27.18ms]
(pass) companion wheel preserves zoom, nested scrolling and boundary behavior [27.92ms]
(pass) queue insertion retains the front paper; a new identity starts at rest with its own document [49.42ms]
(pass) stale, pending and unresolved effects never gain actionable approval or imply success [32.10ms]
(pass) loading, empty and unavailable are distinct, without fictional completed work [30.72ms]
(pass) long review retains all content and the same open document across Pebble and theme changes [34.27ms]
(pass) leaving Today clears its companion reservation without replacing the conversation [18.59ms]

ui/src/brief/components/controls/controls.test.tsx:
(pass) pending actions retain focus, suppress repeat activation and prevent submit [4.54ms]
(pass) native disabled and aria-disabled buttons cannot activate [1.29ms]
(pass) alternate action labels reserve space but remain hidden from assistive technology [1.12ms]
(pass) fields retain the input node and value through validation and success [3.11ms]
(pass) native select and textarea remain labeled and retain supplied semantics [2.95ms]
(pass) switch reports the opposite value once; disabled position and meaning stay intact [1.69ms]
(pass) segment groups use independent native radio names and controlled selection [2.37ms]
(pass) tab arrows skip disabled entries without activating; switching preserves panel state [3.22ms]
(pass) menu uses a portal with inherited theme; keyboard skips disabled and restores trigger [4.72ms]
(pass) menu opens at last item with ArrowUp; Escape dismisses without action [2.90ms]
(pass) menu dismisses on outside pointer and focus without stealing focus [4.29ms]
(pass) an open menu follows a local appearance change [2.22ms]
(pass) tooltip is immediate on focus, has a description, and Escape retains focus [1.63ms]
(pass) Escape dismisses the hint before its containing panel, then reaches the panel on a second press [1.63ms]
(pass) unmount removes a menu and its portaled content [2.09ms]
(pass) pointer departure does not dismiss a keyboard-focused tooltip [108.10ms]

2 tests skipped:
(skip) actual F07 service/routes create one populated disabled draft after a lost POST
(skip) actual F08 discovery and pinned request recover one populated draft, no credentials or execution

 469 pass
 2 skip
 0 fail
 4643 expect() calls
Ran 471 tests across 32 files. [44.25s]
