[pre-commit] Checking for Activepieces EE-licensed code...
[check-no-ee-imports] OK -- no Activepieces EE-licensed code found.
[pre-commit] Checking migrations are expand/contract (rollback-safe)...
[check-migrations] OK -- no un-acknowledged contracting DDL.
[pre-commit] Linting webapp templates...

100 templates: 0 errors, 0 warnings
[pre-commit] Checking the published tarball still ships what consumers read...
[check-package-files] note: npm: ran cleanly but produced no parseable file list
[check-package-files] OK -- all 2 required path(s) present in the bun tarball (2336 files).
[pre-commit] Running 2 related test file(s) (180s timeout)...
bun test v1.4.2 (744846f84)

ui/src/brief/opportunities/controller.test.ts:
(pass) a definitive refusal can be retried only after a fresh read, unlike uncertainty [7.46ms]
(pass) selection survives reorder and refresh, uses IDs rather than indexes [2.65ms]
(pass) a new revision replaces list and brief together; missing selection chooses a real remaining row [8.16ms]
(pass) approval acknowledges the same item before settling the next and advances once [23.20ms]
(pass) dismissal has a distinct receipt and leaves no saved/dismissed destination [41.71ms]
(pass) duplicate intent is locked synchronously, including opposite actions [42.03ms]
(pass) pending registration is approval saved, not enabled; refresh retains it for recovery [43.60ms]
(pass) blocked registration and later paused workflow are never a successful enable [20.82ms]
(pass) pending registration and later paused workflow are never a successful enable [21.66ms]
(pass) lost response keeps the original identity locked; recovery is read-only [27.40ms]
(pass) null recovery leaves unknown locked and does not resend [1.86ms]
(pass) older and mismatched recovery receipts cannot replace an acknowledged result [20.86ms]
(pass) a decision response cannot steal a newer user selection [41.02ms]
(pass) out-of-order refresh and retired owners ignore late responses [2.23ms]
(pass) stale remains a distinct read state with no actions [1.43ms]
(pass) unavailable remains a distinct read state with no actions [1.76ms]
(pass) unsupported remains a distinct read state with no actions [2.54ms]
(pass) loading remains a distinct read state with no actions [2.31ms]
(pass) empty remains a distinct read state with no actions [1.27ms]
(pass) read failure preserves visible data as stale, and access revocation prevents dispatch [1.70ms]
(pass) read-only capability permits browsing but no decisions [1.42ms]
(pass) revoking access during refresh cannot strand the restored room in refreshing [2.83ms]
(pass) legacy draft-ready, blocked binding and canApprove=false never become ready [0.11ms]
(pass) receipt guard rejects mismatched proposalId [0.06ms]
(pass) receipt guard rejects mismatched revision
(pass) receipt guard rejects mismatched decision
(pass) receipt guard rejects mismatched workflow
(pass) receipt guard rejects mismatched receiptId

ui/src/brief/opportunities/OpportunitiesRoom.test.tsx:
(pass) wrong source, wrong scope and missing live capability fail closed without reads [71.64ms]
(pass) list and detail retain exact selected identity through shell changes and refresh [141.03ms]
(pass) a routed proposal selects its real identity once available [27.95ms]
(pass) finished output stays qualified and legacy chrome remains absent [27.39ms]
(pass) approval resolves locally, does not navigate, and advances focus to the next choice [1009.76ms]
(pass) late acknowledgement does not steal focus from the composer [1032.05ms]
(pass) registration pending keeps the proposal visible and distinguishes saved from enabled [56.11ms]
(pass) registration blocked keeps the proposal visible and distinguishes saved from enabled [56.30ms]
(pass) unknown acknowledgement shows recovery and cannot duplicate the approval [91.03ms]
(pass) preparing cannot visually or behaviorally promote a proposal to ready [24.53ms]
(pass) blocked cannot visually or behaviorally promote a proposal to ready [24.43ms]
(pass) stale cannot visually or behaviorally promote a proposal to ready [24.32ms]
(pass) missing preview has an explicit unavailable state, no invented output [24.02ms]
(pass) definitive refusal explains refresh without pretending the result is pending [69.21ms]
(pass) room unmount/remount preserves pending decisions and selection in the owner [76.58ms]
(pass) activation capability changes immediately update rendered controls [73.15ms]

 44 pass
 0 fail
 135 expect() calls
Ran 44 tests across 2 files. [3.44s]
[pre-commit] Type checking...
[pre-commit] All checks passed.
